/home/zzy/.local/lib/python3.10/site-packages/setuptools/_distutils/dist.py:260: UserWarning: Unknown distribution option: 'tests_require'
  warnings.warn(msg)
running egg_info
writing ../../build/gravity_compensation/gravity_compensation.egg-info/PKG-INFO
writing dependency_links to ../../build/gravity_compensation/gravity_compensation.egg-info/dependency_links.txt
writing entry points to ../../build/gravity_compensation/gravity_compensation.egg-info/entry_points.txt
writing requirements to ../../build/gravity_compensation/gravity_compensation.egg-info/requires.txt
writing top-level names to ../../build/gravity_compensation/gravity_compensation.egg-info/top_level.txt
reading manifest file '../../build/gravity_compensation/gravity_compensation.egg-info/SOURCES.txt'
writing manifest file '../../build/gravity_compensation/gravity_compensation.egg-info/SOURCES.txt'
running build
running build_py
copying gravity_compensation/ft_calib.py -> /home/zzy/ur_real/build/gravity_compensation/build/lib/gravity_compensation
copying gravity_compensation/__init__.py -> /home/zzy/ur_real/build/gravity_compensation/build/lib/gravity_compensation
running install
running install_lib
running install_data
copying resource/gravity_compensation -> /home/zzy/ur_real/install/gravity_compensation/share/ament_index/resource_index/packages
copying package.xml -> /home/zzy/ur_real/install/gravity_compensation/share/gravity_compensation
running install_egg_info
removing '/home/zzy/ur_real/install/gravity_compensation/lib/python3.10/site-packages/gravity_compensation-0.0.0-py3.10.egg-info' (and everything under it)
Copying ../../build/gravity_compensation/gravity_compensation.egg-info to /home/zzy/ur_real/install/gravity_compensation/lib/python3.10/site-packages/gravity_compensation-0.0.0-py3.10.egg-info
running install_scripts
Installing ft_calib script to /home/zzy/ur_real/install/gravity_compensation/lib/gravity_compensation
writing list of installed files to '/home/zzy/ur_real/build/gravity_compensation/install.log'
