/home/zzy/.local/lib/python3.10/site-packages/setuptools/_distutils/dist.py:260: UserWarning: Unknown distribution option: 'tests_require'
  warnings.warn(msg)
running develop
/home/zzy/.local/lib/python3.10/site-packages/setuptools/command/develop.py:41: EasyInstallDeprecationWarning: easy_install command is deprecated.
!!

        ********************************************************************************
        Please avoid running ``setup.py`` and ``easy_install``.
        Instead, use pypa/build, pypa/installer or other
        standards-based tools.

        See https://github.com/pypa/setuptools/issues/917 for details.
        ********************************************************************************

!!
  easy_install.initialize_options(self)
running egg_info
writing gravity_compensation.egg-info/PKG-INFO
writing dependency_links to gravity_compensation.egg-info/dependency_links.txt
writing entry points to gravity_compensation.egg-info/entry_points.txt
writing requirements to gravity_compensation.egg-info/requires.txt
writing top-level names to gravity_compensation.egg-info/top_level.txt
reading manifest file 'gravity_compensation.egg-info/SOURCES.txt'
writing manifest file 'gravity_compensation.egg-info/SOURCES.txt'
running build_ext
Creating /home/zzy/ur_real/install/gravity_compensation/lib/python3.10/site-packages/gravity-compensation.egg-link (link to .)
Installing ft_calib script to /home/zzy/ur_real/install/gravity_compensation/lib/gravity_compensation
Installing pos_calib script to /home/zzy/ur_real/install/gravity_compensation/lib/gravity_compensation
Installing testpy script to /home/zzy/ur_real/install/gravity_compensation/lib/gravity_compensation

Installed /home/zzy/ur_real/build/gravity_compensation
running symlink_data
