[1.087s] Invoking command in '/home/zzy/ur_real/build/camera': PYTHONPATH=/home/zzy/ur_real/build/camera/prefix_override:/home/zzy/.local/lib/python3.10/site-packages/colcon_core/task/python/colcon_distutils_commands:/home/zzy/ur_real/install/camera/lib/python3.10/site-packages:${PYTHONPATH} /usr/bin/python3 -W ignore:setup.py install is deprecated setup.py develop --editable --build-directory /home/zzy/ur_real/build/camera/build --no-deps symlink_data
[1.191s] /home/zzy/.local/lib/python3.10/site-packages/setuptools/_distutils/dist.py:260: UserWarning: Unknown distribution option: 'tests_require'
[1.191s]   warnings.warn(msg)
[1.296s] running develop
[1.297s] /home/zzy/.local/lib/python3.10/site-packages/setuptools/command/develop.py:41: EasyInstallDeprecationWarning: easy_install command is deprecated.
[1.297s] !!
[1.297s] 
[1.297s]         ********************************************************************************
[1.297s]         Please avoid running ``setup.py`` and ``easy_install``.
[1.297s]         Instead, use pypa/build, pypa/installer or other
[1.297s]         standards-based tools.
[1.297s] 
[1.297s]         See https://github.com/pypa/setuptools/issues/917 for details.
[1.297s]         ********************************************************************************
[1.297s] 
[1.297s] !!
[1.297s]   easy_install.initialize_options(self)
[1.431s] running egg_info
[1.441s] writing camera.egg-info/PKG-INFO
[1.441s] writing dependency_links to camera.egg-info/dependency_links.txt
[1.441s] writing entry points to camera.egg-info/entry_points.txt
[1.441s] writing requirements to camera.egg-info/requires.txt
[1.441s] writing top-level names to camera.egg-info/top_level.txt
[1.460s] reading manifest file 'camera.egg-info/SOURCES.txt'
[1.461s] writing manifest file 'camera.egg-info/SOURCES.txt'
[1.471s] running build_ext
[1.471s] Creating /home/zzy/ur_real/install/camera/lib/python3.10/site-packages/camera.egg-link (link to .)
[1.471s] Installing realsense_ArUco_reader script to /home/zzy/ur_real/install/camera/lib/camera
[1.471s] Installing realsense_calibrate script to /home/zzy/ur_real/install/camera/lib/camera
[1.471s] 
[1.472s] Installed /home/zzy/ur_real/build/camera
[1.472s] running symlink_data
[1.505s] Invoked command in '/home/zzy/ur_real/build/camera' returned '0': PYTHONPATH=/home/zzy/ur_real/build/camera/prefix_override:/home/zzy/.local/lib/python3.10/site-packages/colcon_core/task/python/colcon_distutils_commands:/home/zzy/ur_real/install/camera/lib/python3.10/site-packages:${PYTHONPATH} /usr/bin/python3 -W ignore:setup.py install is deprecated setup.py develop --editable --build-directory /home/zzy/ur_real/build/camera/build --no-deps symlink_data
