/home/zzy/.local/lib/python3.10/site-packages/setuptools/_distutils/dist.py:260: UserWarning: Unknown distribution option: 'tests_require'
  warnings.warn(msg)
running develop
/home/zzy/.local/lib/python3.10/site-packages/setuptools/command/develop.py:41: EasyInstallDeprecationWarning: easy_install command is deprecated.
!!

        ********************************************************************************
        Please avoid running ``setup.py`` and ``easy_install``.
        Instead, use pypa/build, pypa/installer or other
        standards-based tools.

        See https://github.com/pypa/setuptools/issues/917 for details.
        ********************************************************************************

!!
  easy_install.initialize_options(self)
running egg_info
creating easy_handeye2.egg-info
writing easy_handeye2.egg-info/PKG-INFO
writing dependency_links to easy_handeye2.egg-info/dependency_links.txt
writing entry points to easy_handeye2.egg-info/entry_points.txt
writing requirements to easy_handeye2.egg-info/requires.txt
writing top-level names to easy_handeye2.egg-info/top_level.txt
writing manifest file 'easy_handeye2.egg-info/SOURCES.txt'
reading manifest file 'easy_handeye2.egg-info/SOURCES.txt'
writing manifest file 'easy_handeye2.egg-info/SOURCES.txt'
running build_ext
Creating /home/zzy/ur_real/install/easy_handeye2/lib/python3.10/site-packages/easy-handeye2.egg-link (link to .)
Installing handeye_calibration_commander script to /home/zzy/ur_real/install/easy_handeye2/lib/easy_handeye2
Installing handeye_publisher script to /home/zzy/ur_real/install/easy_handeye2/lib/easy_handeye2
Installing handeye_server script to /home/zzy/ur_real/install/easy_handeye2/lib/easy_handeye2
Installing handeye_server_robot script to /home/zzy/ur_real/install/easy_handeye2/lib/easy_handeye2
Installing rqt_calibrator.py script to /home/zzy/ur_real/install/easy_handeye2/lib/easy_handeye2
Installing rqt_evaluator.py script to /home/zzy/ur_real/install/easy_handeye2/lib/easy_handeye2

Installed /home/zzy/ur_real/build/easy_handeye2
running symlink_data
creating /home/zzy/ur_real/install/easy_handeye2/share/ament_index
creating /home/zzy/ur_real/install/easy_handeye2/share/ament_index/resource_index
creating /home/zzy/ur_real/install/easy_handeye2/share/ament_index/resource_index/packages
symbolically linking /home/zzy/ur_real/build/easy_handeye2/resource/easy_handeye2 -> /home/zzy/ur_real/install/easy_handeye2/share/ament_index/resource_index/packages
creating /home/zzy/ur_real/install/easy_handeye2/share/easy_handeye2/resource
symbolically linking /home/zzy/ur_real/build/easy_handeye2/resource/rqt_handeye.ui -> /home/zzy/ur_real/install/easy_handeye2/share/easy_handeye2/resource
symbolically linking /home/zzy/ur_real/build/easy_handeye2/resource/rqt_handeye_info.ui -> /home/zzy/ur_real/install/easy_handeye2/share/easy_handeye2/resource
symbolically linking /home/zzy/ur_real/build/easy_handeye2/resource/rqt_handeye_evaluator.ui -> /home/zzy/ur_real/install/easy_handeye2/share/easy_handeye2/resource
symbolically linking /home/zzy/ur_real/build/easy_handeye2/package.xml -> /home/zzy/ur_real/install/easy_handeye2/share/easy_handeye2
symbolically linking /home/zzy/ur_real/build/easy_handeye2/plugin_evaluator.xml -> /home/zzy/ur_real/install/easy_handeye2/share/easy_handeye2
symbolically linking /home/zzy/ur_real/build/easy_handeye2/plugin_calibrator.xml -> /home/zzy/ur_real/install/easy_handeye2/share/easy_handeye2
creating /home/zzy/ur_real/install/easy_handeye2/share/easy_handeye2/launch
symbolically linking /home/zzy/ur_real/build/easy_handeye2/launch/evaluate.launch.py -> /home/zzy/ur_real/install/easy_handeye2/share/easy_handeye2/launch
symbolically linking /home/zzy/ur_real/build/easy_handeye2/launch/calibrate.launch.py -> /home/zzy/ur_real/install/easy_handeye2/share/easy_handeye2/launch
symbolically linking /home/zzy/ur_real/build/easy_handeye2/launch/publish.launch.py -> /home/zzy/ur_real/install/easy_handeye2/share/easy_handeye2/launch
