-- The C compiler identification is GNU 11.4.0
-- The CXX compiler identification is GNU 11.4.0
-- Detecting C compiler ABI info
-- Detecting C compiler ABI info - done
-- Check for working C compiler: /usr/bin/cc - skipped
-- Detecting C compile features
-- Detecting C compile features - done
-- Detecting CXX compiler ABI info
-- Detecting CXX compiler ABI info - done
-- Check for working CXX compiler: /usr/bin/c++ - skipped
-- Detecting CXX compile features
-- Detecting CXX compile features - done
-- Found ament_cmake: 1.3.9 (/opt/ros/humble/share/ament_cmake/cmake)
-- Found Python3: /home/zzy/.pyenv/shims/python3 (found version "3.10.12") found components: Interpreter 
-- Override CMake install command with custom implementation using symlinks instead of copying resources
-- Configuring done
-- Generating done
-- Build files have been written to: /home/zzy/ur_real/build/pymoveit2
Built target ament_cmake_python_symlink_pymoveit2
running egg_info
creating pymoveit2.egg-info
writing pymoveit2.egg-info/PKG-INFO
writing dependency_links to pymoveit2.egg-info/dependency_links.txt
writing top-level names to pymoveit2.egg-info/top_level.txt
writing manifest file 'pymoveit2.egg-info/SOURCES.txt'
reading manifest file 'pymoveit2.egg-info/SOURCES.txt'
writing manifest file 'pymoveit2.egg-info/SOURCES.txt'
Built target ament_cmake_python_build_pymoveit2_egg
-- Install configuration: ""
-- Execute custom install script
-- Symlinking: /home/zzy/ur_real/install/pymoveit2/share/pymoveit2/environment/pythonpath.sh
-- Symlinking: /home/zzy/ur_real/install/pymoveit2/share/pymoveit2/environment/pythonpath.dsv
-- Symlinking: /home/zzy/ur_real/install/pymoveit2/local/lib/python3.10/dist-packages/pymoveit2-4.0.0-py3.10.egg-info/PKG-INFO
-- Symlinking: /home/zzy/ur_real/install/pymoveit2/local/lib/python3.10/dist-packages/pymoveit2-4.0.0-py3.10.egg-info/SOURCES.txt
-- Symlinking: /home/zzy/ur_real/install/pymoveit2/local/lib/python3.10/dist-packages/pymoveit2-4.0.0-py3.10.egg-info/dependency_links.txt
-- Symlinking: /home/zzy/ur_real/install/pymoveit2/local/lib/python3.10/dist-packages/pymoveit2-4.0.0-py3.10.egg-info/top_level.txt
-- Symlinking: /home/zzy/ur_real/install/pymoveit2/local/lib/python3.10/dist-packages/pymoveit2/__init__.py
-- Symlinking: /home/zzy/ur_real/install/pymoveit2/local/lib/python3.10/dist-packages/pymoveit2/gripper_command.py
-- Symlinking: /home/zzy/ur_real/install/pymoveit2/local/lib/python3.10/dist-packages/pymoveit2/gripper_interface.py
-- Symlinking: /home/zzy/ur_real/install/pymoveit2/local/lib/python3.10/dist-packages/pymoveit2/moveit2.py
-- Symlinking: /home/zzy/ur_real/install/pymoveit2/local/lib/python3.10/dist-packages/pymoveit2/moveit2_gripper.py
-- Symlinking: /home/zzy/ur_real/install/pymoveit2/local/lib/python3.10/dist-packages/pymoveit2/moveit2_servo.py
-- Symlinking: /home/zzy/ur_real/install/pymoveit2/local/lib/python3.10/dist-packages/pymoveit2/robots/__init__.py
-- Symlinking: /home/zzy/ur_real/install/pymoveit2/local/lib/python3.10/dist-packages/pymoveit2/robots/crane_x7.py
-- Symlinking: /home/zzy/ur_real/install/pymoveit2/local/lib/python3.10/dist-packages/pymoveit2/robots/kinova.py
-- Symlinking: /home/zzy/ur_real/install/pymoveit2/local/lib/python3.10/dist-packages/pymoveit2/robots/lbr.py
-- Symlinking: /home/zzy/ur_real/install/pymoveit2/local/lib/python3.10/dist-packages/pymoveit2/robots/panda.py
-- Symlinking: /home/zzy/ur_real/install/pymoveit2/local/lib/python3.10/dist-packages/pymoveit2/robots/phantomx_pincher.py
-- Symlinking: /home/zzy/ur_real/install/pymoveit2/lib/pymoveit2/ex_allow_collisions.py
-- Symlinking: /home/zzy/ur_real/install/pymoveit2/lib/pymoveit2/ex_clear_planning_scene.py
-- Symlinking: /home/zzy/ur_real/install/pymoveit2/lib/pymoveit2/ex_collision_mesh.py
-- Symlinking: /home/zzy/ur_real/install/pymoveit2/lib/pymoveit2/ex_collision_primitive.py
-- Symlinking: /home/zzy/ur_real/install/pymoveit2/lib/pymoveit2/ex_fk.py
-- Symlinking: /home/zzy/ur_real/install/pymoveit2/lib/pymoveit2/ex_gripper.py
-- Symlinking: /home/zzy/ur_real/install/pymoveit2/lib/pymoveit2/ex_ik.py
-- Symlinking: /home/zzy/ur_real/install/pymoveit2/lib/pymoveit2/ex_joint_goal.py
-- Symlinking: /home/zzy/ur_real/install/pymoveit2/lib/pymoveit2/ex_orientation_path_constraint.py
-- Symlinking: /home/zzy/ur_real/install/pymoveit2/lib/pymoveit2/ex_pose_goal.py
-- Symlinking: /home/zzy/ur_real/install/pymoveit2/lib/pymoveit2/ex_servo.py
-- Symlinking: /home/zzy/ur_real/install/pymoveit2/share/ament_index/resource_index/package_run_dependencies/pymoveit2
-- Symlinking: /home/zzy/ur_real/install/pymoveit2/share/ament_index/resource_index/parent_prefix_path/pymoveit2
-- Symlinking: /home/zzy/ur_real/install/pymoveit2/share/pymoveit2/environment/ament_prefix_path.sh
-- Symlinking: /home/zzy/ur_real/install/pymoveit2/share/pymoveit2/environment/ament_prefix_path.dsv
-- Symlinking: /home/zzy/ur_real/install/pymoveit2/share/pymoveit2/environment/path.sh
-- Symlinking: /home/zzy/ur_real/install/pymoveit2/share/pymoveit2/environment/path.dsv
-- Symlinking: /home/zzy/ur_real/install/pymoveit2/share/pymoveit2/local_setup.bash
-- Symlinking: /home/zzy/ur_real/install/pymoveit2/share/pymoveit2/local_setup.sh
-- Symlinking: /home/zzy/ur_real/install/pymoveit2/share/pymoveit2/local_setup.zsh
-- Symlinking: /home/zzy/ur_real/install/pymoveit2/share/pymoveit2/local_setup.dsv
-- Symlinking: /home/zzy/ur_real/install/pymoveit2/share/pymoveit2/package.dsv
-- Symlinking: /home/zzy/ur_real/install/pymoveit2/share/ament_index/resource_index/packages/pymoveit2
-- Symlinking: /home/zzy/ur_real/install/pymoveit2/share/pymoveit2/cmake/pymoveit2Config.cmake
-- Symlinking: /home/zzy/ur_real/install/pymoveit2/share/pymoveit2/cmake/pymoveit2Config-version.cmake
-- Symlinking: /home/zzy/ur_real/install/pymoveit2/share/pymoveit2/package.xml
Listing '/home/zzy/ur_real/install/pymoveit2/local/lib/python3.10/dist-packages/pymoveit2'...
Compiling '/home/zzy/ur_real/install/pymoveit2/local/lib/python3.10/dist-packages/pymoveit2/__init__.py'...
Compiling '/home/zzy/ur_real/install/pymoveit2/local/lib/python3.10/dist-packages/pymoveit2/gripper_command.py'...
Compiling '/home/zzy/ur_real/install/pymoveit2/local/lib/python3.10/dist-packages/pymoveit2/gripper_interface.py'...
Compiling '/home/zzy/ur_real/install/pymoveit2/local/lib/python3.10/dist-packages/pymoveit2/moveit2.py'...
Compiling '/home/zzy/ur_real/install/pymoveit2/local/lib/python3.10/dist-packages/pymoveit2/moveit2_gripper.py'...
Compiling '/home/zzy/ur_real/install/pymoveit2/local/lib/python3.10/dist-packages/pymoveit2/moveit2_servo.py'...
Listing '/home/zzy/ur_real/install/pymoveit2/local/lib/python3.10/dist-packages/pymoveit2/robots'...
Compiling '/home/zzy/ur_real/install/pymoveit2/local/lib/python3.10/dist-packages/pymoveit2/robots/__init__.py'...
Compiling '/home/zzy/ur_real/install/pymoveit2/local/lib/python3.10/dist-packages/pymoveit2/robots/crane_x7.py'...
Compiling '/home/zzy/ur_real/install/pymoveit2/local/lib/python3.10/dist-packages/pymoveit2/robots/kinova.py'...
Compiling '/home/zzy/ur_real/install/pymoveit2/local/lib/python3.10/dist-packages/pymoveit2/robots/lbr.py'...
Compiling '/home/zzy/ur_real/install/pymoveit2/local/lib/python3.10/dist-packages/pymoveit2/robots/panda.py'...
Compiling '/home/zzy/ur_real/install/pymoveit2/local/lib/python3.10/dist-packages/pymoveit2/robots/phantomx_pincher.py'...
