[0.595s] Invoking command in '/home/zzy/ur_real/build/pymoveit2': CMAKE_PREFIX_PATH=${CMAKE_PREFIX_PATH}:/home/zzy/ur_real/install/ur10_vel:/home/zzy/ur_real/install/gravity_compensation:/home/zzy/ur_real/install/ferrobotics_acf:/home/zzy/ur_real/install/camera:/home/zzy/ur_real/install/ati_sensor:/opt/ros/humble /usr/bin/cmake /home/zzy/ur_real/src/pymoveit2 -DAMENT_CMAKE_SYMLINK_INSTALL=1 -DCMAKE_INSTALL_PREFIX=/home/zzy/ur_real/install/pymoveit2
[0.746s] -- The C compiler identification is GNU 11.4.0
[0.746s] -- The CXX compiler identification is GNU 11.4.0
[0.747s] -- Detecting C compiler ABI info
[0.747s] -- Detecting C compiler ABI info - done
[0.751s] -- Check for working C compiler: /usr/bin/cc - skipped
[0.751s] -- Detecting C compile features
[0.752s] -- Detecting C compile features - done
[0.754s] -- Detecting CXX compiler ABI info
[0.812s] -- Detecting CXX compiler ABI info - done
[0.818s] -- Check for working CXX compiler: /usr/bin/c++ - skipped
[0.818s] -- Detecting CXX compile features
[0.819s] -- Detecting CXX compile features - done
[0.822s] -- Found ament_cmake: 1.3.9 (/opt/ros/humble/share/ament_cmake/cmake)
[1.267s] -- Found Python3: /home/zzy/.pyenv/shims/python3 (found version "3.10.12") found components: Interpreter 
[1.351s] -- Override CMake install command with custom implementation using symlinks instead of copying resources
[1.577s] -- Configuring done
[1.578s] -- Generating done
[1.579s] -- Build files have been written to: /home/zzy/ur_real/build/pymoveit2
[1.586s] Invoked command in '/home/zzy/ur_real/build/pymoveit2' returned '0': CMAKE_PREFIX_PATH=${CMAKE_PREFIX_PATH}:/home/zzy/ur_real/install/ur10_vel:/home/zzy/ur_real/install/gravity_compensation:/home/zzy/ur_real/install/ferrobotics_acf:/home/zzy/ur_real/install/camera:/home/zzy/ur_real/install/ati_sensor:/opt/ros/humble /usr/bin/cmake /home/zzy/ur_real/src/pymoveit2 -DAMENT_CMAKE_SYMLINK_INSTALL=1 -DCMAKE_INSTALL_PREFIX=/home/zzy/ur_real/install/pymoveit2
[1.587s] Invoking command in '/home/zzy/ur_real/build/pymoveit2': CMAKE_PREFIX_PATH=${CMAKE_PREFIX_PATH}:/home/zzy/ur_real/install/ur10_vel:/home/zzy/ur_real/install/gravity_compensation:/home/zzy/ur_real/install/ferrobotics_acf:/home/zzy/ur_real/install/camera:/home/zzy/ur_real/install/ati_sensor:/opt/ros/humble /usr/bin/cmake --build /home/zzy/ur_real/build/pymoveit2 -- -j24 -l24
[1.642s] Built target ament_cmake_python_symlink_pymoveit2
[1.859s] running egg_info
[1.859s] creating pymoveit2.egg-info
[1.868s] writing pymoveit2.egg-info/PKG-INFO
[1.868s] writing dependency_links to pymoveit2.egg-info/dependency_links.txt
[1.869s] writing top-level names to pymoveit2.egg-info/top_level.txt
[1.869s] writing manifest file 'pymoveit2.egg-info/SOURCES.txt'
[1.897s] reading manifest file 'pymoveit2.egg-info/SOURCES.txt'
[1.898s] writing manifest file 'pymoveit2.egg-info/SOURCES.txt'
[1.916s] Built target ament_cmake_python_build_pymoveit2_egg
[1.923s] Invoked command in '/home/zzy/ur_real/build/pymoveit2' returned '0': CMAKE_PREFIX_PATH=${CMAKE_PREFIX_PATH}:/home/zzy/ur_real/install/ur10_vel:/home/zzy/ur_real/install/gravity_compensation:/home/zzy/ur_real/install/ferrobotics_acf:/home/zzy/ur_real/install/camera:/home/zzy/ur_real/install/ati_sensor:/opt/ros/humble /usr/bin/cmake --build /home/zzy/ur_real/build/pymoveit2 -- -j24 -l24
[1.940s] Invoking command in '/home/zzy/ur_real/build/pymoveit2': CMAKE_PREFIX_PATH=${CMAKE_PREFIX_PATH}:/home/zzy/ur_real/install/ur10_vel:/home/zzy/ur_real/install/gravity_compensation:/home/zzy/ur_real/install/ferrobotics_acf:/home/zzy/ur_real/install/camera:/home/zzy/ur_real/install/ati_sensor:/opt/ros/humble /usr/bin/cmake --install /home/zzy/ur_real/build/pymoveit2
[1.946s] -- Install configuration: ""
[1.947s] -- Execute custom install script
[1.947s] -- Symlinking: /home/zzy/ur_real/install/pymoveit2/share/pymoveit2/environment/pythonpath.sh
[1.955s] -- Symlinking: /home/zzy/ur_real/install/pymoveit2/share/pymoveit2/environment/pythonpath.dsv
[1.963s] -- Symlinking: /home/zzy/ur_real/install/pymoveit2/local/lib/python3.10/dist-packages/pymoveit2-4.0.0-py3.10.egg-info/PKG-INFO
[1.972s] -- Symlinking: /home/zzy/ur_real/install/pymoveit2/local/lib/python3.10/dist-packages/pymoveit2-4.0.0-py3.10.egg-info/SOURCES.txt
[1.979s] -- Symlinking: /home/zzy/ur_real/install/pymoveit2/local/lib/python3.10/dist-packages/pymoveit2-4.0.0-py3.10.egg-info/dependency_links.txt
[1.987s] -- Symlinking: /home/zzy/ur_real/install/pymoveit2/local/lib/python3.10/dist-packages/pymoveit2-4.0.0-py3.10.egg-info/top_level.txt
[1.993s] -- Symlinking: /home/zzy/ur_real/install/pymoveit2/local/lib/python3.10/dist-packages/pymoveit2/__init__.py
[2.001s] -- Symlinking: /home/zzy/ur_real/install/pymoveit2/local/lib/python3.10/dist-packages/pymoveit2/gripper_command.py
[2.014s] -- Symlinking: /home/zzy/ur_real/install/pymoveit2/local/lib/python3.10/dist-packages/pymoveit2/gripper_interface.py
[2.028s] -- Symlinking: /home/zzy/ur_real/install/pymoveit2/local/lib/python3.10/dist-packages/pymoveit2/moveit2.py
[2.042s] -- Symlinking: /home/zzy/ur_real/install/pymoveit2/local/lib/python3.10/dist-packages/pymoveit2/moveit2_gripper.py
[2.053s] -- Symlinking: /home/zzy/ur_real/install/pymoveit2/local/lib/python3.10/dist-packages/pymoveit2/moveit2_servo.py
[2.068s] -- Symlinking: /home/zzy/ur_real/install/pymoveit2/local/lib/python3.10/dist-packages/pymoveit2/robots/__init__.py
[2.081s] -- Symlinking: /home/zzy/ur_real/install/pymoveit2/local/lib/python3.10/dist-packages/pymoveit2/robots/crane_x7.py
[2.095s] -- Symlinking: /home/zzy/ur_real/install/pymoveit2/local/lib/python3.10/dist-packages/pymoveit2/robots/kinova.py
[2.107s] -- Symlinking: /home/zzy/ur_real/install/pymoveit2/local/lib/python3.10/dist-packages/pymoveit2/robots/lbr.py
[2.119s] -- Symlinking: /home/zzy/ur_real/install/pymoveit2/local/lib/python3.10/dist-packages/pymoveit2/robots/panda.py
[2.130s] -- Symlinking: /home/zzy/ur_real/install/pymoveit2/local/lib/python3.10/dist-packages/pymoveit2/robots/phantomx_pincher.py
[2.137s] -- Symlinking: /home/zzy/ur_real/install/pymoveit2/lib/pymoveit2/ex_allow_collisions.py
[2.143s] -- Symlinking: /home/zzy/ur_real/install/pymoveit2/lib/pymoveit2/ex_clear_planning_scene.py
[2.149s] -- Symlinking: /home/zzy/ur_real/install/pymoveit2/lib/pymoveit2/ex_collision_mesh.py
[2.155s] -- Symlinking: /home/zzy/ur_real/install/pymoveit2/lib/pymoveit2/ex_collision_primitive.py
[2.161s] -- Symlinking: /home/zzy/ur_real/install/pymoveit2/lib/pymoveit2/ex_fk.py
[2.167s] -- Symlinking: /home/zzy/ur_real/install/pymoveit2/lib/pymoveit2/ex_gripper.py
[2.173s] -- Symlinking: /home/zzy/ur_real/install/pymoveit2/lib/pymoveit2/ex_ik.py
[2.178s] -- Symlinking: /home/zzy/ur_real/install/pymoveit2/lib/pymoveit2/ex_joint_goal.py
[2.185s] -- Symlinking: /home/zzy/ur_real/install/pymoveit2/lib/pymoveit2/ex_orientation_path_constraint.py
[2.191s] -- Symlinking: /home/zzy/ur_real/install/pymoveit2/lib/pymoveit2/ex_pose_goal.py
[2.196s] -- Symlinking: /home/zzy/ur_real/install/pymoveit2/lib/pymoveit2/ex_servo.py
[2.202s] -- Symlinking: /home/zzy/ur_real/install/pymoveit2/share/ament_index/resource_index/package_run_dependencies/pymoveit2
[2.208s] -- Symlinking: /home/zzy/ur_real/install/pymoveit2/share/ament_index/resource_index/parent_prefix_path/pymoveit2
[2.214s] -- Symlinking: /home/zzy/ur_real/install/pymoveit2/share/pymoveit2/environment/ament_prefix_path.sh
[2.222s] -- Symlinking: /home/zzy/ur_real/install/pymoveit2/share/pymoveit2/environment/ament_prefix_path.dsv
[2.228s] -- Symlinking: /home/zzy/ur_real/install/pymoveit2/share/pymoveit2/environment/path.sh
[2.234s] -- Symlinking: /home/zzy/ur_real/install/pymoveit2/share/pymoveit2/environment/path.dsv
[2.241s] -- Symlinking: /home/zzy/ur_real/install/pymoveit2/share/pymoveit2/local_setup.bash
[2.248s] -- Symlinking: /home/zzy/ur_real/install/pymoveit2/share/pymoveit2/local_setup.sh
[2.258s] -- Symlinking: /home/zzy/ur_real/install/pymoveit2/share/pymoveit2/local_setup.zsh
[2.267s] -- Symlinking: /home/zzy/ur_real/install/pymoveit2/share/pymoveit2/local_setup.dsv
[2.275s] -- Symlinking: /home/zzy/ur_real/install/pymoveit2/share/pymoveit2/package.dsv
[2.281s] -- Symlinking: /home/zzy/ur_real/install/pymoveit2/share/ament_index/resource_index/packages/pymoveit2
[2.287s] -- Symlinking: /home/zzy/ur_real/install/pymoveit2/share/pymoveit2/cmake/pymoveit2Config.cmake
[2.294s] -- Symlinking: /home/zzy/ur_real/install/pymoveit2/share/pymoveit2/cmake/pymoveit2Config-version.cmake
[2.303s] -- Symlinking: /home/zzy/ur_real/install/pymoveit2/share/pymoveit2/package.xml
[2.428s] Listing '/home/zzy/ur_real/install/pymoveit2/local/lib/python3.10/dist-packages/pymoveit2'...
[2.428s] Compiling '/home/zzy/ur_real/install/pymoveit2/local/lib/python3.10/dist-packages/pymoveit2/__init__.py'...
[2.428s] Compiling '/home/zzy/ur_real/install/pymoveit2/local/lib/python3.10/dist-packages/pymoveit2/gripper_command.py'...
[2.428s] Compiling '/home/zzy/ur_real/install/pymoveit2/local/lib/python3.10/dist-packages/pymoveit2/gripper_interface.py'...
[2.428s] Compiling '/home/zzy/ur_real/install/pymoveit2/local/lib/python3.10/dist-packages/pymoveit2/moveit2.py'...
[2.428s] Compiling '/home/zzy/ur_real/install/pymoveit2/local/lib/python3.10/dist-packages/pymoveit2/moveit2_gripper.py'...
[2.428s] Compiling '/home/zzy/ur_real/install/pymoveit2/local/lib/python3.10/dist-packages/pymoveit2/moveit2_servo.py'...
[2.428s] Listing '/home/zzy/ur_real/install/pymoveit2/local/lib/python3.10/dist-packages/pymoveit2/robots'...
[2.429s] Compiling '/home/zzy/ur_real/install/pymoveit2/local/lib/python3.10/dist-packages/pymoveit2/robots/__init__.py'...
[2.429s] Compiling '/home/zzy/ur_real/install/pymoveit2/local/lib/python3.10/dist-packages/pymoveit2/robots/crane_x7.py'...
[2.429s] Compiling '/home/zzy/ur_real/install/pymoveit2/local/lib/python3.10/dist-packages/pymoveit2/robots/kinova.py'...
[2.429s] Compiling '/home/zzy/ur_real/install/pymoveit2/local/lib/python3.10/dist-packages/pymoveit2/robots/lbr.py'...
[2.429s] Compiling '/home/zzy/ur_real/install/pymoveit2/local/lib/python3.10/dist-packages/pymoveit2/robots/panda.py'...
[2.429s] Compiling '/home/zzy/ur_real/install/pymoveit2/local/lib/python3.10/dist-packages/pymoveit2/robots/phantomx_pincher.py'...
[2.433s] Invoked command in '/home/zzy/ur_real/build/pymoveit2' returned '0': CMAKE_PREFIX_PATH=${CMAKE_PREFIX_PATH}:/home/zzy/ur_real/install/ur10_vel:/home/zzy/ur_real/install/gravity_compensation:/home/zzy/ur_real/install/ferrobotics_acf:/home/zzy/ur_real/install/camera:/home/zzy/ur_real/install/ati_sensor:/opt/ros/humble /usr/bin/cmake --install /home/zzy/ur_real/build/pymoveit2
