[1.152s] Invoking command in '/home/zzy/ur_real/build/gravity_compensation': PYTHONPATH=/home/zzy/ur_real/build/gravity_compensation/prefix_override:/home/zzy/.local/lib/python3.10/site-packages/colcon_core/task/python/colcon_distutils_commands:/home/zzy/ur_real/install/gravity_compensation/lib/python3.10/site-packages:${PYTHONPATH} /usr/bin/python3 -W ignore:setup.py install is deprecated setup.py develop --editable --build-directory /home/zzy/ur_real/build/gravity_compensation/build --no-deps symlink_data
[1.263s] /home/zzy/.local/lib/python3.10/site-packages/setuptools/_distutils/dist.py:260: UserWarning: Unknown distribution option: 'tests_require'
[1.263s]   warnings.warn(msg)
[1.373s] running develop
[1.381s] /home/zzy/.local/lib/python3.10/site-packages/setuptools/command/develop.py:41: EasyInstallDeprecationWarning: easy_install command is deprecated.
[1.381s] !!
[1.381s] 
[1.381s]         ********************************************************************************
[1.381s]         Please avoid running ``setup.py`` and ``easy_install``.
[1.381s]         Instead, use pypa/build, pypa/installer or other
[1.381s]         standards-based tools.
[1.381s] 
[1.381s]         See https://github.com/pypa/setuptools/issues/917 for details.
[1.381s]         ********************************************************************************
[1.381s] 
[1.381s] !!
[1.381s]   easy_install.initialize_options(self)
[1.513s] running egg_info
[1.523s] writing gravity_compensation.egg-info/PKG-INFO
[1.523s] writing dependency_links to gravity_compensation.egg-info/dependency_links.txt
[1.523s] writing entry points to gravity_compensation.egg-info/entry_points.txt
[1.523s] writing requirements to gravity_compensation.egg-info/requires.txt
[1.523s] writing top-level names to gravity_compensation.egg-info/top_level.txt
[1.542s] reading manifest file 'gravity_compensation.egg-info/SOURCES.txt'
[1.543s] writing manifest file 'gravity_compensation.egg-info/SOURCES.txt'
[1.553s] running build_ext
[1.553s] Creating /home/zzy/ur_real/install/gravity_compensation/lib/python3.10/site-packages/gravity-compensation.egg-link (link to .)
[1.554s] Installing ft_calib script to /home/zzy/ur_real/install/gravity_compensation/lib/gravity_compensation
[1.554s] Installing test script to /home/zzy/ur_real/install/gravity_compensation/lib/gravity_compensation
[1.555s] 
[1.555s] Installed /home/zzy/ur_real/build/gravity_compensation
[1.555s] running symlink_data
[1.592s] Invoked command in '/home/zzy/ur_real/build/gravity_compensation' returned '0': PYTHONPATH=/home/zzy/ur_real/build/gravity_compensation/prefix_override:/home/zzy/.local/lib/python3.10/site-packages/colcon_core/task/python/colcon_distutils_commands:/home/zzy/ur_real/install/gravity_compensation/lib/python3.10/site-packages:${PYTHONPATH} /usr/bin/python3 -W ignore:setup.py install is deprecated setup.py develop --editable --build-directory /home/zzy/ur_real/build/gravity_compensation/build --no-deps symlink_data
