[  0%] Built target easy_handeye2_msgs__cpp
[  0%] Built target ament_cmake_python_symlink_easy_handeye2_msgs
[ 12%] Built target easy_handeye2_msgs__rosidl_generator_c
[ 24%] Built target easy_handeye2_msgs__rosidl_typesupport_cpp
[ 36%] Built target easy_handeye2_msgs__rosidl_typesupport_introspection_cpp
[ 48%] Built target easy_handeye2_msgs__rosidl_typesupport_fastrtps_cpp
[ 60%] Built target easy_handeye2_msgs__rosidl_typesupport_c
[ 72%] Built target easy_handeye2_msgs__rosidl_typesupport_introspection_c
[ 84%] Built target easy_handeye2_msgs__rosidl_typesupport_fastrtps_c
[ 84%] Built target easy_handeye2_msgs
[ 85%] Built target easy_handeye2_msgs__py
[ 96%] Built target easy_handeye2_msgs__rosidl_generator_py
[ 98%] Built target easy_handeye2_msgs__rosidl_typesupport_introspection_c__pyext
[100%] Built target easy_handeye2_msgs__rosidl_typesupport_fastrtps_c__pyext
[100%] Built target easy_handeye2_msgs__rosidl_typesupport_c__pyext
running egg_info
writing easy_handeye2_msgs.egg-info/PKG-INFO
writing dependency_links to easy_handeye2_msgs.egg-info/dependency_links.txt
writing top-level names to easy_handeye2_msgs.egg-info/top_level.txt
reading manifest file 'easy_handeye2_msgs.egg-info/SOURCES.txt'
writing manifest file 'easy_handeye2_msgs.egg-info/SOURCES.txt'
[100%] Built target ament_cmake_python_build_easy_handeye2_msgs_egg
