[0.041s] Invoking command in '/home/zzy/ur_real/build/easy_handeye2_msgs': CMAKE_PREFIX_PATH=${CMAKE_PREFIX_PATH}:/home/zzy/ur_real/install/ur10_vel:/home/zzy/ur_real/install/gravity_compensation:/home/zzy/ur_real/install/ferrobotics_acf:/home/zzy/ur_real/install/easy_handeye2:/home/zzy/ur_real/install/camera:/home/zzy/ur_real/install/ati_sensor:/opt/ros/humble /usr/bin/cmake --build /home/zzy/ur_real/build/easy_handeye2_msgs -- -j24 -l24
[0.788s] [  0%] Built target easy_handeye2_msgs__cpp
[0.788s] [  0%] Built target ament_cmake_python_symlink_easy_handeye2_msgs
[0.788s] [ 12%] Built target easy_handeye2_msgs__rosidl_generator_c
[0.788s] [ 24%] Built target easy_handeye2_msgs__rosidl_typesupport_cpp
[0.788s] [ 36%] Built target easy_handeye2_msgs__rosidl_typesupport_introspection_cpp
[0.789s] [ 48%] Built target easy_handeye2_msgs__rosidl_typesupport_fastrtps_cpp
[0.789s] [ 60%] Built target easy_handeye2_msgs__rosidl_typesupport_c
[0.789s] [ 72%] Built target easy_handeye2_msgs__rosidl_typesupport_introspection_c
[0.790s] [ 84%] Built target easy_handeye2_msgs__rosidl_typesupport_fastrtps_c
[0.790s] [ 84%] Built target easy_handeye2_msgs
[0.790s] [ 85%] Built target easy_handeye2_msgs__py
[0.790s] [ 96%] Built target easy_handeye2_msgs__rosidl_generator_py
[0.790s] [ 98%] Built target easy_handeye2_msgs__rosidl_typesupport_introspection_c__pyext
[0.790s] [100%] Built target easy_handeye2_msgs__rosidl_typesupport_fastrtps_c__pyext
[0.791s] [100%] Built target easy_handeye2_msgs__rosidl_typesupport_c__pyext
[0.791s] running egg_info
[0.791s] writing easy_handeye2_msgs.egg-info/PKG-INFO
[0.791s] writing dependency_links to easy_handeye2_msgs.egg-info/dependency_links.txt
[0.791s] writing top-level names to easy_handeye2_msgs.egg-info/top_level.txt
[0.791s] reading manifest file 'easy_handeye2_msgs.egg-info/SOURCES.txt'
[0.791s] writing manifest file 'easy_handeye2_msgs.egg-info/SOURCES.txt'
[0.791s] [100%] Built target ament_cmake_python_build_easy_handeye2_msgs_egg
