[0.492s] Invoking command in '/home/zzy/ur_real/build/gravity_compensation': PYTHONPATH=/home/zzy/ur_real/build/gravity_compensation/prefix_override:/home/zzy/.local/lib/python3.10/site-packages/colcon_core/task/python/colcon_distutils_commands:/home/zzy/ur_real/install/gravity_compensation/lib/python3.10/site-packages:${PYTHONPATH} /usr/bin/python3 -W ignore:setup.py install is deprecated setup.py develop --editable --build-directory /home/zzy/ur_real/build/gravity_compensation/build --no-deps symlink_data
[0.596s] /home/zzy/.local/lib/python3.10/site-packages/setuptools/_distutils/dist.py:260: UserWarning: Unknown distribution option: 'tests_require'
[0.596s]   warnings.warn(msg)
[0.702s] running develop
[0.702s] /home/zzy/.local/lib/python3.10/site-packages/setuptools/command/develop.py:41: EasyInstallDeprecationWarning: easy_install command is deprecated.
[0.702s] !!
[0.702s] 
[0.702s]         ********************************************************************************
[0.702s]         Please avoid running ``setup.py`` and ``easy_install``.
[0.702s]         Instead, use pypa/build, pypa/installer or other
[0.702s]         standards-based tools.
[0.702s] 
[0.702s]         See https://github.com/pypa/setuptools/issues/917 for details.
[0.702s]         ********************************************************************************
[0.702s] 
[0.702s] !!
[0.702s]   easy_install.initialize_options(self)
[0.846s] running egg_info
[0.855s] writing gravity_compensation.egg-info/PKG-INFO
[0.855s] writing dependency_links to gravity_compensation.egg-info/dependency_links.txt
[0.855s] writing entry points to gravity_compensation.egg-info/entry_points.txt
[0.856s] writing requirements to gravity_compensation.egg-info/requires.txt
[0.856s] writing top-level names to gravity_compensation.egg-info/top_level.txt
[0.875s] reading manifest file 'gravity_compensation.egg-info/SOURCES.txt'
[0.876s] writing manifest file 'gravity_compensation.egg-info/SOURCES.txt'
[0.886s] running build_ext
[0.886s] Creating /home/zzy/ur_real/install/gravity_compensation/lib/python3.10/site-packages/gravity-compensation.egg-link (link to .)
[0.886s] Installing ft_calib script to /home/zzy/ur_real/install/gravity_compensation/lib/gravity_compensation
[0.887s] 
[0.887s] Installed /home/zzy/ur_real/build/gravity_compensation
[0.887s] running symlink_data
[0.905s] Invoked command in '/home/zzy/ur_real/build/gravity_compensation' returned '0': PYTHONPATH=/home/zzy/ur_real/build/gravity_compensation/prefix_override:/home/zzy/.local/lib/python3.10/site-packages/colcon_core/task/python/colcon_distutils_commands:/home/zzy/ur_real/install/gravity_compensation/lib/python3.10/site-packages:${PYTHONPATH} /usr/bin/python3 -W ignore:setup.py install is deprecated setup.py develop --editable --build-directory /home/zzy/ur_real/build/gravity_compensation/build --no-deps symlink_data
