[1.258s] Invoking command in '/home/zzy/ur_real/build/gravity_compensation': PYTHONPATH=/home/zzy/ur_real/build/gravity_compensation/prefix_override:/home/zzy/.local/lib/python3.10/site-packages/colcon_core/task/python/colcon_distutils_commands:/home/zzy/ur_real/install/gravity_compensation/lib/python3.10/site-packages:${PYTHONPATH} /usr/bin/python3 -W ignore:setup.py install is deprecated setup.py develop --editable --build-directory /home/zzy/ur_real/build/gravity_compensation/build --no-deps symlink_data
[1.364s] /home/zzy/.local/lib/python3.10/site-packages/setuptools/_distutils/dist.py:260: UserWarning: Unknown distribution option: 'tests_require'
[1.364s]   warnings.warn(msg)
[1.481s] running develop
[1.481s] /home/zzy/.local/lib/python3.10/site-packages/setuptools/command/develop.py:41: EasyInstallDeprecationWarning: easy_install command is deprecated.
[1.481s] !!
[1.481s] 
[1.481s]         ********************************************************************************
[1.481s]         Please avoid running ``setup.py`` and ``easy_install``.
[1.481s]         Instead, use pypa/build, pypa/installer or other
[1.481s]         standards-based tools.
[1.481s] 
[1.481s]         See https://github.com/pypa/setuptools/issues/917 for details.
[1.481s]         ********************************************************************************
[1.481s] 
[1.481s] !!
[1.481s]   easy_install.initialize_options(self)
[1.628s] running egg_info
[1.638s] writing gravity_compensation.egg-info/PKG-INFO
[1.638s] writing dependency_links to gravity_compensation.egg-info/dependency_links.txt
[1.639s] writing entry points to gravity_compensation.egg-info/entry_points.txt
[1.639s] writing requirements to gravity_compensation.egg-info/requires.txt
[1.639s] writing top-level names to gravity_compensation.egg-info/top_level.txt
[1.660s] reading manifest file 'gravity_compensation.egg-info/SOURCES.txt'
[1.661s] writing manifest file 'gravity_compensation.egg-info/SOURCES.txt'
[1.673s] running build_ext
[1.673s] Creating /home/zzy/ur_real/install/gravity_compensation/lib/python3.10/site-packages/gravity-compensation.egg-link (link to .)
[1.673s] Installing ft_calib script to /home/zzy/ur_real/install/gravity_compensation/lib/gravity_compensation
[1.674s] Installing pos_calib script to /home/zzy/ur_real/install/gravity_compensation/lib/gravity_compensation
[1.674s] Installing testpy script to /home/zzy/ur_real/install/gravity_compensation/lib/gravity_compensation
[1.674s] 
[1.674s] Installed /home/zzy/ur_real/build/gravity_compensation
[1.674s] running symlink_data
[1.708s] Invoked command in '/home/zzy/ur_real/build/gravity_compensation' returned '0': PYTHONPATH=/home/zzy/ur_real/build/gravity_compensation/prefix_override:/home/zzy/.local/lib/python3.10/site-packages/colcon_core/task/python/colcon_distutils_commands:/home/zzy/ur_real/install/gravity_compensation/lib/python3.10/site-packages:${PYTHONPATH} /usr/bin/python3 -W ignore:setup.py install is deprecated setup.py develop --editable --build-directory /home/zzy/ur_real/build/gravity_compensation/build --no-deps symlink_data
