[1.387s] Invoking command in '/home/zzy/ur_real/build/pymoveit2': CMAKE_PREFIX_PATH=${CMAKE_PREFIX_PATH}:/home/zzy/ur_real/install/ur10_vel:/home/zzy/ur_real/install/gravity_compensation:/home/zzy/ur_real/install/ferrobotics_acf:/home/zzy/ur_real/install/easy_handeye2:/home/zzy/ur_real/install/camera:/home/zzy/ur_real/install/ati_sensor:/opt/ros/humble /usr/bin/cmake --build /home/zzy/ur_real/build/pymoveit2 -- -j24 -l24
[1.578s] Built target ament_cmake_python_symlink_pymoveit2
[1.687s] running egg_info
[1.709s] writing pymoveit2.egg-info/PKG-INFO
[1.710s] writing dependency_links to pymoveit2.egg-info/dependency_links.txt
[1.710s] writing top-level names to pymoveit2.egg-info/top_level.txt
[1.856s] reading manifest file 'pymoveit2.egg-info/SOURCES.txt'
[1.858s] writing manifest file 'pymoveit2.egg-info/SOURCES.txt'
[1.951s] Built target ament_cmake_python_build_pymoveit2_egg
[1.980s] Invoked command in '/home/zzy/ur_real/build/pymoveit2' returned '0': CMAKE_PREFIX_PATH=${CMAKE_PREFIX_PATH}:/home/zzy/ur_real/install/ur10_vel:/home/zzy/ur_real/install/gravity_compensation:/home/zzy/ur_real/install/ferrobotics_acf:/home/zzy/ur_real/install/easy_handeye2:/home/zzy/ur_real/install/camera:/home/zzy/ur_real/install/ati_sensor:/opt/ros/humble /usr/bin/cmake --build /home/zzy/ur_real/build/pymoveit2 -- -j24 -l24
[2.102s] Invoking command in '/home/zzy/ur_real/build/pymoveit2': CMAKE_PREFIX_PATH=${CMAKE_PREFIX_PATH}:/home/zzy/ur_real/install/ur10_vel:/home/zzy/ur_real/install/gravity_compensation:/home/zzy/ur_real/install/ferrobotics_acf:/home/zzy/ur_real/install/easy_handeye2:/home/zzy/ur_real/install/camera:/home/zzy/ur_real/install/ati_sensor:/opt/ros/humble /usr/bin/cmake --install /home/zzy/ur_real/build/pymoveit2
[2.111s] -- Install configuration: ""
[2.112s] -- Execute custom install script
[2.112s] -- Up-to-date symlink: /home/zzy/ur_real/install/pymoveit2/share/pymoveit2/environment/pythonpath.sh
[2.112s] -- Up-to-date symlink: /home/zzy/ur_real/install/pymoveit2/share/pymoveit2/environment/pythonpath.dsv
[2.116s] -- Up-to-date symlink: /home/zzy/ur_real/install/pymoveit2/local/lib/python3.10/dist-packages/pymoveit2-4.0.0-py3.10.egg-info/PKG-INFO
[2.117s] -- Up-to-date symlink: /home/zzy/ur_real/install/pymoveit2/local/lib/python3.10/dist-packages/pymoveit2-4.0.0-py3.10.egg-info/SOURCES.txt
[2.118s] -- Up-to-date symlink: /home/zzy/ur_real/install/pymoveit2/local/lib/python3.10/dist-packages/pymoveit2-4.0.0-py3.10.egg-info/dependency_links.txt
[2.118s] -- Up-to-date symlink: /home/zzy/ur_real/install/pymoveit2/local/lib/python3.10/dist-packages/pymoveit2-4.0.0-py3.10.egg-info/top_level.txt
[2.118s] -- Up-to-date symlink: /home/zzy/ur_real/install/pymoveit2/local/lib/python3.10/dist-packages/pymoveit2/__init__.py
[2.118s] -- Up-to-date symlink: /home/zzy/ur_real/install/pymoveit2/local/lib/python3.10/dist-packages/pymoveit2/gripper_command.py
[2.118s] -- Up-to-date symlink: /home/zzy/ur_real/install/pymoveit2/local/lib/python3.10/dist-packages/pymoveit2/gripper_interface.py
[2.118s] -- Up-to-date symlink: /home/zzy/ur_real/install/pymoveit2/local/lib/python3.10/dist-packages/pymoveit2/moveit2.py
[2.118s] -- Up-to-date symlink: /home/zzy/ur_real/install/pymoveit2/local/lib/python3.10/dist-packages/pymoveit2/moveit2_gripper.py
[2.118s] -- Up-to-date symlink: /home/zzy/ur_real/install/pymoveit2/local/lib/python3.10/dist-packages/pymoveit2/moveit2_servo.py
[2.118s] -- Up-to-date symlink: /home/zzy/ur_real/install/pymoveit2/local/lib/python3.10/dist-packages/pymoveit2/robots/__init__.py
[2.118s] -- Up-to-date symlink: /home/zzy/ur_real/install/pymoveit2/local/lib/python3.10/dist-packages/pymoveit2/robots/crane_x7.py
[2.118s] -- Up-to-date symlink: /home/zzy/ur_real/install/pymoveit2/local/lib/python3.10/dist-packages/pymoveit2/robots/kinova.py
[2.118s] -- Up-to-date symlink: /home/zzy/ur_real/install/pymoveit2/local/lib/python3.10/dist-packages/pymoveit2/robots/lbr.py
[2.119s] -- Up-to-date symlink: /home/zzy/ur_real/install/pymoveit2/local/lib/python3.10/dist-packages/pymoveit2/robots/panda.py
[2.119s] -- Up-to-date symlink: /home/zzy/ur_real/install/pymoveit2/local/lib/python3.10/dist-packages/pymoveit2/robots/phantomx_pincher.py
[2.119s] -- Up-to-date symlink: /home/zzy/ur_real/install/pymoveit2/lib/pymoveit2/ex_allow_collisions.py
[2.119s] -- Up-to-date symlink: /home/zzy/ur_real/install/pymoveit2/lib/pymoveit2/ex_clear_planning_scene.py
[2.119s] -- Up-to-date symlink: /home/zzy/ur_real/install/pymoveit2/lib/pymoveit2/ex_collision_mesh.py
[2.119s] -- Up-to-date symlink: /home/zzy/ur_real/install/pymoveit2/lib/pymoveit2/ex_collision_primitive.py
[2.119s] -- Up-to-date symlink: /home/zzy/ur_real/install/pymoveit2/lib/pymoveit2/ex_fk.py
[2.119s] -- Up-to-date symlink: /home/zzy/ur_real/install/pymoveit2/lib/pymoveit2/ex_gripper.py
[2.119s] -- Up-to-date symlink: /home/zzy/ur_real/install/pymoveit2/lib/pymoveit2/ex_ik.py
[2.120s] -- Up-to-date symlink: /home/zzy/ur_real/install/pymoveit2/lib/pymoveit2/ex_joint_goal.py
[2.120s] -- Up-to-date symlink: /home/zzy/ur_real/install/pymoveit2/lib/pymoveit2/ex_orientation_path_constraint.py
[2.120s] -- Up-to-date symlink: /home/zzy/ur_real/install/pymoveit2/lib/pymoveit2/ex_pose_goal.py
[2.120s] -- Up-to-date symlink: /home/zzy/ur_real/install/pymoveit2/lib/pymoveit2/ex_servo.py
[2.120s] -- Up-to-date symlink: /home/zzy/ur_real/install/pymoveit2/share/ament_index/resource_index/package_run_dependencies/pymoveit2
[2.120s] -- Up-to-date symlink: /home/zzy/ur_real/install/pymoveit2/share/ament_index/resource_index/parent_prefix_path/pymoveit2
[2.120s] -- Up-to-date symlink: /home/zzy/ur_real/install/pymoveit2/share/pymoveit2/environment/ament_prefix_path.sh
[2.120s] -- Up-to-date symlink: /home/zzy/ur_real/install/pymoveit2/share/pymoveit2/environment/ament_prefix_path.dsv
[2.120s] -- Up-to-date symlink: /home/zzy/ur_real/install/pymoveit2/share/pymoveit2/environment/path.sh
[2.120s] -- Up-to-date symlink: /home/zzy/ur_real/install/pymoveit2/share/pymoveit2/environment/path.dsv
[2.121s] -- Up-to-date symlink: /home/zzy/ur_real/install/pymoveit2/share/pymoveit2/local_setup.bash
[2.121s] -- Up-to-date symlink: /home/zzy/ur_real/install/pymoveit2/share/pymoveit2/local_setup.sh
[2.121s] -- Up-to-date symlink: /home/zzy/ur_real/install/pymoveit2/share/pymoveit2/local_setup.zsh
[2.121s] -- Up-to-date symlink: /home/zzy/ur_real/install/pymoveit2/share/pymoveit2/local_setup.dsv
[2.121s] -- Symlinking: /home/zzy/ur_real/install/pymoveit2/share/pymoveit2/package.dsv
[2.131s] -- Up-to-date symlink: /home/zzy/ur_real/install/pymoveit2/share/ament_index/resource_index/packages/pymoveit2
[2.131s] -- Up-to-date symlink: /home/zzy/ur_real/install/pymoveit2/share/pymoveit2/cmake/pymoveit2Config.cmake
[2.132s] -- Up-to-date symlink: /home/zzy/ur_real/install/pymoveit2/share/pymoveit2/cmake/pymoveit2Config-version.cmake
[2.132s] -- Up-to-date symlink: /home/zzy/ur_real/install/pymoveit2/share/pymoveit2/package.xml
[2.219s] Listing '/home/zzy/ur_real/install/pymoveit2/local/lib/python3.10/dist-packages/pymoveit2'...
[2.219s] Listing '/home/zzy/ur_real/install/pymoveit2/local/lib/python3.10/dist-packages/pymoveit2/robots'...
[2.226s] Invoked command in '/home/zzy/ur_real/build/pymoveit2' returned '0': CMAKE_PREFIX_PATH=${CMAKE_PREFIX_PATH}:/home/zzy/ur_real/install/ur10_vel:/home/zzy/ur_real/install/gravity_compensation:/home/zzy/ur_real/install/ferrobotics_acf:/home/zzy/ur_real/install/easy_handeye2:/home/zzy/ur_real/install/camera:/home/zzy/ur_real/install/ati_sensor:/opt/ros/humble /usr/bin/cmake --install /home/zzy/ur_real/build/pymoveit2
