[2.531s] Invoking command in '/home/zzy/ur_real/build/camera': PYTHONPATH=/home/zzy/ur_real/build/camera/prefix_override:/home/zzy/.local/lib/python3.10/site-packages/colcon_core/task/python/colcon_distutils_commands:/home/zzy/ur_real/install/camera/lib/python3.10/site-packages:${PYTHONPATH} /usr/bin/python3 -W ignore:setup.py install is deprecated setup.py develop --editable --build-directory /home/zzy/ur_real/build/camera/build --no-deps symlink_data
[2.708s] /home/zzy/.local/lib/python3.10/site-packages/setuptools/_distutils/dist.py:260: UserWarning: Unknown distribution option: 'tests_require'
[2.708s]   warnings.warn(msg)
[2.831s] running develop
[2.832s] /home/zzy/.local/lib/python3.10/site-packages/setuptools/command/develop.py:41: EasyInstallDeprecationWarning: easy_install command is deprecated.
[2.832s] !!
[2.833s] 
[2.833s]         ********************************************************************************
[2.833s]         Please avoid running ``setup.py`` and ``easy_install``.
[2.833s]         Instead, use pypa/build, pypa/installer or other
[2.833s]         standards-based tools.
[2.833s] 
[2.833s]         See https://github.com/pypa/setuptools/issues/917 for details.
[2.833s]         ********************************************************************************
[2.833s] 
[2.833s] !!
[2.833s]   easy_install.initialize_options(self)
[2.995s] running egg_info
[3.006s] writing camera.egg-info/PKG-INFO
[3.007s] writing dependency_links to camera.egg-info/dependency_links.txt
[3.007s] writing entry points to camera.egg-info/entry_points.txt
[3.007s] writing requirements to camera.egg-info/requires.txt
[3.007s] writing top-level names to camera.egg-info/top_level.txt
[3.030s] reading manifest file 'camera.egg-info/SOURCES.txt'
[3.031s] writing manifest file 'camera.egg-info/SOURCES.txt'
[3.043s] running build_ext
[3.043s] Creating /home/zzy/ur_real/install/camera/lib/python3.10/site-packages/camera.egg-link (link to .)
[3.044s] Installing deep_camera_test script to /home/zzy/ur_real/install/camera/lib/camera
[3.044s] Installing realsense_ArUco_reader script to /home/zzy/ur_real/install/camera/lib/camera
[3.045s] Installing realsense_calibrate script to /home/zzy/ur_real/install/camera/lib/camera
[3.045s] 
[3.045s] Installed /home/zzy/ur_real/build/camera
[3.045s] running symlink_data
[3.082s] Invoked command in '/home/zzy/ur_real/build/camera' returned '0': PYTHONPATH=/home/zzy/ur_real/build/camera/prefix_override:/home/zzy/.local/lib/python3.10/site-packages/colcon_core/task/python/colcon_distutils_commands:/home/zzy/ur_real/install/camera/lib/python3.10/site-packages:${PYTHONPATH} /usr/bin/python3 -W ignore:setup.py install is deprecated setup.py develop --editable --build-directory /home/zzy/ur_real/build/camera/build --no-deps symlink_data
