[0.615s] Invoking command in '/home/zzy/ur_real/build/ur10_moveit_config': CMAKE_PREFIX_PATH=${CMAKE_PREFIX_PATH}:/home/zzy/ur_real/install/ur10_vel:/home/zzy/ur_real/install/gravity_compensation:/home/zzy/ur_real/install/ferrobotics_acf:/home/zzy/ur_real/install/easy_handeye2:/home/zzy/ur_real/install/camera:/home/zzy/ur_real/install/ati_sensor:/opt/ros/humble /usr/bin/cmake --build /home/zzy/ur_real/build/ur10_moveit_config -- -j24 -l24
[0.772s] Invoked command in '/home/zzy/ur_real/build/ur10_moveit_config' returned '0': CMAKE_PREFIX_PATH=${CMAKE_PREFIX_PATH}:/home/zzy/ur_real/install/ur10_vel:/home/zzy/ur_real/install/gravity_compensation:/home/zzy/ur_real/install/ferrobotics_acf:/home/zzy/ur_real/install/easy_handeye2:/home/zzy/ur_real/install/camera:/home/zzy/ur_real/install/ati_sensor:/opt/ros/humble /usr/bin/cmake --build /home/zzy/ur_real/build/ur10_moveit_config -- -j24 -l24
[0.796s] Invoking command in '/home/zzy/ur_real/build/ur10_moveit_config': CMAKE_PREFIX_PATH=${CMAKE_PREFIX_PATH}:/home/zzy/ur_real/install/ur10_vel:/home/zzy/ur_real/install/gravity_compensation:/home/zzy/ur_real/install/ferrobotics_acf:/home/zzy/ur_real/install/easy_handeye2:/home/zzy/ur_real/install/camera:/home/zzy/ur_real/install/ati_sensor:/opt/ros/humble /usr/bin/cmake --install /home/zzy/ur_real/build/ur10_moveit_config
[0.803s] -- Install configuration: ""
[0.804s] -- Execute custom install script
[0.805s] -- Up-to-date symlink: /home/zzy/ur_real/install/ur10_moveit_config/share/ur10_moveit_config//launch/__pycache__/ur_moveit.launch.cpython-310.pyc
[0.805s] -- Up-to-date symlink: /home/zzy/ur_real/install/ur10_moveit_config/share/ur10_moveit_config//launch/ur_moveit.launch.py
[0.805s] -- Up-to-date symlink: /home/zzy/ur_real/install/ur10_moveit_config/share/ur10_moveit_config/config/controllers.yaml
[0.805s] -- Up-to-date symlink: /home/zzy/ur_real/install/ur10_moveit_config/share/ur10_moveit_config/config/joint_limits.yaml
[0.805s] -- Up-to-date symlink: /home/zzy/ur_real/install/ur10_moveit_config/share/ur10_moveit_config/config/kinematics.yaml
[0.805s] -- Up-to-date symlink: /home/zzy/ur_real/install/ur10_moveit_config/share/ur10_moveit_config/config/ompl_planning.yaml
[0.805s] -- Up-to-date symlink: /home/zzy/ur_real/install/ur10_moveit_config/share/ur10_moveit_config/config/ur_servo.yaml
[0.806s] -- Up-to-date symlink: /home/zzy/ur_real/install/ur10_moveit_config/share/ur10_moveit_config/srdf/ur.srdf.xacro
[0.806s] -- Up-to-date symlink: /home/zzy/ur_real/install/ur10_moveit_config/share/ur10_moveit_config/srdf/ur_macro.srdf.xacro
[0.806s] -- Up-to-date symlink: /home/zzy/ur_real/install/ur10_moveit_config/share/ur10_moveit_config/rviz/view_robot.rviz
[0.806s] -- Up-to-date symlink: /home/zzy/ur_real/install/ur10_moveit_config/share/ament_index/resource_index/package_run_dependencies/ur10_moveit_config
[0.806s] -- Up-to-date symlink: /home/zzy/ur_real/install/ur10_moveit_config/share/ament_index/resource_index/parent_prefix_path/ur10_moveit_config
[0.806s] -- Up-to-date symlink: /home/zzy/ur_real/install/ur10_moveit_config/share/ur10_moveit_config/environment/ament_prefix_path.sh
[0.806s] -- Up-to-date symlink: /home/zzy/ur_real/install/ur10_moveit_config/share/ur10_moveit_config/environment/ament_prefix_path.dsv
[0.806s] -- Up-to-date symlink: /home/zzy/ur_real/install/ur10_moveit_config/share/ur10_moveit_config/environment/path.sh
[0.807s] -- Up-to-date symlink: /home/zzy/ur_real/install/ur10_moveit_config/share/ur10_moveit_config/environment/path.dsv
[0.807s] -- Up-to-date symlink: /home/zzy/ur_real/install/ur10_moveit_config/share/ur10_moveit_config/local_setup.bash
[0.807s] -- Up-to-date symlink: /home/zzy/ur_real/install/ur10_moveit_config/share/ur10_moveit_config/local_setup.sh
[0.807s] -- Up-to-date symlink: /home/zzy/ur_real/install/ur10_moveit_config/share/ur10_moveit_config/local_setup.zsh
[0.807s] -- Up-to-date symlink: /home/zzy/ur_real/install/ur10_moveit_config/share/ur10_moveit_config/local_setup.dsv
[0.807s] -- Symlinking: /home/zzy/ur_real/install/ur10_moveit_config/share/ur10_moveit_config/package.dsv
[0.816s] -- Up-to-date symlink: /home/zzy/ur_real/install/ur10_moveit_config/share/ament_index/resource_index/packages/ur10_moveit_config
[0.816s] -- Up-to-date symlink: /home/zzy/ur_real/install/ur10_moveit_config/share/ur10_moveit_config/cmake/ur10_moveit_configConfig.cmake
[0.816s] -- Up-to-date symlink: /home/zzy/ur_real/install/ur10_moveit_config/share/ur10_moveit_config/cmake/ur10_moveit_configConfig-version.cmake
[0.816s] -- Up-to-date symlink: /home/zzy/ur_real/install/ur10_moveit_config/share/ur10_moveit_config/package.xml
[0.818s] Invoked command in '/home/zzy/ur_real/build/ur10_moveit_config' returned '0': CMAKE_PREFIX_PATH=${CMAKE_PREFIX_PATH}:/home/zzy/ur_real/install/ur10_vel:/home/zzy/ur_real/install/gravity_compensation:/home/zzy/ur_real/install/ferrobotics_acf:/home/zzy/ur_real/install/easy_handeye2:/home/zzy/ur_real/install/camera:/home/zzy/ur_real/install/ati_sensor:/opt/ros/humble /usr/bin/cmake --install /home/zzy/ur_real/build/ur10_moveit_config
