[1.148s] Invoking command in '/home/zzy/ur_real/build/ur10_vel': PYTHONPATH=/home/zzy/ur_real/build/ur10_vel/prefix_override:/home/zzy/.local/lib/python3.10/site-packages/colcon_core/task/python/colcon_distutils_commands:/home/zzy/ur_real/install/ur10_vel/lib/python3.10/site-packages:${PYTHONPATH} /usr/bin/python3 -W ignore:setup.py install is deprecated setup.py develop --editable --build-directory /home/zzy/ur_real/build/ur10_vel/build --no-deps symlink_data
[1.258s] /home/zzy/.local/lib/python3.10/site-packages/setuptools/_distutils/dist.py:260: UserWarning: Unknown distribution option: 'tests_require'
[1.259s]   warnings.warn(msg)
[1.368s] running develop
[1.374s] /home/zzy/.local/lib/python3.10/site-packages/setuptools/command/develop.py:41: EasyInstallDeprecationWarning: easy_install command is deprecated.
[1.374s] !!
[1.374s] 
[1.374s]         ********************************************************************************
[1.374s]         Please avoid running ``setup.py`` and ``easy_install``.
[1.374s]         Instead, use pypa/build, pypa/installer or other
[1.374s]         standards-based tools.
[1.374s] 
[1.375s]         See https://github.com/pypa/setuptools/issues/917 for details.
[1.375s]         ********************************************************************************
[1.375s] 
[1.375s] !!
[1.375s]   easy_install.initialize_options(self)
[1.507s] running egg_info
[1.515s] writing ur10_vel.egg-info/PKG-INFO
[1.516s] writing dependency_links to ur10_vel.egg-info/dependency_links.txt
[1.516s] writing entry points to ur10_vel.egg-info/entry_points.txt
[1.516s] writing requirements to ur10_vel.egg-info/requires.txt
[1.516s] writing top-level names to ur10_vel.egg-info/top_level.txt
[1.535s] reading manifest file 'ur10_vel.egg-info/SOURCES.txt'
[1.536s] writing manifest file 'ur10_vel.egg-info/SOURCES.txt'
[1.546s] running build_ext
[1.546s] Creating /home/zzy/ur_real/install/ur10_vel/lib/python3.10/site-packages/ur10-vel.egg-link (link to .)
[1.547s] Installing Joint_Velocity_Transfer script to /home/zzy/ur_real/install/ur10_vel/lib/ur10_vel
[1.547s] Installing check_collision script to /home/zzy/ur_real/install/ur10_vel/lib/ur10_vel
[1.547s] Installing check_keyboard script to /home/zzy/ur_real/install/ur10_vel/lib/ur10_vel
[1.547s] Installing joint_velocity_IK script to /home/zzy/ur_real/install/ur10_vel/lib/ur10_vel
[1.547s] Installing publisher_forward_velocity_controller script to /home/zzy/ur_real/install/ur10_vel/lib/ur10_vel
[1.548s] 
[1.548s] Installed /home/zzy/ur_real/build/ur10_vel
[1.548s] running symlink_data
[1.575s] Invoked command in '/home/zzy/ur_real/build/ur10_vel' returned '0': PYTHONPATH=/home/zzy/ur_real/build/ur10_vel/prefix_override:/home/zzy/.local/lib/python3.10/site-packages/colcon_core/task/python/colcon_distutils_commands:/home/zzy/ur_real/install/ur10_vel/lib/python3.10/site-packages:${PYTHONPATH} /usr/bin/python3 -W ignore:setup.py install is deprecated setup.py develop --editable --build-directory /home/zzy/ur_real/build/ur10_vel/build --no-deps symlink_data
