[0.519s] Invoking command in '/home/zzy/ur_real/build/easy_handeye2': CMAKE_PREFIX_PATH=/home/zzy/ur_real/install/easy_handeye2_msgs:/home/zzy/ur_real/install/ur_bringup:/home/zzy/ur_real/install/ur10_moveit_config:/home/zzy/ur_real/install/pymoveit2:/home/zzy/ur_real/install/ferrobotics LD_LIBRARY_PATH=/home/zzy/ur_real/install/easy_handeye2_msgs/lib:/home/zzy/ur_real/install/ferrobotics/lib:/opt/ros/humble/opt/rviz_ogre_vendor/lib:/opt/ros/humble/lib/x86_64-linux-gnu:/opt/ros/humble/lib:/home/zzy/mujoco-3.1.6/bin PYTHONPATH=/home/zzy/ur_real/build/easy_handeye2/prefix_override:/home/zzy/.local/lib/python3.10/site-packages/colcon_core/task/python/colcon_distutils_commands:/home/zzy/ur_real/install/easy_handeye2/lib/python3.10/site-packages:${PYTHONPATH} /usr/bin/python3 -W ignore:setup.py install is deprecated setup.py develop --editable --build-directory /home/zzy/ur_real/build/easy_handeye2/build --no-deps symlink_data
[0.624s] /home/zzy/.local/lib/python3.10/site-packages/setuptools/_distutils/dist.py:260: UserWarning: Unknown distribution option: 'tests_require'
[0.624s]   warnings.warn(msg)
[0.732s] running develop
[0.732s] /home/zzy/.local/lib/python3.10/site-packages/setuptools/command/develop.py:41: EasyInstallDeprecationWarning: easy_install command is deprecated.
[0.732s] !!
[0.732s] 
[0.732s]         ********************************************************************************
[0.733s]         Please avoid running ``setup.py`` and ``easy_install``.
[0.733s]         Instead, use pypa/build, pypa/installer or other
[0.733s]         standards-based tools.
[0.733s] 
[0.733s]         See https://github.com/pypa/setuptools/issues/917 for details.
[0.733s]         ********************************************************************************
[0.733s] 
[0.733s] !!
[0.733s]   easy_install.initialize_options(self)
[0.872s] running egg_info
[0.882s] writing easy_handeye2.egg-info/PKG-INFO
[0.883s] writing dependency_links to easy_handeye2.egg-info/dependency_links.txt
[0.883s] writing entry points to easy_handeye2.egg-info/entry_points.txt
[0.883s] writing requirements to easy_handeye2.egg-info/requires.txt
[0.883s] writing top-level names to easy_handeye2.egg-info/top_level.txt
[0.912s] reading manifest file 'easy_handeye2.egg-info/SOURCES.txt'
[0.913s] writing manifest file 'easy_handeye2.egg-info/SOURCES.txt'
[0.928s] running build_ext
[0.928s] Creating /home/zzy/ur_real/install/easy_handeye2/lib/python3.10/site-packages/easy-handeye2.egg-link (link to .)
[0.929s] Installing handeye_calibration_commander script to /home/zzy/ur_real/install/easy_handeye2/lib/easy_handeye2
[0.929s] Installing handeye_publisher script to /home/zzy/ur_real/install/easy_handeye2/lib/easy_handeye2
[0.929s] Installing handeye_server script to /home/zzy/ur_real/install/easy_handeye2/lib/easy_handeye2
[0.929s] Installing handeye_server_robot script to /home/zzy/ur_real/install/easy_handeye2/lib/easy_handeye2
[0.929s] Installing rqt_calibrator.py script to /home/zzy/ur_real/install/easy_handeye2/lib/easy_handeye2
[0.929s] Installing rqt_evaluator.py script to /home/zzy/ur_real/install/easy_handeye2/lib/easy_handeye2
[0.929s] 
[0.930s] Installed /home/zzy/ur_real/build/easy_handeye2
[0.930s] running symlink_data
[0.948s] Invoked command in '/home/zzy/ur_real/build/easy_handeye2' returned '0': CMAKE_PREFIX_PATH=/home/zzy/ur_real/install/easy_handeye2_msgs:/home/zzy/ur_real/install/ur_bringup:/home/zzy/ur_real/install/ur10_moveit_config:/home/zzy/ur_real/install/pymoveit2:/home/zzy/ur_real/install/ferrobotics LD_LIBRARY_PATH=/home/zzy/ur_real/install/easy_handeye2_msgs/lib:/home/zzy/ur_real/install/ferrobotics/lib:/opt/ros/humble/opt/rviz_ogre_vendor/lib:/opt/ros/humble/lib/x86_64-linux-gnu:/opt/ros/humble/lib:/home/zzy/mujoco-3.1.6/bin PYTHONPATH=/home/zzy/ur_real/build/easy_handeye2/prefix_override:/home/zzy/.local/lib/python3.10/site-packages/colcon_core/task/python/colcon_distutils_commands:/home/zzy/ur_real/install/easy_handeye2/lib/python3.10/site-packages:${PYTHONPATH} /usr/bin/python3 -W ignore:setup.py install is deprecated setup.py develop --editable --build-directory /home/zzy/ur_real/build/easy_handeye2/build --no-deps symlink_data
