running egg_info
creating ../../build/gravity_compensation/gravity_compensation.egg-info
writing ../../build/gravity_compensation/gravity_compensation.egg-info/PKG-INFO
writing dependency_links to ../../build/gravity_compensation/gravity_compensation.egg-info/dependency_links.txt
writing requirements to ../../build/gravity_compensation/gravity_compensation.egg-info/requires.txt
writing top-level names to ../../build/gravity_compensation/gravity_compensation.egg-info/top_level.txt
writing manifest file '../../build/gravity_compensation/gravity_compensation.egg-info/SOURCES.txt'
reading manifest file '../../build/gravity_compensation/gravity_compensation.egg-info/SOURCES.txt'
writing manifest file '../../build/gravity_compensation/gravity_compensation.egg-info/SOURCES.txt'
running build
running build_py
creating /home/zzy/ur_real/build/gravity_compensation/build
creating /home/zzy/ur_real/build/gravity_compensation/build/lib
creating /home/zzy/ur_real/build/gravity_compensation/build/lib/gravity_compensation
copying gravity_compensation/ft_calib.py -> /home/zzy/ur_real/build/gravity_compensation/build/lib/gravity_compensation
copying gravity_compensation/__init__.py -> /home/zzy/ur_real/build/gravity_compensation/build/lib/gravity_compensation
running install
running install_lib
creating /home/zzy/ur_real/install/gravity_compensation/lib/python3.10/site-packages/gravity_compensation
copying /home/zzy/ur_real/build/gravity_compensation/build/lib/gravity_compensation/ft_calib.py -> /home/zzy/ur_real/install/gravity_compensation/lib/python3.10/site-packages/gravity_compensation
copying /home/zzy/ur_real/build/gravity_compensation/build/lib/gravity_compensation/__init__.py -> /home/zzy/ur_real/install/gravity_compensation/lib/python3.10/site-packages/gravity_compensation
byte-compiling /home/zzy/ur_real/install/gravity_compensation/lib/python3.10/site-packages/gravity_compensation/ft_calib.py to ft_calib.cpython-310.pyc
byte-compiling /home/zzy/ur_real/install/gravity_compensation/lib/python3.10/site-packages/gravity_compensation/__init__.py to __init__.cpython-310.pyc
running install_data
creating /home/zzy/ur_real/install/gravity_compensation/share/ament_index
creating /home/zzy/ur_real/install/gravity_compensation/share/ament_index/resource_index
creating /home/zzy/ur_real/install/gravity_compensation/share/ament_index/resource_index/packages
copying resource/gravity_compensation -> /home/zzy/ur_real/install/gravity_compensation/share/ament_index/resource_index/packages
copying package.xml -> /home/zzy/ur_real/install/gravity_compensation/share/gravity_compensation
running install_egg_info
Copying ../../build/gravity_compensation/gravity_compensation.egg-info to /home/zzy/ur_real/install/gravity_compensation/lib/python3.10/site-packages/gravity_compensation-0.0.0-py3.10.egg-info
running install_scripts
writing list of installed files to '/home/zzy/ur_real/build/gravity_compensation/install.log'
