[0.591s] Invoking command in '/home/zzy/ur_real/build/ferrobotics': CMAKE_PREFIX_PATH=${CMAKE_PREFIX_PATH}:/home/zzy/ur_real/install/ur10_vel:/home/zzy/ur_real/install/gravity_compensation:/home/zzy/ur_real/install/ferrobotics_acf:/home/zzy/ur_real/install/easy_handeye2:/home/zzy/ur_real/install/camera:/home/zzy/ur_real/install/ati_sensor:/opt/ros/humble /usr/bin/cmake --build /home/zzy/ur_real/build/ferrobotics -- -j24 -l24
[1.584s] [  2%] Built target ferrobotics__cpp
[1.584s] [  2%] Built target ament_cmake_python_symlink_ferrobotics
[1.584s] [  4%] [32mBuilding C object CMakeFiles/ferrobotics__rosidl_generator_c.dir/rosidl_generator_c/ferrobotics/srv/detail/set_float__functions.c.o[0m
[1.584s] [  6%] [32mBuilding C object CMakeFiles/ferrobotics__rosidl_generator_c.dir/rosidl_generator_c/ferrobotics/srv/detail/set_duration__functions.c.o[0m
[1.584s] [  8%] [32mBuilding C object CMakeFiles/ferrobotics__rosidl_generator_c.dir/rosidl_generator_c/ferrobotics/msg/detail/acf_telem__functions.c.o[0m
[1.584s] [ 10%] [32mBuilding CXX object CMakeFiles/ferrobotics__rosidl_typesupport_introspection_cpp.dir/rosidl_typesupport_introspection_cpp/ferrobotics/msg/detail/acf_telem__type_support.cpp.o[0m
[1.584s] [ 12%] [32mBuilding CXX object CMakeFiles/ferrobotics__rosidl_typesupport_fastrtps_cpp.dir/rosidl_typesupport_fastrtps_cpp/ferrobotics/msg/detail/dds_fastrtps/acf_telem__type_support.cpp.o[0m
[1.584s] [ 14%] [32mBuilding CXX object CMakeFiles/ferrobotics__rosidl_typesupport_introspection_cpp.dir/rosidl_typesupport_introspection_cpp/ferrobotics/srv/detail/set_duration__type_support.cpp.o[0m
[1.584s] [ 17%] [32mBuilding CXX object CMakeFiles/ferrobotics__rosidl_typesupport_introspection_cpp.dir/rosidl_typesupport_introspection_cpp/ferrobotics/srv/detail/set_float__type_support.cpp.o[0m
[1.584s] [ 19%] [32mBuilding CXX object CMakeFiles/ferrobotics__rosidl_typesupport_cpp.dir/rosidl_typesupport_cpp/ferrobotics/srv/set_float__type_support.cpp.o[0m
[1.584s] [ 21%] [32mBuilding CXX object CMakeFiles/ferrobotics__rosidl_typesupport_cpp.dir/rosidl_typesupport_cpp/ferrobotics/msg/acf_telem__type_support.cpp.o[0m
[1.584s] [ 23%] [32mBuilding CXX object CMakeFiles/ferrobotics__rosidl_typesupport_cpp.dir/rosidl_typesupport_cpp/ferrobotics/srv/set_duration__type_support.cpp.o[0m
[1.584s] [ 25%] [32mBuilding CXX object CMakeFiles/ferrobotics__rosidl_typesupport_fastrtps_cpp.dir/rosidl_typesupport_fastrtps_cpp/ferrobotics/srv/detail/dds_fastrtps/set_float__type_support.cpp.o[0m
[1.584s] [ 27%] [32mBuilding CXX object CMakeFiles/ferrobotics__rosidl_typesupport_fastrtps_cpp.dir/rosidl_typesupport_fastrtps_cpp/ferrobotics/srv/detail/dds_fastrtps/set_duration__type_support.cpp.o[0m
[1.584s] [ 29%] [32m[1mLinking C shared library libferrobotics__rosidl_generator_c.so[0m
[1.585s] [ 31%] Built target ferrobotics__rosidl_generator_c
[1.585s] [ 34%] [32mBuilding CXX object CMakeFiles/ferrobotics__rosidl_typesupport_fastrtps_c.dir/rosidl_typesupport_fastrtps_c/ferrobotics/srv/detail/set_float__type_support_c.cpp.o[0m
[1.585s] [ 36%] [32mBuilding CXX object CMakeFiles/ferrobotics__rosidl_typesupport_fastrtps_c.dir/rosidl_typesupport_fastrtps_c/ferrobotics/msg/detail/acf_telem__type_support_c.cpp.o[0m
[1.585s] [ 38%] [32mBuilding CXX object CMakeFiles/ferrobotics__rosidl_typesupport_fastrtps_c.dir/rosidl_typesupport_fastrtps_c/ferrobotics/srv/detail/set_duration__type_support_c.cpp.o[0m
[1.585s] [ 40%] [32mBuilding CXX object CMakeFiles/ferrobotics__rosidl_typesupport_c.dir/rosidl_typesupport_c/ferrobotics/msg/acf_telem__type_support.cpp.o[0m
[1.585s] [ 42%] [32mBuilding CXX object CMakeFiles/ferrobotics__rosidl_typesupport_c.dir/rosidl_typesupport_c/ferrobotics/srv/set_duration__type_support.cpp.o[0m
[1.585s] [ 44%] [32mBuilding C object CMakeFiles/ferrobotics__rosidl_typesupport_introspection_c.dir/rosidl_typesupport_introspection_c/ferrobotics/msg/detail/acf_telem__type_support.c.o[0m
[1.585s] [ 46%] [32mBuilding C object CMakeFiles/ferrobotics__rosidl_typesupport_introspection_c.dir/rosidl_typesupport_introspection_c/ferrobotics/srv/detail/set_float__type_support.c.o[0m
[1.585s] [ 48%] [32mBuilding CXX object CMakeFiles/ferrobotics__rosidl_typesupport_c.dir/rosidl_typesupport_c/ferrobotics/srv/set_float__type_support.cpp.o[0m
[1.585s] [ 51%] [32mBuilding C object CMakeFiles/ferrobotics__rosidl_typesupport_introspection_c.dir/rosidl_typesupport_introspection_c/ferrobotics/srv/detail/set_duration__type_support.c.o[0m
[1.585s] [ 53%] [32m[1mLinking CXX shared library libferrobotics__rosidl_typesupport_c.so[0m
[1.585s] [ 55%] [32m[1mLinking C shared library libferrobotics__rosidl_typesupport_introspection_c.so[0m
[1.585s] [ 57%] Built target ferrobotics__rosidl_typesupport_introspection_c
[1.585s] [ 59%] Built target ferrobotics__rosidl_typesupport_c
[1.585s] [ 61%] [32m[1mLinking CXX shared library libferrobotics__rosidl_typesupport_cpp.so[0m
[1.585s] [ 63%] Built target ferrobotics__rosidl_typesupport_cpp
[1.585s] running egg_info
[1.585s] writing ferrobotics.egg-info/PKG-INFO
[1.585s] writing dependency_links to ferrobotics.egg-info/dependency_links.txt
[1.586s] writing top-level names to ferrobotics.egg-info/top_level.txt
[1.586s] [ 65%] [32m[1mLinking CXX shared library libferrobotics__rosidl_typesupport_introspection_cpp.so[0m
[1.586s] reading manifest file 'ferrobotics.egg-info/SOURCES.txt'
[1.586s] writing manifest file 'ferrobotics.egg-info/SOURCES.txt'
[1.586s] [ 65%] Built target ament_cmake_python_build_ferrobotics_egg
[1.586s] [ 68%] Built target ferrobotics__rosidl_typesupport_introspection_cpp
[1.586s] [ 70%] [32m[1mLinking CXX shared library libferrobotics__rosidl_typesupport_fastrtps_c.so[0m
[1.586s] [ 72%] [32m[1mLinking CXX shared library libferrobotics__rosidl_typesupport_fastrtps_cpp.so[0m
[1.586s] [ 74%] Built target ferrobotics__rosidl_typesupport_fastrtps_c
[1.586s] [ 76%] Built target ferrobotics__rosidl_typesupport_fastrtps_cpp
[1.618s] [ 76%] Built target ferrobotics
[1.654s] [ 78%] Built target ferrobotics__py
[1.751s] [ 80%] [32mBuilding C object CMakeFiles/ferrobotics__rosidl_generator_py.dir/rosidl_generator_py/ferrobotics/msg/_acf_telem_s.c.o[0m
[1.780s] [ 85%] [32mBuilding C object CMakeFiles/ferrobotics__rosidl_generator_py.dir/rosidl_generator_py/ferrobotics/srv/_set_float_s.c.o[0m
[1.780s] [ 85%] [32mBuilding C object CMakeFiles/ferrobotics__rosidl_generator_py.dir/rosidl_generator_py/ferrobotics/srv/_set_duration_s.c.o[0m
[2.072s] [ 87%] [32m[1mLinking C shared library rosidl_generator_py/ferrobotics/libferrobotics__rosidl_generator_py.so[0m
[2.127s] [ 87%] Built target ferrobotics__rosidl_generator_py
[2.151s] [ 89%] [32mBuilding C object CMakeFiles/ferrobotics__rosidl_typesupport_introspection_c__pyext.dir/rosidl_generator_py/ferrobotics/_ferrobotics_s.ep.rosidl_typesupport_introspection_c.c.o[0m
[2.152s] [ 91%] [32mBuilding C object CMakeFiles/ferrobotics__rosidl_typesupport_fastrtps_c__pyext.dir/rosidl_generator_py/ferrobotics/_ferrobotics_s.ep.rosidl_typesupport_fastrtps_c.c.o[0m
[2.155s] [ 93%] [32mBuilding C object CMakeFiles/ferrobotics__rosidl_typesupport_c__pyext.dir/rosidl_generator_py/ferrobotics/_ferrobotics_s.ep.rosidl_typesupport_c.c.o[0m
[2.253s] [ 95%] [32m[1mLinking C shared library rosidl_generator_py/ferrobotics/ferrobotics_s__rosidl_typesupport_c.cpython-310-x86_64-linux-gnu.so[0m
[2.261s] [ 97%] [32m[1mLinking C shared library rosidl_generator_py/ferrobotics/ferrobotics_s__rosidl_typesupport_fastrtps_c.cpython-310-x86_64-linux-gnu.so[0m
[2.279s] [100%] [32m[1mLinking C shared library rosidl_generator_py/ferrobotics/ferrobotics_s__rosidl_typesupport_introspection_c.cpython-310-x86_64-linux-gnu.so[0m
[2.290s] [100%] Built target ferrobotics__rosidl_typesupport_fastrtps_c__pyext
[2.293s] [100%] Built target ferrobotics__rosidl_typesupport_c__pyext
[2.308s] [100%] Built target ferrobotics__rosidl_typesupport_introspection_c__pyext
[2.318s] Invoked command in '/home/zzy/ur_real/build/ferrobotics' returned '0': CMAKE_PREFIX_PATH=${CMAKE_PREFIX_PATH}:/home/zzy/ur_real/install/ur10_vel:/home/zzy/ur_real/install/gravity_compensation:/home/zzy/ur_real/install/ferrobotics_acf:/home/zzy/ur_real/install/easy_handeye2:/home/zzy/ur_real/install/camera:/home/zzy/ur_real/install/ati_sensor:/opt/ros/humble /usr/bin/cmake --build /home/zzy/ur_real/build/ferrobotics -- -j24 -l24
[2.379s] Invoking command in '/home/zzy/ur_real/build/ferrobotics': CMAKE_PREFIX_PATH=${CMAKE_PREFIX_PATH}:/home/zzy/ur_real/install/ur10_vel:/home/zzy/ur_real/install/gravity_compensation:/home/zzy/ur_real/install/ferrobotics_acf:/home/zzy/ur_real/install/easy_handeye2:/home/zzy/ur_real/install/camera:/home/zzy/ur_real/install/ati_sensor:/opt/ros/humble /usr/bin/cmake --install /home/zzy/ur_real/build/ferrobotics
[2.384s] -- Install configuration: ""
[2.385s] -- Execute custom install script
[2.385s] -- Up-to-date symlink: /home/zzy/ur_real/install/ferrobotics/share/ament_index/resource_index/rosidl_interfaces/ferrobotics
[2.387s] -- Up-to-date symlink: /home/zzy/ur_real/install/ferrobotics/include/ferrobotics/ferrobotics/msg/acf_telem.h
[2.387s] -- Up-to-date symlink: /home/zzy/ur_real/install/ferrobotics/include/ferrobotics/ferrobotics/msg/detail/acf_telem__functions.h
[2.387s] -- Up-to-date symlink: /home/zzy/ur_real/install/ferrobotics/include/ferrobotics/ferrobotics/msg/detail/acf_telem__struct.h
[2.387s] -- Up-to-date symlink: /home/zzy/ur_real/install/ferrobotics/include/ferrobotics/ferrobotics/msg/detail/acf_telem__type_support.h
[2.387s] -- Up-to-date symlink: /home/zzy/ur_real/install/ferrobotics/include/ferrobotics/ferrobotics/msg/rosidl_generator_c__visibility_control.h
[2.388s] -- Up-to-date symlink: /home/zzy/ur_real/install/ferrobotics/include/ferrobotics/ferrobotics/srv/detail/set_duration__functions.h
[2.388s] -- Up-to-date symlink: /home/zzy/ur_real/install/ferrobotics/include/ferrobotics/ferrobotics/srv/detail/set_duration__struct.h
[2.388s] -- Up-to-date symlink: /home/zzy/ur_real/install/ferrobotics/include/ferrobotics/ferrobotics/srv/detail/set_duration__type_support.h
[2.388s] -- Up-to-date symlink: /home/zzy/ur_real/install/ferrobotics/include/ferrobotics/ferrobotics/srv/detail/set_float__functions.h
[2.388s] -- Up-to-date symlink: /home/zzy/ur_real/install/ferrobotics/include/ferrobotics/ferrobotics/srv/detail/set_float__struct.h
[2.388s] -- Up-to-date symlink: /home/zzy/ur_real/install/ferrobotics/include/ferrobotics/ferrobotics/srv/detail/set_float__type_support.h
[2.388s] -- Up-to-date symlink: /home/zzy/ur_real/install/ferrobotics/include/ferrobotics/ferrobotics/srv/set_duration.h
[2.388s] -- Up-to-date symlink: /home/zzy/ur_real/install/ferrobotics/include/ferrobotics/ferrobotics/srv/set_float.h
[2.389s] -- Up-to-date symlink: /home/zzy/ur_real/install/ferrobotics/share/ferrobotics/environment/library_path.sh
[2.389s] -- Up-to-date symlink: /home/zzy/ur_real/install/ferrobotics/share/ferrobotics/environment/library_path.dsv
[2.389s] -- Up-to-date symlink: /home/zzy/ur_real/install/ferrobotics/include/ferrobotics/ferrobotics/msg/detail/acf_telem__rosidl_typesupport_fastrtps_c.h
[2.389s] -- Up-to-date symlink: /home/zzy/ur_real/install/ferrobotics/include/ferrobotics/ferrobotics/msg/rosidl_typesupport_fastrtps_c__visibility_control.h
[2.389s] -- Up-to-date symlink: /home/zzy/ur_real/install/ferrobotics/include/ferrobotics/ferrobotics/srv/detail/set_duration__rosidl_typesupport_fastrtps_c.h
[2.389s] -- Up-to-date symlink: /home/zzy/ur_real/install/ferrobotics/include/ferrobotics/ferrobotics/srv/detail/set_float__rosidl_typesupport_fastrtps_c.h
[2.390s] -- Up-to-date symlink: /home/zzy/ur_real/install/ferrobotics/include/ferrobotics/ferrobotics/msg/acf_telem.hpp
[2.390s] -- Up-to-date symlink: /home/zzy/ur_real/install/ferrobotics/include/ferrobotics/ferrobotics/msg/detail/acf_telem__builder.hpp
[2.390s] -- Up-to-date symlink: /home/zzy/ur_real/install/ferrobotics/include/ferrobotics/ferrobotics/msg/detail/acf_telem__struct.hpp
[2.390s] -- Up-to-date symlink: /home/zzy/ur_real/install/ferrobotics/include/ferrobotics/ferrobotics/msg/detail/acf_telem__traits.hpp
[2.390s] -- Up-to-date symlink: /home/zzy/ur_real/install/ferrobotics/include/ferrobotics/ferrobotics/srv/detail/set_duration__builder.hpp
[2.390s] -- Up-to-date symlink: /home/zzy/ur_real/install/ferrobotics/include/ferrobotics/ferrobotics/srv/detail/set_duration__struct.hpp
[2.391s] -- Up-to-date symlink: /home/zzy/ur_real/install/ferrobotics/include/ferrobotics/ferrobotics/srv/detail/set_duration__traits.hpp
[2.391s] -- Up-to-date symlink: /home/zzy/ur_real/install/ferrobotics/include/ferrobotics/ferrobotics/srv/detail/set_float__builder.hpp
[2.391s] -- Up-to-date symlink: /home/zzy/ur_real/install/ferrobotics/include/ferrobotics/ferrobotics/srv/detail/set_float__struct.hpp
[2.391s] -- Up-to-date symlink: /home/zzy/ur_real/install/ferrobotics/include/ferrobotics/ferrobotics/srv/detail/set_float__traits.hpp
[2.392s] -- Up-to-date symlink: /home/zzy/ur_real/install/ferrobotics/include/ferrobotics/ferrobotics/srv/set_duration.hpp
[2.392s] -- Up-to-date symlink: /home/zzy/ur_real/install/ferrobotics/include/ferrobotics/ferrobotics/srv/set_float.hpp
[2.392s] -- Up-to-date symlink: /home/zzy/ur_real/install/ferrobotics/include/ferrobotics/ferrobotics/msg/detail/acf_telem__rosidl_typesupport_fastrtps_cpp.hpp
[2.393s] -- Up-to-date symlink: /home/zzy/ur_real/install/ferrobotics/include/ferrobotics/ferrobotics/msg/rosidl_typesupport_fastrtps_cpp__visibility_control.h
[2.393s] -- Up-to-date symlink: /home/zzy/ur_real/install/ferrobotics/include/ferrobotics/ferrobotics/srv/detail/set_duration__rosidl_typesupport_fastrtps_cpp.hpp
[2.393s] -- Up-to-date symlink: /home/zzy/ur_real/install/ferrobotics/include/ferrobotics/ferrobotics/srv/detail/set_float__rosidl_typesupport_fastrtps_cpp.hpp
[2.394s] -- Up-to-date symlink: /home/zzy/ur_real/install/ferrobotics/include/ferrobotics/ferrobotics/msg/detail/acf_telem__rosidl_typesupport_introspection_c.h
[2.394s] -- Up-to-date symlink: /home/zzy/ur_real/install/ferrobotics/include/ferrobotics/ferrobotics/msg/rosidl_typesupport_introspection_c__visibility_control.h
[2.395s] -- Up-to-date symlink: /home/zzy/ur_real/install/ferrobotics/include/ferrobotics/ferrobotics/srv/detail/set_duration__rosidl_typesupport_introspection_c.h
[2.395s] -- Up-to-date symlink: /home/zzy/ur_real/install/ferrobotics/include/ferrobotics/ferrobotics/srv/detail/set_float__rosidl_typesupport_introspection_c.h
[2.395s] -- Up-to-date symlink: /home/zzy/ur_real/install/ferrobotics/include/ferrobotics/ferrobotics/msg/detail/acf_telem__rosidl_typesupport_introspection_cpp.hpp
[2.395s] -- Up-to-date symlink: /home/zzy/ur_real/install/ferrobotics/include/ferrobotics/ferrobotics/srv/detail/set_duration__rosidl_typesupport_introspection_cpp.hpp
[2.396s] -- Up-to-date symlink: /home/zzy/ur_real/install/ferrobotics/include/ferrobotics/ferrobotics/srv/detail/set_float__rosidl_typesupport_introspection_cpp.hpp
[2.396s] -- Up-to-date symlink: /home/zzy/ur_real/install/ferrobotics/share/ferrobotics/environment/pythonpath.sh
[2.396s] -- Up-to-date symlink: /home/zzy/ur_real/install/ferrobotics/share/ferrobotics/environment/pythonpath.dsv
[2.396s] -- Up-to-date symlink: /home/zzy/ur_real/install/ferrobotics/local/lib/python3.10/dist-packages/ferrobotics-0.0.0-py3.10.egg-info/PKG-INFO
[2.397s] -- Up-to-date symlink: /home/zzy/ur_real/install/ferrobotics/local/lib/python3.10/dist-packages/ferrobotics-0.0.0-py3.10.egg-info/SOURCES.txt
[2.397s] -- Up-to-date symlink: /home/zzy/ur_real/install/ferrobotics/local/lib/python3.10/dist-packages/ferrobotics-0.0.0-py3.10.egg-info/dependency_links.txt
[2.398s] -- Up-to-date symlink: /home/zzy/ur_real/install/ferrobotics/local/lib/python3.10/dist-packages/ferrobotics-0.0.0-py3.10.egg-info/top_level.txt
[2.398s] -- Up-to-date symlink: /home/zzy/ur_real/install/ferrobotics/local/lib/python3.10/dist-packages/ferrobotics/__init__.py
[2.398s] -- Up-to-date symlink: /home/zzy/ur_real/install/ferrobotics/local/lib/python3.10/dist-packages/ferrobotics/_ferrobotics_s.ep.rosidl_typesupport_c.c
[2.398s] -- Up-to-date symlink: /home/zzy/ur_real/install/ferrobotics/local/lib/python3.10/dist-packages/ferrobotics/_ferrobotics_s.ep.rosidl_typesupport_fastrtps_c.c
[2.399s] -- Up-to-date symlink: /home/zzy/ur_real/install/ferrobotics/local/lib/python3.10/dist-packages/ferrobotics/_ferrobotics_s.ep.rosidl_typesupport_introspection_c.c
[2.399s] -- Up-to-date symlink: /home/zzy/ur_real/install/ferrobotics/local/lib/python3.10/dist-packages/ferrobotics/ferrobotics_s__rosidl_typesupport_c.cpython-310-x86_64-linux-gnu.so
[2.399s] -- Up-to-date symlink: /home/zzy/ur_real/install/ferrobotics/local/lib/python3.10/dist-packages/ferrobotics/ferrobotics_s__rosidl_typesupport_fastrtps_c.cpython-310-x86_64-linux-gnu.so
[2.399s] -- Up-to-date symlink: /home/zzy/ur_real/install/ferrobotics/local/lib/python3.10/dist-packages/ferrobotics/ferrobotics_s__rosidl_typesupport_introspection_c.cpython-310-x86_64-linux-gnu.so
[2.399s] -- Up-to-date symlink: /home/zzy/ur_real/install/ferrobotics/local/lib/python3.10/dist-packages/ferrobotics/libferrobotics__rosidl_generator_py.so
[2.399s] -- Up-to-date symlink: /home/zzy/ur_real/install/ferrobotics/local/lib/python3.10/dist-packages/ferrobotics/msg/__init__.py
[2.399s] -- Up-to-date symlink: /home/zzy/ur_real/install/ferrobotics/local/lib/python3.10/dist-packages/ferrobotics/msg/_acf_telem.py
[2.400s] -- Up-to-date symlink: /home/zzy/ur_real/install/ferrobotics/local/lib/python3.10/dist-packages/ferrobotics/msg/_acf_telem_s.c
[2.400s] -- Up-to-date symlink: /home/zzy/ur_real/install/ferrobotics/local/lib/python3.10/dist-packages/ferrobotics/srv/__init__.py
[2.401s] -- Up-to-date symlink: /home/zzy/ur_real/install/ferrobotics/local/lib/python3.10/dist-packages/ferrobotics/srv/_set_duration.py
[2.401s] -- Up-to-date symlink: /home/zzy/ur_real/install/ferrobotics/local/lib/python3.10/dist-packages/ferrobotics/srv/_set_duration_s.c
[2.401s] -- Up-to-date symlink: /home/zzy/ur_real/install/ferrobotics/local/lib/python3.10/dist-packages/ferrobotics/srv/_set_float.py
[2.402s] -- Up-to-date symlink: /home/zzy/ur_real/install/ferrobotics/local/lib/python3.10/dist-packages/ferrobotics/srv/_set_float_s.c
[2.402s] -- Up-to-date symlink: /home/zzy/ur_real/install/ferrobotics/local/lib/python3.10/dist-packages/ferrobotics/ferrobotics_s__rosidl_typesupport_fastrtps_c.cpython-310-x86_64-linux-gnu.so
[2.402s] -- Up-to-date symlink: /home/zzy/ur_real/install/ferrobotics/local/lib/python3.10/dist-packages/ferrobotics/ferrobotics_s__rosidl_typesupport_introspection_c.cpython-310-x86_64-linux-gnu.so
[2.403s] -- Up-to-date symlink: /home/zzy/ur_real/install/ferrobotics/local/lib/python3.10/dist-packages/ferrobotics/ferrobotics_s__rosidl_typesupport_c.cpython-310-x86_64-linux-gnu.so
[2.403s] -- Up-to-date symlink: /home/zzy/ur_real/install/ferrobotics/share/ferrobotics/msg/ACFTelem.idl
[2.404s] -- Up-to-date symlink: /home/zzy/ur_real/install/ferrobotics/share/ferrobotics/srv/SetFloat.idl
[2.404s] -- Up-to-date symlink: /home/zzy/ur_real/install/ferrobotics/share/ferrobotics/srv/SetDuration.idl
[2.404s] -- Up-to-date symlink: /home/zzy/ur_real/install/ferrobotics/share/ferrobotics/msg/ACFTelem.msg
[2.404s] -- Up-to-date symlink: /home/zzy/ur_real/install/ferrobotics/share/ferrobotics/srv/SetFloat.srv
[2.404s] -- Up-to-date symlink: /home/zzy/ur_real/install/ferrobotics/share/ferrobotics/srv/SetFloat_Request.msg
[2.405s] -- Up-to-date symlink: /home/zzy/ur_real/install/ferrobotics/share/ferrobotics/srv/SetFloat_Response.msg
[2.405s] -- Up-to-date symlink: /home/zzy/ur_real/install/ferrobotics/share/ferrobotics/srv/SetDuration.srv
[2.405s] -- Up-to-date symlink: /home/zzy/ur_real/install/ferrobotics/share/ferrobotics/srv/SetDuration_Request.msg
[2.405s] -- Up-to-date symlink: /home/zzy/ur_real/install/ferrobotics/share/ferrobotics/srv/SetDuration_Response.msg
[2.406s] -- Up-to-date symlink: /home/zzy/ur_real/install/ferrobotics/share/ferrobotics/srv/srv/SetDuration.srv
[2.406s] -- Up-to-date symlink: /home/zzy/ur_real/install/ferrobotics/share/ferrobotics/srv/srv/SetFloat.srv
[2.406s] -- Up-to-date symlink: /home/zzy/ur_real/install/ferrobotics/share/ferrobotics/msg/msg/ACFTelem.msg
[2.406s] -- Up-to-date symlink: /home/zzy/ur_real/install/ferrobotics/share/ament_index/resource_index/package_run_dependencies/ferrobotics
[2.407s] -- Up-to-date symlink: /home/zzy/ur_real/install/ferrobotics/share/ament_index/resource_index/parent_prefix_path/ferrobotics
[2.407s] -- Up-to-date symlink: /home/zzy/ur_real/install/ferrobotics/share/ferrobotics/environment/ament_prefix_path.sh
[2.407s] -- Up-to-date symlink: /home/zzy/ur_real/install/ferrobotics/share/ferrobotics/environment/ament_prefix_path.dsv
[2.407s] -- Up-to-date symlink: /home/zzy/ur_real/install/ferrobotics/share/ferrobotics/environment/path.sh
[2.407s] -- Up-to-date symlink: /home/zzy/ur_real/install/ferrobotics/share/ferrobotics/environment/path.dsv
[2.407s] -- Up-to-date symlink: /home/zzy/ur_real/install/ferrobotics/share/ferrobotics/local_setup.bash
[2.408s] -- Up-to-date symlink: /home/zzy/ur_real/install/ferrobotics/share/ferrobotics/local_setup.sh
[2.408s] -- Up-to-date symlink: /home/zzy/ur_real/install/ferrobotics/share/ferrobotics/local_setup.zsh
[2.408s] -- Up-to-date symlink: /home/zzy/ur_real/install/ferrobotics/share/ferrobotics/local_setup.dsv
[2.408s] -- Symlinking: /home/zzy/ur_real/install/ferrobotics/share/ferrobotics/package.dsv
[2.415s] -- Up-to-date symlink: /home/zzy/ur_real/install/ferrobotics/share/ament_index/resource_index/packages/ferrobotics
[2.415s] -- Up-to-date symlink: /home/zzy/ur_real/install/ferrobotics/share/ferrobotics/cmake/rosidl_cmake-extras.cmake
[2.415s] -- Up-to-date symlink: /home/zzy/ur_real/install/ferrobotics/share/ferrobotics/cmake/ament_cmake_export_dependencies-extras.cmake
[2.415s] -- Up-to-date symlink: /home/zzy/ur_real/install/ferrobotics/share/ferrobotics/cmake/ament_cmake_export_include_directories-extras.cmake
[2.415s] -- Up-to-date symlink: /home/zzy/ur_real/install/ferrobotics/share/ferrobotics/cmake/ament_cmake_export_libraries-extras.cmake
[2.415s] -- Up-to-date symlink: /home/zzy/ur_real/install/ferrobotics/share/ferrobotics/cmake/ament_cmake_export_targets-extras.cmake
[2.416s] -- Up-to-date symlink: /home/zzy/ur_real/install/ferrobotics/share/ferrobotics/cmake/rosidl_cmake_export_typesupport_targets-extras.cmake
[2.416s] -- Up-to-date symlink: /home/zzy/ur_real/install/ferrobotics/share/ferrobotics/cmake/rosidl_cmake_export_typesupport_libraries-extras.cmake
[2.416s] -- Up-to-date symlink: /home/zzy/ur_real/install/ferrobotics/share/ferrobotics/cmake/ferroboticsConfig.cmake
[2.416s] -- Up-to-date symlink: /home/zzy/ur_real/install/ferrobotics/share/ferrobotics/cmake/ferroboticsConfig-version.cmake
[2.416s] -- Up-to-date symlink: /home/zzy/ur_real/install/ferrobotics/share/ferrobotics/package.xml
[2.417s] -- Installing: /home/zzy/ur_real/install/ferrobotics/lib/libferrobotics__rosidl_generator_c.so
[2.417s] -- Set runtime path of "/home/zzy/ur_real/install/ferrobotics/lib/libferrobotics__rosidl_generator_c.so" to ""
[2.418s] -- Installing: /home/zzy/ur_real/install/ferrobotics/lib/libferrobotics__rosidl_typesupport_fastrtps_c.so
[2.418s] -- Set runtime path of "/home/zzy/ur_real/install/ferrobotics/lib/libferrobotics__rosidl_typesupport_fastrtps_c.so" to ""
[2.418s] -- Installing: /home/zzy/ur_real/install/ferrobotics/lib/libferrobotics__rosidl_typesupport_fastrtps_cpp.so
[2.418s] -- Set runtime path of "/home/zzy/ur_real/install/ferrobotics/lib/libferrobotics__rosidl_typesupport_fastrtps_cpp.so" to ""
[2.419s] -- Installing: /home/zzy/ur_real/install/ferrobotics/lib/libferrobotics__rosidl_typesupport_introspection_c.so
[2.419s] -- Set runtime path of "/home/zzy/ur_real/install/ferrobotics/lib/libferrobotics__rosidl_typesupport_introspection_c.so" to ""
[2.419s] -- Installing: /home/zzy/ur_real/install/ferrobotics/lib/libferrobotics__rosidl_typesupport_c.so
[2.420s] -- Set runtime path of "/home/zzy/ur_real/install/ferrobotics/lib/libferrobotics__rosidl_typesupport_c.so" to ""
[2.420s] -- Installing: /home/zzy/ur_real/install/ferrobotics/lib/libferrobotics__rosidl_typesupport_introspection_cpp.so
[2.420s] -- Set runtime path of "/home/zzy/ur_real/install/ferrobotics/lib/libferrobotics__rosidl_typesupport_introspection_cpp.so" to ""
[2.420s] -- Installing: /home/zzy/ur_real/install/ferrobotics/lib/libferrobotics__rosidl_typesupport_cpp.so
[2.421s] -- Set runtime path of "/home/zzy/ur_real/install/ferrobotics/lib/libferrobotics__rosidl_typesupport_cpp.so" to ""
[2.482s] Listing '/home/zzy/ur_real/install/ferrobotics/local/lib/python3.10/dist-packages/ferrobotics'...
[2.482s] Listing '/home/zzy/ur_real/install/ferrobotics/local/lib/python3.10/dist-packages/ferrobotics/msg'...
[2.482s] Listing '/home/zzy/ur_real/install/ferrobotics/local/lib/python3.10/dist-packages/ferrobotics/srv'...
[2.489s] -- Installing: /home/zzy/ur_real/install/ferrobotics/lib/libferrobotics__rosidl_generator_py.so
[2.490s] -- Set runtime path of "/home/zzy/ur_real/install/ferrobotics/lib/libferrobotics__rosidl_generator_py.so" to ""
[2.491s] -- Up-to-date: /home/zzy/ur_real/install/ferrobotics/share/ferrobotics/cmake/export_ferrobotics__rosidl_generator_cExport.cmake
[2.491s] -- Up-to-date: /home/zzy/ur_real/install/ferrobotics/share/ferrobotics/cmake/export_ferrobotics__rosidl_generator_cExport-noconfig.cmake
[2.491s] -- Up-to-date: /home/zzy/ur_real/install/ferrobotics/share/ferrobotics/cmake/export_ferrobotics__rosidl_typesupport_fastrtps_cExport.cmake
[2.491s] -- Up-to-date: /home/zzy/ur_real/install/ferrobotics/share/ferrobotics/cmake/export_ferrobotics__rosidl_typesupport_fastrtps_cExport-noconfig.cmake
[2.492s] -- Up-to-date: /home/zzy/ur_real/install/ferrobotics/share/ferrobotics/cmake/export_ferrobotics__rosidl_generator_cppExport.cmake
[2.492s] -- Up-to-date: /home/zzy/ur_real/install/ferrobotics/share/ferrobotics/cmake/export_ferrobotics__rosidl_typesupport_fastrtps_cppExport.cmake
[2.492s] -- Up-to-date: /home/zzy/ur_real/install/ferrobotics/share/ferrobotics/cmake/export_ferrobotics__rosidl_typesupport_fastrtps_cppExport-noconfig.cmake
[2.493s] -- Up-to-date: /home/zzy/ur_real/install/ferrobotics/share/ferrobotics/cmake/ferrobotics__rosidl_typesupport_introspection_cExport.cmake
[2.493s] -- Up-to-date: /home/zzy/ur_real/install/ferrobotics/share/ferrobotics/cmake/ferrobotics__rosidl_typesupport_introspection_cExport-noconfig.cmake
[2.493s] -- Up-to-date: /home/zzy/ur_real/install/ferrobotics/share/ferrobotics/cmake/ferrobotics__rosidl_typesupport_cExport.cmake
[2.493s] -- Up-to-date: /home/zzy/ur_real/install/ferrobotics/share/ferrobotics/cmake/ferrobotics__rosidl_typesupport_cExport-noconfig.cmake
[2.494s] -- Up-to-date: /home/zzy/ur_real/install/ferrobotics/share/ferrobotics/cmake/ferrobotics__rosidl_typesupport_introspection_cppExport.cmake
[2.494s] -- Up-to-date: /home/zzy/ur_real/install/ferrobotics/share/ferrobotics/cmake/ferrobotics__rosidl_typesupport_introspection_cppExport-noconfig.cmake
[2.494s] -- Up-to-date: /home/zzy/ur_real/install/ferrobotics/share/ferrobotics/cmake/ferrobotics__rosidl_typesupport_cppExport.cmake
[2.495s] -- Up-to-date: /home/zzy/ur_real/install/ferrobotics/share/ferrobotics/cmake/ferrobotics__rosidl_typesupport_cppExport-noconfig.cmake
[2.495s] -- Up-to-date: /home/zzy/ur_real/install/ferrobotics/share/ferrobotics/cmake/export_ferrobotics__rosidl_generator_pyExport.cmake
[2.495s] -- Up-to-date: /home/zzy/ur_real/install/ferrobotics/share/ferrobotics/cmake/export_ferrobotics__rosidl_generator_pyExport-noconfig.cmake
[2.498s] Invoked command in '/home/zzy/ur_real/build/ferrobotics' returned '0': CMAKE_PREFIX_PATH=${CMAKE_PREFIX_PATH}:/home/zzy/ur_real/install/ur10_vel:/home/zzy/ur_real/install/gravity_compensation:/home/zzy/ur_real/install/ferrobotics_acf:/home/zzy/ur_real/install/easy_handeye2:/home/zzy/ur_real/install/camera:/home/zzy/ur_real/install/ati_sensor:/opt/ros/humble /usr/bin/cmake --install /home/zzy/ur_real/build/ferrobotics
