[0.041s] Invoking command in '/home/zzy/ur_real/build/easy_handeye2_msgs': CMAKE_PREFIX_PATH=${CMAKE_PREFIX_PATH}:/home/zzy/ur_real/install/ur10_vel:/home/zzy/ur_real/install/gravity_compensation:/home/zzy/ur_real/install/ferrobotics_acf:/home/zzy/ur_real/install/easy_handeye2:/home/zzy/ur_real/install/camera:/home/zzy/ur_real/install/ati_sensor:/opt/ros/humble /usr/bin/cmake --build /home/zzy/ur_real/build/easy_handeye2_msgs -- -j24 -l24
[1.593s] [35m[1mConsolidate compiler generated dependencies of target easy_handeye2_msgs__rosidl_generator_c[0m
[1.594s] [  0%] Built target easy_handeye2_msgs__cpp
[1.594s] [  0%] Built target ament_cmake_python_symlink_easy_handeye2_msgs
[1.594s] [  1%] [32mBuilding C object CMakeFiles/easy_handeye2_msgs__rosidl_generator_c.dir/rosidl_generator_c/easy_handeye2_msgs/msg/detail/sample__functions.c.o[0m
[1.594s] [  1%] [32mBuilding C object CMakeFiles/easy_handeye2_msgs__rosidl_generator_c.dir/rosidl_generator_c/easy_handeye2_msgs/msg/detail/handeye_calibration_parameters__functions.c.o[0m
[1.594s] [  2%] [32mBuilding C object CMakeFiles/easy_handeye2_msgs__rosidl_generator_c.dir/rosidl_generator_c/easy_handeye2_msgs/msg/detail/handeye_calibration__functions.c.o[0m
[1.594s] [  3%] [32mBuilding C object CMakeFiles/easy_handeye2_msgs__rosidl_generator_c.dir/rosidl_generator_c/easy_handeye2_msgs/msg/detail/sample_list__functions.c.o[0m
[1.595s] [  3%] [32mBuilding C object CMakeFiles/easy_handeye2_msgs__rosidl_generator_c.dir/rosidl_generator_c/easy_handeye2_msgs/msg/detail/target_pose_list__functions.c.o[0m
[1.595s] [  4%] [32mBuilding C object CMakeFiles/easy_handeye2_msgs__rosidl_generator_c.dir/rosidl_generator_c/easy_handeye2_msgs/srv/detail/list_algorithms__functions.c.o[0m
[1.595s] [  4%] [32mBuilding C object CMakeFiles/easy_handeye2_msgs__rosidl_generator_c.dir/rosidl_generator_c/easy_handeye2_msgs/srv/detail/set_algorithm__functions.c.o[0m
[1.595s] [35m[1mConsolidate compiler generated dependencies of target easy_handeye2_msgs__rosidl_typesupport_cpp[0m
[1.595s] [35m[1mConsolidate compiler generated dependencies of target easy_handeye2_msgs__rosidl_typesupport_introspection_cpp[0m
[1.595s] [  5%] [32mBuilding C object CMakeFiles/easy_handeye2_msgs__rosidl_generator_c.dir/rosidl_generator_c/easy_handeye2_msgs/srv/detail/save_calibration__functions.c.o[0m
[1.595s] [35m[1mConsolidate compiler generated dependencies of target easy_handeye2_msgs__rosidl_typesupport_fastrtps_cpp[0m
[1.595s] [  6%] [32mBuilding C object CMakeFiles/easy_handeye2_msgs__rosidl_generator_c.dir/rosidl_generator_c/easy_handeye2_msgs/srv/detail/take_sample__functions.c.o[0m
[1.595s] [  7%] [32mBuilding C object CMakeFiles/easy_handeye2_msgs__rosidl_generator_c.dir/rosidl_generator_c/easy_handeye2_msgs/srv/detail/compute_calibration__functions.c.o[0m
[1.595s] [  8%] [32mBuilding C object CMakeFiles/easy_handeye2_msgs__rosidl_generator_c.dir/rosidl_generator_c/easy_handeye2_msgs/srv/detail/load_samples__functions.c.o[0m
[1.595s] [  9%] [32mBuilding C object CMakeFiles/easy_handeye2_msgs__rosidl_generator_c.dir/rosidl_generator_c/easy_handeye2_msgs/srv/detail/select_target_pose__functions.c.o[0m
[1.595s] [ 10%] [32mBuilding C object CMakeFiles/easy_handeye2_msgs__rosidl_generator_c.dir/rosidl_generator_c/easy_handeye2_msgs/srv/detail/check_starting_pose__functions.c.o[0m
[1.595s] [ 10%] [32mBuilding C object CMakeFiles/easy_handeye2_msgs__rosidl_generator_c.dir/rosidl_generator_c/easy_handeye2_msgs/srv/detail/remove_sample__functions.c.o[0m
[1.596s] [ 10%] [32mBuilding C object CMakeFiles/easy_handeye2_msgs__rosidl_generator_c.dir/rosidl_generator_c/easy_handeye2_msgs/srv/detail/save_samples__functions.c.o[0m
[1.596s] [ 10%] [32mBuilding C object CMakeFiles/easy_handeye2_msgs__rosidl_generator_c.dir/rosidl_generator_c/easy_handeye2_msgs/srv/detail/enumerate_target_poses__functions.c.o[0m
[1.596s] [ 10%] [32mBuilding C object CMakeFiles/easy_handeye2_msgs__rosidl_generator_c.dir/rosidl_generator_c/easy_handeye2_msgs/srv/detail/plan_to_selected_target_pose__functions.c.o[0m
[1.596s] [ 11%] [32mBuilding C object CMakeFiles/easy_handeye2_msgs__rosidl_generator_c.dir/rosidl_generator_c/easy_handeye2_msgs/srv/detail/execute_plan__functions.c.o[0m
[1.596s] [ 13%] [32mBuilding CXX object CMakeFiles/easy_handeye2_msgs__rosidl_typesupport_fastrtps_cpp.dir/rosidl_typesupport_fastrtps_cpp/easy_handeye2_msgs/msg/detail/dds_fastrtps/handeye_calibration__type_support.cpp.o[0m
[1.596s] [ 13%] [32mBuilding CXX object CMakeFiles/easy_handeye2_msgs__rosidl_typesupport_introspection_cpp.dir/rosidl_typesupport_introspection_cpp/easy_handeye2_msgs/msg/detail/handeye_calibration__type_support.cpp.o[0m
[1.596s] [ 13%] [32mBuilding CXX object CMakeFiles/easy_handeye2_msgs__rosidl_typesupport_cpp.dir/rosidl_typesupport_cpp/easy_handeye2_msgs/msg/handeye_calibration__type_support.cpp.o[0m
[1.596s] [ 14%] [32mBuilding CXX object CMakeFiles/easy_handeye2_msgs__rosidl_typesupport_cpp.dir/rosidl_typesupport_cpp/easy_handeye2_msgs/msg/handeye_calibration_parameters__type_support.cpp.o[0m
[1.596s] [ 14%] [32mBuilding CXX object CMakeFiles/easy_handeye2_msgs__rosidl_typesupport_introspection_cpp.dir/rosidl_typesupport_introspection_cpp/easy_handeye2_msgs/msg/detail/handeye_calibration_parameters__type_support.cpp.o[0m
[1.596s] [ 15%] [32mBuilding CXX object CMakeFiles/easy_handeye2_msgs__rosidl_typesupport_introspection_cpp.dir/rosidl_typesupport_introspection_cpp/easy_handeye2_msgs/msg/detail/sample__type_support.cpp.o[0m
[1.597s] [ 15%] [32mBuilding CXX object CMakeFiles/easy_handeye2_msgs__rosidl_typesupport_cpp.dir/rosidl_typesupport_cpp/easy_handeye2_msgs/msg/sample_list__type_support.cpp.o[0m
[1.597s] [ 16%] [32mBuilding CXX object CMakeFiles/easy_handeye2_msgs__rosidl_typesupport_introspection_cpp.dir/rosidl_typesupport_introspection_cpp/easy_handeye2_msgs/msg/detail/sample_list__type_support.cpp.o[0m
[1.597s] [ 17%] [32mBuilding CXX object CMakeFiles/easy_handeye2_msgs__rosidl_typesupport_cpp.dir/rosidl_typesupport_cpp/easy_handeye2_msgs/msg/sample__type_support.cpp.o[0m
[1.597s] [ 18%] [32mBuilding CXX object CMakeFiles/easy_handeye2_msgs__rosidl_typesupport_introspection_cpp.dir/rosidl_typesupport_introspection_cpp/easy_handeye2_msgs/srv/detail/list_algorithms__type_support.cpp.o[0m
[1.597s] [ 18%] [32mBuilding CXX object CMakeFiles/easy_handeye2_msgs__rosidl_typesupport_introspection_cpp.dir/rosidl_typesupport_introspection_cpp/easy_handeye2_msgs/msg/detail/target_pose_list__type_support.cpp.o[0m
[1.597s] [ 18%] [32mBuilding CXX object CMakeFiles/easy_handeye2_msgs__rosidl_typesupport_cpp.dir/rosidl_typesupport_cpp/easy_handeye2_msgs/srv/list_algorithms__type_support.cpp.o[0m
[1.597s] [ 19%] [32mBuilding CXX object CMakeFiles/easy_handeye2_msgs__rosidl_typesupport_cpp.dir/rosidl_typesupport_cpp/easy_handeye2_msgs/srv/set_algorithm__type_support.cpp.o[0m
[1.597s] [ 20%] [32mBuilding CXX object CMakeFiles/easy_handeye2_msgs__rosidl_typesupport_cpp.dir/rosidl_typesupport_cpp/easy_handeye2_msgs/msg/target_pose_list__type_support.cpp.o[0m
[1.597s] [ 21%] [32mBuilding CXX object CMakeFiles/easy_handeye2_msgs__rosidl_typesupport_fastrtps_cpp.dir/rosidl_typesupport_fastrtps_cpp/easy_handeye2_msgs/msg/detail/dds_fastrtps/sample__type_support.cpp.o[0m
[1.597s] [ 21%] [32mBuilding CXX object CMakeFiles/easy_handeye2_msgs__rosidl_typesupport_fastrtps_cpp.dir/rosidl_typesupport_fastrtps_cpp/easy_handeye2_msgs/msg/detail/dds_fastrtps/handeye_calibration_parameters__type_support.cpp.o[0m
[1.597s] [ 21%] [32mBuilding CXX object CMakeFiles/easy_handeye2_msgs__rosidl_typesupport_fastrtps_cpp.dir/rosidl_typesupport_fastrtps_cpp/easy_handeye2_msgs/msg/detail/dds_fastrtps/sample_list__type_support.cpp.o[0m
[1.597s] [ 21%] [32mBuilding CXX object CMakeFiles/easy_handeye2_msgs__rosidl_typesupport_introspection_cpp.dir/rosidl_typesupport_introspection_cpp/easy_handeye2_msgs/srv/detail/set_algorithm__type_support.cpp.o[0m
[1.597s] [ 22%] [32mBuilding CXX object CMakeFiles/easy_handeye2_msgs__rosidl_typesupport_fastrtps_cpp.dir/rosidl_typesupport_fastrtps_cpp/easy_handeye2_msgs/msg/detail/dds_fastrtps/target_pose_list__type_support.cpp.o[0m
[1.597s] [ 23%] [32mBuilding CXX object CMakeFiles/easy_handeye2_msgs__rosidl_typesupport_fastrtps_cpp.dir/rosidl_typesupport_fastrtps_cpp/easy_handeye2_msgs/srv/detail/dds_fastrtps/list_algorithms__type_support.cpp.o[0m
[1.597s] [ 24%] [32mBuilding CXX object CMakeFiles/easy_handeye2_msgs__rosidl_typesupport_cpp.dir/rosidl_typesupport_cpp/easy_handeye2_msgs/srv/compute_calibration__type_support.cpp.o[0m
[1.597s] [ 25%] [32mBuilding CXX object CMakeFiles/easy_handeye2_msgs__rosidl_typesupport_introspection_cpp.dir/rosidl_typesupport_introspection_cpp/easy_handeye2_msgs/srv/detail/compute_calibration__type_support.cpp.o[0m
[1.598s] [ 26%] [32m[1mLinking C shared library libeasy_handeye2_msgs__rosidl_generator_c.so[0m
[1.598s] [ 26%] Built target easy_handeye2_msgs__rosidl_generator_c
[1.598s] [ 26%] [32mBuilding CXX object CMakeFiles/easy_handeye2_msgs__rosidl_typesupport_fastrtps_cpp.dir/rosidl_typesupport_fastrtps_cpp/easy_handeye2_msgs/srv/detail/dds_fastrtps/set_algorithm__type_support.cpp.o[0m
[1.598s] running egg_info
[1.598s] writing easy_handeye2_msgs.egg-info/PKG-INFO
[1.598s] writing dependency_links to easy_handeye2_msgs.egg-info/dependency_links.txt
[1.598s] writing top-level names to easy_handeye2_msgs.egg-info/top_level.txt
[1.598s] [ 26%] [32mBuilding CXX object CMakeFiles/easy_handeye2_msgs__rosidl_typesupport_cpp.dir/rosidl_typesupport_cpp/easy_handeye2_msgs/srv/save_calibration__type_support.cpp.o[0m
[1.598s] [ 27%] [32mBuilding CXX object CMakeFiles/easy_handeye2_msgs__rosidl_typesupport_cpp.dir/rosidl_typesupport_cpp/easy_handeye2_msgs/srv/remove_sample__type_support.cpp.o[0m
[1.598s] [ 27%] [32mBuilding CXX object CMakeFiles/easy_handeye2_msgs__rosidl_typesupport_cpp.dir/rosidl_typesupport_cpp/easy_handeye2_msgs/srv/take_sample__type_support.cpp.o[0m
[1.598s] [ 27%] [32mBuilding CXX object CMakeFiles/easy_handeye2_msgs__rosidl_typesupport_fastrtps_cpp.dir/rosidl_typesupport_fastrtps_cpp/easy_handeye2_msgs/srv/detail/dds_fastrtps/save_calibration__type_support.cpp.o[0m
[1.598s] [ 28%] [32mBuilding CXX object CMakeFiles/easy_handeye2_msgs__rosidl_typesupport_cpp.dir/rosidl_typesupport_cpp/easy_handeye2_msgs/srv/save_samples__type_support.cpp.o[0m
[1.598s] [ 29%] [32mBuilding CXX object CMakeFiles/easy_handeye2_msgs__rosidl_typesupport_fastrtps_cpp.dir/rosidl_typesupport_fastrtps_cpp/easy_handeye2_msgs/srv/detail/dds_fastrtps/compute_calibration__type_support.cpp.o[0m
[1.598s] reading manifest file 'easy_handeye2_msgs.egg-info/SOURCES.txt'
[1.598s] [ 30%] [32mBuilding CXX object CMakeFiles/easy_handeye2_msgs__rosidl_typesupport_cpp.dir/rosidl_typesupport_cpp/easy_handeye2_msgs/srv/load_samples__type_support.cpp.o[0m
[1.598s] writing manifest file 'easy_handeye2_msgs.egg-info/SOURCES.txt'
[1.598s] [ 30%] Built target ament_cmake_python_build_easy_handeye2_msgs_egg
[1.599s] [ 31%] [32mBuilding CXX object CMakeFiles/easy_handeye2_msgs__rosidl_typesupport_introspection_cpp.dir/rosidl_typesupport_introspection_cpp/easy_handeye2_msgs/srv/detail/save_calibration__type_support.cpp.o[0m
[1.599s] [ 31%] [32mBuilding CXX object CMakeFiles/easy_handeye2_msgs__rosidl_typesupport_cpp.dir/rosidl_typesupport_cpp/easy_handeye2_msgs/srv/check_starting_pose__type_support.cpp.o[0m
[1.599s] [ 32%] [32mBuilding CXX object CMakeFiles/easy_handeye2_msgs__rosidl_typesupport_fastrtps_cpp.dir/rosidl_typesupport_fastrtps_cpp/easy_handeye2_msgs/srv/detail/dds_fastrtps/remove_sample__type_support.cpp.o[0m
[1.599s] [35m[1mConsolidate compiler generated dependencies of target easy_handeye2_msgs__rosidl_typesupport_fastrtps_c[0m
[1.599s] [ 32%] [32mBuilding CXX object CMakeFiles/easy_handeye2_msgs__rosidl_typesupport_introspection_cpp.dir/rosidl_typesupport_introspection_cpp/easy_handeye2_msgs/srv/detail/remove_sample__type_support.cpp.o[0m
[1.599s] [ 32%] [32mBuilding CXX object CMakeFiles/easy_handeye2_msgs__rosidl_typesupport_fastrtps_c.dir/rosidl_typesupport_fastrtps_c/easy_handeye2_msgs/msg/detail/handeye_calibration__type_support_c.cpp.o[0m
[1.599s] [35m[1mConsolidate compiler generated dependencies of target easy_handeye2_msgs__rosidl_typesupport_c[0m
[1.600s] [35m[1mConsolidate compiler generated dependencies of target easy_handeye2_msgs__rosidl_typesupport_introspection_c[0m
[1.600s] [ 33%] [32mBuilding CXX object CMakeFiles/easy_handeye2_msgs__rosidl_typesupport_introspection_cpp.dir/rosidl_typesupport_introspection_cpp/easy_handeye2_msgs/srv/detail/take_sample__type_support.cpp.o[0m
[1.600s] [ 34%] [32mBuilding CXX object CMakeFiles/easy_handeye2_msgs__rosidl_typesupport_cpp.dir/rosidl_typesupport_cpp/easy_handeye2_msgs/srv/enumerate_target_poses__type_support.cpp.o[0m
[1.600s] [ 34%] [32mBuilding CXX object CMakeFiles/easy_handeye2_msgs__rosidl_typesupport_c.dir/rosidl_typesupport_c/easy_handeye2_msgs/msg/handeye_calibration__type_support.cpp.o[0m
[1.600s] [ 35%] [32mBuilding CXX object CMakeFiles/easy_handeye2_msgs__rosidl_typesupport_fastrtps_c.dir/rosidl_typesupport_fastrtps_c/easy_handeye2_msgs/msg/detail/handeye_calibration_parameters__type_support_c.cpp.o[0m
[1.600s] [ 36%] [32mBuilding CXX object CMakeFiles/easy_handeye2_msgs__rosidl_typesupport_fastrtps_cpp.dir/rosidl_typesupport_fastrtps_cpp/easy_handeye2_msgs/srv/detail/dds_fastrtps/take_sample__type_support.cpp.o[0m
[1.605s] [ 37%] [32mBuilding CXX object CMakeFiles/easy_handeye2_msgs__rosidl_typesupport_fastrtps_c.dir/rosidl_typesupport_fastrtps_c/easy_handeye2_msgs/msg/detail/sample__type_support_c.cpp.o[0m
[1.606s] [ 38%] [32mBuilding C object CMakeFiles/easy_handeye2_msgs__rosidl_typesupport_introspection_c.dir/rosidl_typesupport_introspection_c/easy_handeye2_msgs/msg/detail/handeye_calibration__type_support.c.o[0m
[1.606s] [ 38%] [32mBuilding CXX object CMakeFiles/easy_handeye2_msgs__rosidl_typesupport_fastrtps_cpp.dir/rosidl_typesupport_fastrtps_cpp/easy_handeye2_msgs/srv/detail/dds_fastrtps/save_samples__type_support.cpp.o[0m
[1.606s] [ 38%] [32mBuilding CXX object CMakeFiles/easy_handeye2_msgs__rosidl_typesupport_introspection_cpp.dir/rosidl_typesupport_introspection_cpp/easy_handeye2_msgs/srv/detail/save_samples__type_support.cpp.o[0m
[1.606s] [ 39%] [32mBuilding CXX object CMakeFiles/easy_handeye2_msgs__rosidl_typesupport_c.dir/rosidl_typesupport_c/easy_handeye2_msgs/msg/handeye_calibration_parameters__type_support.cpp.o[0m
[1.606s] [ 40%] [32mBuilding CXX object CMakeFiles/easy_handeye2_msgs__rosidl_typesupport_fastrtps_cpp.dir/rosidl_typesupport_fastrtps_cpp/easy_handeye2_msgs/srv/detail/dds_fastrtps/load_samples__type_support.cpp.o[0m
[1.606s] [ 40%] [32mBuilding C object CMakeFiles/easy_handeye2_msgs__rosidl_typesupport_introspection_c.dir/rosidl_typesupport_introspection_c/easy_handeye2_msgs/msg/detail/handeye_calibration_parameters__type_support.c.o[0m
[1.606s] [ 40%] [32mBuilding CXX object CMakeFiles/easy_handeye2_msgs__rosidl_typesupport_c.dir/rosidl_typesupport_c/easy_handeye2_msgs/msg/sample__type_support.cpp.o[0m
[1.606s] [ 41%] [32mBuilding CXX object CMakeFiles/easy_handeye2_msgs__rosidl_typesupport_c.dir/rosidl_typesupport_c/easy_handeye2_msgs/msg/sample_list__type_support.cpp.o[0m
[1.606s] [ 42%] [32mBuilding C object CMakeFiles/easy_handeye2_msgs__rosidl_typesupport_introspection_c.dir/rosidl_typesupport_introspection_c/easy_handeye2_msgs/msg/detail/sample__type_support.c.o[0m
[1.606s] [ 42%] [32mBuilding CXX object CMakeFiles/easy_handeye2_msgs__rosidl_typesupport_cpp.dir/rosidl_typesupport_cpp/easy_handeye2_msgs/srv/select_target_pose__type_support.cpp.o[0m
[1.606s] [ 43%] [32mBuilding CXX object CMakeFiles/easy_handeye2_msgs__rosidl_typesupport_c.dir/rosidl_typesupport_c/easy_handeye2_msgs/msg/target_pose_list__type_support.cpp.o[0m
[1.606s] [ 44%] [32mBuilding CXX object CMakeFiles/easy_handeye2_msgs__rosidl_typesupport_c.dir/rosidl_typesupport_c/easy_handeye2_msgs/srv/set_algorithm__type_support.cpp.o[0m
[1.606s] [ 44%] [32mBuilding CXX object CMakeFiles/easy_handeye2_msgs__rosidl_typesupport_c.dir/rosidl_typesupport_c/easy_handeye2_msgs/srv/list_algorithms__type_support.cpp.o[0m
[1.606s] [ 45%] [32mBuilding CXX object CMakeFiles/easy_handeye2_msgs__rosidl_typesupport_cpp.dir/rosidl_typesupport_cpp/easy_handeye2_msgs/srv/plan_to_selected_target_pose__type_support.cpp.o[0m
[1.606s] [ 45%] [32mBuilding CXX object CMakeFiles/easy_handeye2_msgs__rosidl_typesupport_fastrtps_cpp.dir/rosidl_typesupport_fastrtps_cpp/easy_handeye2_msgs/srv/detail/dds_fastrtps/check_starting_pose__type_support.cpp.o[0m
[1.606s] [ 45%] [32mBuilding CXX object CMakeFiles/easy_handeye2_msgs__rosidl_typesupport_c.dir/rosidl_typesupport_c/easy_handeye2_msgs/srv/compute_calibration__type_support.cpp.o[0m
[1.607s] [ 46%] [32mBuilding CXX object CMakeFiles/easy_handeye2_msgs__rosidl_typesupport_cpp.dir/rosidl_typesupport_cpp/easy_handeye2_msgs/srv/execute_plan__type_support.cpp.o[0m
[1.607s] [ 46%] [32mBuilding C object CMakeFiles/easy_handeye2_msgs__rosidl_typesupport_introspection_c.dir/rosidl_typesupport_introspection_c/easy_handeye2_msgs/msg/detail/sample_list__type_support.c.o[0m
[1.607s] [ 47%] [32mBuilding CXX object CMakeFiles/easy_handeye2_msgs__rosidl_typesupport_c.dir/rosidl_typesupport_c/easy_handeye2_msgs/srv/save_calibration__type_support.cpp.o[0m
[1.607s] [ 48%] [32mBuilding CXX object CMakeFiles/easy_handeye2_msgs__rosidl_typesupport_introspection_cpp.dir/rosidl_typesupport_introspection_cpp/easy_handeye2_msgs/srv/detail/load_samples__type_support.cpp.o[0m
[1.607s] [ 49%] [32mBuilding CXX object CMakeFiles/easy_handeye2_msgs__rosidl_typesupport_c.dir/rosidl_typesupport_c/easy_handeye2_msgs/srv/remove_sample__type_support.cpp.o[0m
[1.607s] [ 50%] [32mBuilding C object CMakeFiles/easy_handeye2_msgs__rosidl_typesupport_introspection_c.dir/rosidl_typesupport_introspection_c/easy_handeye2_msgs/msg/detail/target_pose_list__type_support.c.o[0m
[1.607s] [ 51%] [32mBuilding CXX object CMakeFiles/easy_handeye2_msgs__rosidl_typesupport_introspection_cpp.dir/rosidl_typesupport_introspection_cpp/easy_handeye2_msgs/srv/detail/check_starting_pose__type_support.cpp.o[0m
[1.607s] [ 51%] [32mBuilding CXX object CMakeFiles/easy_handeye2_msgs__rosidl_typesupport_fastrtps_c.dir/rosidl_typesupport_fastrtps_c/easy_handeye2_msgs/msg/detail/sample_list__type_support_c.cpp.o[0m
[1.607s] [ 52%] [32mBuilding CXX object CMakeFiles/easy_handeye2_msgs__rosidl_typesupport_fastrtps_c.dir/rosidl_typesupport_fastrtps_c/easy_handeye2_msgs/msg/detail/target_pose_list__type_support_c.cpp.o[0m
[1.607s] [ 53%] [32mBuilding C object CMakeFiles/easy_handeye2_msgs__rosidl_typesupport_introspection_c.dir/rosidl_typesupport_introspection_c/easy_handeye2_msgs/srv/detail/list_algorithms__type_support.c.o[0m
[1.607s] [ 54%] [32mBuilding CXX object CMakeFiles/easy_handeye2_msgs__rosidl_typesupport_fastrtps_cpp.dir/rosidl_typesupport_fastrtps_cpp/easy_handeye2_msgs/srv/detail/dds_fastrtps/enumerate_target_poses__type_support.cpp.o[0m
[1.607s] [ 55%] [32mBuilding CXX object CMakeFiles/easy_handeye2_msgs__rosidl_typesupport_fastrtps_cpp.dir/rosidl_typesupport_fastrtps_cpp/easy_handeye2_msgs/srv/detail/dds_fastrtps/select_target_pose__type_support.cpp.o[0m
[1.607s] [ 55%] [32mBuilding CXX object CMakeFiles/easy_handeye2_msgs__rosidl_typesupport_c.dir/rosidl_typesupport_c/easy_handeye2_msgs/srv/take_sample__type_support.cpp.o[0m
[1.607s] [ 56%] [32mBuilding CXX object CMakeFiles/easy_handeye2_msgs__rosidl_typesupport_c.dir/rosidl_typesupport_c/easy_handeye2_msgs/srv/save_samples__type_support.cpp.o[0m
[1.607s] [ 56%] [32mBuilding CXX object CMakeFiles/easy_handeye2_msgs__rosidl_typesupport_c.dir/rosidl_typesupport_c/easy_handeye2_msgs/srv/load_samples__type_support.cpp.o[0m
[1.607s] [ 56%] [32mBuilding CXX object CMakeFiles/easy_handeye2_msgs__rosidl_typesupport_fastrtps_c.dir/rosidl_typesupport_fastrtps_c/easy_handeye2_msgs/srv/detail/list_algorithms__type_support_c.cpp.o[0m
[1.607s] [ 56%] [32mBuilding CXX object CMakeFiles/easy_handeye2_msgs__rosidl_typesupport_introspection_cpp.dir/rosidl_typesupport_introspection_cpp/easy_handeye2_msgs/srv/detail/enumerate_target_poses__type_support.cpp.o[0m
[1.608s] [ 56%] [32mBuilding C object CMakeFiles/easy_handeye2_msgs__rosidl_typesupport_introspection_c.dir/rosidl_typesupport_introspection_c/easy_handeye2_msgs/srv/detail/set_algorithm__type_support.c.o[0m
[1.608s] [ 57%] [32mBuilding CXX object CMakeFiles/easy_handeye2_msgs__rosidl_typesupport_fastrtps_c.dir/rosidl_typesupport_fastrtps_c/easy_handeye2_msgs/srv/detail/set_algorithm__type_support_c.cpp.o[0m
[1.608s] [ 58%] [32mBuilding C object CMakeFiles/easy_handeye2_msgs__rosidl_typesupport_introspection_c.dir/rosidl_typesupport_introspection_c/easy_handeye2_msgs/srv/detail/compute_calibration__type_support.c.o[0m
[1.608s] [ 59%] [32mBuilding CXX object CMakeFiles/easy_handeye2_msgs__rosidl_typesupport_introspection_cpp.dir/rosidl_typesupport_introspection_cpp/easy_handeye2_msgs/srv/detail/select_target_pose__type_support.cpp.o[0m
[1.608s] [ 59%] [32mBuilding CXX object CMakeFiles/easy_handeye2_msgs__rosidl_typesupport_introspection_cpp.dir/rosidl_typesupport_introspection_cpp/easy_handeye2_msgs/srv/detail/plan_to_selected_target_pose__type_support.cpp.o[0m
[1.608s] [ 60%] [32mBuilding CXX object CMakeFiles/easy_handeye2_msgs__rosidl_typesupport_fastrtps_c.dir/rosidl_typesupport_fastrtps_c/easy_handeye2_msgs/srv/detail/compute_calibration__type_support_c.cpp.o[0m
[1.608s] [ 60%] [32m[1mLinking CXX shared library libeasy_handeye2_msgs__rosidl_typesupport_cpp.so[0m
[1.608s] [ 60%] [32mBuilding C object CMakeFiles/easy_handeye2_msgs__rosidl_typesupport_introspection_c.dir/rosidl_typesupport_introspection_c/easy_handeye2_msgs/srv/detail/save_calibration__type_support.c.o[0m
[1.628s] [ 60%] [32mBuilding CXX object CMakeFiles/easy_handeye2_msgs__rosidl_typesupport_fastrtps_c.dir/rosidl_typesupport_fastrtps_c/easy_handeye2_msgs/srv/detail/save_calibration__type_support_c.cpp.o[0m
[1.629s] [ 60%] [32mBuilding CXX object CMakeFiles/easy_handeye2_msgs__rosidl_typesupport_fastrtps_cpp.dir/rosidl_typesupport_fastrtps_cpp/easy_handeye2_msgs/srv/detail/dds_fastrtps/plan_to_selected_target_pose__type_support.cpp.o[0m
[1.629s] [ 61%] [32mBuilding CXX object CMakeFiles/easy_handeye2_msgs__rosidl_typesupport_c.dir/rosidl_typesupport_c/easy_handeye2_msgs/srv/check_starting_pose__type_support.cpp.o[0m
[1.630s] [ 63%] [32mBuilding CXX object CMakeFiles/easy_handeye2_msgs__rosidl_typesupport_fastrtps_cpp.dir/rosidl_typesupport_fastrtps_cpp/easy_handeye2_msgs/srv/detail/dds_fastrtps/execute_plan__type_support.cpp.o[0m
[1.630s] [ 63%] [32mBuilding CXX object CMakeFiles/easy_handeye2_msgs__rosidl_typesupport_c.dir/rosidl_typesupport_c/easy_handeye2_msgs/srv/enumerate_target_poses__type_support.cpp.o[0m
[1.632s] [ 64%] [32mBuilding C object CMakeFiles/easy_handeye2_msgs__rosidl_typesupport_introspection_c.dir/rosidl_typesupport_introspection_c/easy_handeye2_msgs/srv/detail/take_sample__type_support.c.o[0m
[1.637s] [ 64%] [32mBuilding C object CMakeFiles/easy_handeye2_msgs__rosidl_typesupport_introspection_c.dir/rosidl_typesupport_introspection_c/easy_handeye2_msgs/srv/detail/save_samples__type_support.c.o[0m
[1.638s] [ 65%] [32mBuilding C object CMakeFiles/easy_handeye2_msgs__rosidl_typesupport_introspection_c.dir/rosidl_typesupport_introspection_c/easy_handeye2_msgs/srv/detail/remove_sample__type_support.c.o[0m
[1.638s] [ 66%] [32mBuilding C object CMakeFiles/easy_handeye2_msgs__rosidl_typesupport_introspection_c.dir/rosidl_typesupport_introspection_c/easy_handeye2_msgs/srv/detail/load_samples__type_support.c.o[0m
[1.641s] [ 66%] [32mBuilding C object CMakeFiles/easy_handeye2_msgs__rosidl_typesupport_introspection_c.dir/rosidl_typesupport_introspection_c/easy_handeye2_msgs/srv/detail/check_starting_pose__type_support.c.o[0m
[1.659s] [ 67%] [32mBuilding CXX object CMakeFiles/easy_handeye2_msgs__rosidl_typesupport_introspection_cpp.dir/rosidl_typesupport_introspection_cpp/easy_handeye2_msgs/srv/detail/execute_plan__type_support.cpp.o[0m
[1.676s] [ 68%] [32mBuilding CXX object CMakeFiles/easy_handeye2_msgs__rosidl_typesupport_c.dir/rosidl_typesupport_c/easy_handeye2_msgs/srv/select_target_pose__type_support.cpp.o[0m
[1.676s] [ 68%] Built target easy_handeye2_msgs__rosidl_typesupport_cpp
[1.681s] [ 69%] [32mBuilding C object CMakeFiles/easy_handeye2_msgs__rosidl_typesupport_introspection_c.dir/rosidl_typesupport_introspection_c/easy_handeye2_msgs/srv/detail/enumerate_target_poses__type_support.c.o[0m
[1.698s] [ 70%] [32mBuilding CXX object CMakeFiles/easy_handeye2_msgs__rosidl_typesupport_c.dir/rosidl_typesupport_c/easy_handeye2_msgs/srv/plan_to_selected_target_pose__type_support.cpp.o[0m
[1.700s] [ 71%] [32mBuilding C object CMakeFiles/easy_handeye2_msgs__rosidl_typesupport_introspection_c.dir/rosidl_typesupport_introspection_c/easy_handeye2_msgs/srv/detail/select_target_pose__type_support.c.o[0m
[1.710s] [ 72%] [32mBuilding C object CMakeFiles/easy_handeye2_msgs__rosidl_typesupport_introspection_c.dir/rosidl_typesupport_introspection_c/easy_handeye2_msgs/srv/detail/execute_plan__type_support.c.o[0m
[1.711s] [ 72%] [32mBuilding C object CMakeFiles/easy_handeye2_msgs__rosidl_typesupport_introspection_c.dir/rosidl_typesupport_introspection_c/easy_handeye2_msgs/srv/detail/plan_to_selected_target_pose__type_support.c.o[0m
[1.718s] [ 72%] [32mBuilding CXX object CMakeFiles/easy_handeye2_msgs__rosidl_typesupport_c.dir/rosidl_typesupport_c/easy_handeye2_msgs/srv/execute_plan__type_support.cpp.o[0m
[1.727s] [ 73%] [32mBuilding CXX object CMakeFiles/easy_handeye2_msgs__rosidl_typesupport_fastrtps_c.dir/rosidl_typesupport_fastrtps_c/easy_handeye2_msgs/srv/detail/remove_sample__type_support_c.cpp.o[0m
[1.770s] [ 73%] [32mBuilding CXX object CMakeFiles/easy_handeye2_msgs__rosidl_typesupport_fastrtps_c.dir/rosidl_typesupport_fastrtps_c/easy_handeye2_msgs/srv/detail/take_sample__type_support_c.cpp.o[0m
[1.804s] [ 74%] [32mBuilding CXX object CMakeFiles/easy_handeye2_msgs__rosidl_typesupport_fastrtps_c.dir/rosidl_typesupport_fastrtps_c/easy_handeye2_msgs/srv/detail/load_samples__type_support_c.cpp.o[0m
[1.814s] [ 75%] [32m[1mLinking CXX shared library libeasy_handeye2_msgs__rosidl_typesupport_c.so[0m
[1.814s] [ 76%] [32mBuilding CXX object CMakeFiles/easy_handeye2_msgs__rosidl_typesupport_fastrtps_c.dir/rosidl_typesupport_fastrtps_c/easy_handeye2_msgs/srv/detail/save_samples__type_support_c.cpp.o[0m
[1.814s] [ 76%] [32m[1mLinking C shared library libeasy_handeye2_msgs__rosidl_typesupport_introspection_c.so[0m
[1.815s] [ 76%] [32mBuilding CXX object CMakeFiles/easy_handeye2_msgs__rosidl_typesupport_fastrtps_c.dir/rosidl_typesupport_fastrtps_c/easy_handeye2_msgs/srv/detail/check_starting_pose__type_support_c.cpp.o[0m
[1.836s] [ 77%] [32mBuilding CXX object CMakeFiles/easy_handeye2_msgs__rosidl_typesupport_fastrtps_c.dir/rosidl_typesupport_fastrtps_c/easy_handeye2_msgs/srv/detail/enumerate_target_poses__type_support_c.cpp.o[0m
[1.900s] [ 78%] Built target easy_handeye2_msgs__rosidl_typesupport_c
[1.919s] [ 79%] Built target easy_handeye2_msgs__rosidl_typesupport_introspection_c
[1.942s] [ 79%] [32mBuilding CXX object CMakeFiles/easy_handeye2_msgs__rosidl_typesupport_fastrtps_c.dir/rosidl_typesupport_fastrtps_c/easy_handeye2_msgs/srv/detail/select_target_pose__type_support_c.cpp.o[0m
[1.942s] [ 80%] [32mBuilding CXX object CMakeFiles/easy_handeye2_msgs__rosidl_typesupport_fastrtps_c.dir/rosidl_typesupport_fastrtps_c/easy_handeye2_msgs/srv/detail/plan_to_selected_target_pose__type_support_c.cpp.o[0m
[2.045s] [ 81%] [32mBuilding CXX object CMakeFiles/easy_handeye2_msgs__rosidl_typesupport_fastrtps_c.dir/rosidl_typesupport_fastrtps_c/easy_handeye2_msgs/srv/detail/execute_plan__type_support_c.cpp.o[0m
[2.204s] [ 82%] [32m[1mLinking CXX shared library libeasy_handeye2_msgs__rosidl_typesupport_introspection_cpp.so[0m
[2.214s] [ 82%] [32m[1mLinking CXX shared library libeasy_handeye2_msgs__rosidl_typesupport_fastrtps_cpp.so[0m
[2.336s] [ 83%] Built target easy_handeye2_msgs__rosidl_typesupport_fastrtps_cpp
[2.344s] [ 83%] Built target easy_handeye2_msgs__rosidl_typesupport_introspection_cpp
[2.431s] [ 83%] [32m[1mLinking CXX shared library libeasy_handeye2_msgs__rosidl_typesupport_fastrtps_c.so[0m
[2.493s] [ 84%] Built target easy_handeye2_msgs__rosidl_typesupport_fastrtps_c
[2.510s] [ 84%] Built target easy_handeye2_msgs
[2.528s] [ 85%] Built target easy_handeye2_msgs__py
[2.543s] [35m[1mConsolidate compiler generated dependencies of target easy_handeye2_msgs__rosidl_generator_py[0m
[2.558s] [ 85%] [32mBuilding C object CMakeFiles/easy_handeye2_msgs__rosidl_generator_py.dir/rosidl_generator_py/easy_handeye2_msgs/msg/_handeye_calibration_s.c.o[0m
[2.560s] [ 86%] [32mBuilding C object CMakeFiles/easy_handeye2_msgs__rosidl_generator_py.dir/rosidl_generator_py/easy_handeye2_msgs/msg/_handeye_calibration_parameters_s.c.o[0m
[2.560s] [ 86%] [32mBuilding C object CMakeFiles/easy_handeye2_msgs__rosidl_generator_py.dir/rosidl_generator_py/easy_handeye2_msgs/msg/_sample_s.c.o[0m
[2.561s] [ 87%] [32mBuilding C object CMakeFiles/easy_handeye2_msgs__rosidl_generator_py.dir/rosidl_generator_py/easy_handeye2_msgs/srv/_set_algorithm_s.c.o[0m
[2.561s] [ 87%] [32mBuilding C object CMakeFiles/easy_handeye2_msgs__rosidl_generator_py.dir/rosidl_generator_py/easy_handeye2_msgs/srv/_list_algorithms_s.c.o[0m
[2.561s] [ 88%] [32mBuilding C object CMakeFiles/easy_handeye2_msgs__rosidl_generator_py.dir/rosidl_generator_py/easy_handeye2_msgs/msg/_sample_list_s.c.o[0m
[2.562s] [ 89%] [32mBuilding C object CMakeFiles/easy_handeye2_msgs__rosidl_generator_py.dir/rosidl_generator_py/easy_handeye2_msgs/srv/_save_calibration_s.c.o[0m
[2.562s] [ 89%] [32mBuilding C object CMakeFiles/easy_handeye2_msgs__rosidl_generator_py.dir/rosidl_generator_py/easy_handeye2_msgs/srv/_compute_calibration_s.c.o[0m
[2.563s] [ 89%] [32mBuilding C object CMakeFiles/easy_handeye2_msgs__rosidl_generator_py.dir/rosidl_generator_py/easy_handeye2_msgs/srv/_take_sample_s.c.o[0m
[2.564s] [ 90%] [32mBuilding C object CMakeFiles/easy_handeye2_msgs__rosidl_generator_py.dir/rosidl_generator_py/easy_handeye2_msgs/srv/_save_samples_s.c.o[0m
[2.564s] [ 90%] [32mBuilding C object CMakeFiles/easy_handeye2_msgs__rosidl_generator_py.dir/rosidl_generator_py/easy_handeye2_msgs/srv/_select_target_pose_s.c.o[0m
[2.564s] [ 90%] [32mBuilding C object CMakeFiles/easy_handeye2_msgs__rosidl_generator_py.dir/rosidl_generator_py/easy_handeye2_msgs/srv/_execute_plan_s.c.o[0m
[2.564s] [ 90%] [32mBuilding C object CMakeFiles/easy_handeye2_msgs__rosidl_generator_py.dir/rosidl_generator_py/easy_handeye2_msgs/srv/_load_samples_s.c.o[0m
[2.565s] [ 91%] [32mBuilding C object CMakeFiles/easy_handeye2_msgs__rosidl_generator_py.dir/rosidl_generator_py/easy_handeye2_msgs/srv/_remove_sample_s.c.o[0m
[2.565s] [ 92%] [32mBuilding C object CMakeFiles/easy_handeye2_msgs__rosidl_generator_py.dir/rosidl_generator_py/easy_handeye2_msgs/srv/_check_starting_pose_s.c.o[0m
[2.565s] [ 93%] [32mBuilding C object CMakeFiles/easy_handeye2_msgs__rosidl_generator_py.dir/rosidl_generator_py/easy_handeye2_msgs/msg/_target_pose_list_s.c.o[0m
[2.566s] [ 94%] [32mBuilding C object CMakeFiles/easy_handeye2_msgs__rosidl_generator_py.dir/rosidl_generator_py/easy_handeye2_msgs/srv/_plan_to_selected_target_pose_s.c.o[0m
[2.566s] [ 95%] [32mBuilding C object CMakeFiles/easy_handeye2_msgs__rosidl_generator_py.dir/rosidl_generator_py/easy_handeye2_msgs/srv/_enumerate_target_poses_s.c.o[0m
[2.735s] [ 96%] [32m[1mLinking C shared library rosidl_generator_py/easy_handeye2_msgs/libeasy_handeye2_msgs__rosidl_generator_py.so[0m
[2.769s] [ 96%] Built target easy_handeye2_msgs__rosidl_generator_py
[2.777s] [35m[1mConsolidate compiler generated dependencies of target easy_handeye2_msgs__rosidl_typesupport_introspection_c__pyext[0m
[2.777s] [35m[1mConsolidate compiler generated dependencies of target easy_handeye2_msgs__rosidl_typesupport_fastrtps_c__pyext[0m
[2.778s] [35m[1mConsolidate compiler generated dependencies of target easy_handeye2_msgs__rosidl_typesupport_c__pyext[0m
[2.787s] [ 99%] [32mBuilding C object CMakeFiles/easy_handeye2_msgs__rosidl_typesupport_introspection_c__pyext.dir/rosidl_generator_py/easy_handeye2_msgs/_easy_handeye2_msgs_s.ep.rosidl_typesupport_introspection_c.c.o[0m
[2.787s] [ 99%] [32mBuilding C object CMakeFiles/easy_handeye2_msgs__rosidl_typesupport_fastrtps_c__pyext.dir/rosidl_generator_py/easy_handeye2_msgs/_easy_handeye2_msgs_s.ep.rosidl_typesupport_fastrtps_c.c.o[0m
[2.787s] [ 99%] [32mBuilding C object CMakeFiles/easy_handeye2_msgs__rosidl_typesupport_c__pyext.dir/rosidl_generator_py/easy_handeye2_msgs/_easy_handeye2_msgs_s.ep.rosidl_typesupport_c.c.o[0m
[2.927s] [100%] [32m[1mLinking C shared library rosidl_generator_py/easy_handeye2_msgs/easy_handeye2_msgs_s__rosidl_typesupport_c.cpython-310-x86_64-linux-gnu.so[0m
[2.927s] [100%] [32m[1mLinking C shared library rosidl_generator_py/easy_handeye2_msgs/easy_handeye2_msgs_s__rosidl_typesupport_introspection_c.cpython-310-x86_64-linux-gnu.so[0m
[2.929s] [100%] [32m[1mLinking C shared library rosidl_generator_py/easy_handeye2_msgs/easy_handeye2_msgs_s__rosidl_typesupport_fastrtps_c.cpython-310-x86_64-linux-gnu.so[0m
[2.957s] [100%] Built target easy_handeye2_msgs__rosidl_typesupport_introspection_c__pyext
[2.957s] [100%] Built target easy_handeye2_msgs__rosidl_typesupport_c__pyext
[2.958s] [100%] Built target easy_handeye2_msgs__rosidl_typesupport_fastrtps_c__pyext
[2.968s] Invoked command in '/home/zzy/ur_real/build/easy_handeye2_msgs' returned '0': CMAKE_PREFIX_PATH=${CMAKE_PREFIX_PATH}:/home/zzy/ur_real/install/ur10_vel:/home/zzy/ur_real/install/gravity_compensation:/home/zzy/ur_real/install/ferrobotics_acf:/home/zzy/ur_real/install/easy_handeye2:/home/zzy/ur_real/install/camera:/home/zzy/ur_real/install/ati_sensor:/opt/ros/humble /usr/bin/cmake --build /home/zzy/ur_real/build/easy_handeye2_msgs -- -j24 -l24
[3.253s] Invoking command in '/home/zzy/ur_real/build/easy_handeye2_msgs': CMAKE_PREFIX_PATH=${CMAKE_PREFIX_PATH}:/home/zzy/ur_real/install/ur10_vel:/home/zzy/ur_real/install/gravity_compensation:/home/zzy/ur_real/install/ferrobotics_acf:/home/zzy/ur_real/install/easy_handeye2:/home/zzy/ur_real/install/camera:/home/zzy/ur_real/install/ati_sensor:/opt/ros/humble /usr/bin/cmake --install /home/zzy/ur_real/build/easy_handeye2_msgs
[3.273s] -- Install configuration: ""
[3.275s] -- Execute custom install script
[3.275s] -- Up-to-date symlink: /home/zzy/ur_real/install/easy_handeye2_msgs/share/ament_index/resource_index/rosidl_interfaces/easy_handeye2_msgs
[3.278s] -- Up-to-date symlink: /home/zzy/ur_real/install/easy_handeye2_msgs/include/easy_handeye2_msgs/easy_handeye2_msgs/msg/detail/handeye_calibration__functions.h
[3.278s] -- Up-to-date symlink: /home/zzy/ur_real/install/easy_handeye2_msgs/include/easy_handeye2_msgs/easy_handeye2_msgs/msg/detail/handeye_calibration__struct.h
[3.278s] -- Up-to-date symlink: /home/zzy/ur_real/install/easy_handeye2_msgs/include/easy_handeye2_msgs/easy_handeye2_msgs/msg/detail/handeye_calibration__type_support.h
[3.279s] -- Up-to-date symlink: /home/zzy/ur_real/install/easy_handeye2_msgs/include/easy_handeye2_msgs/easy_handeye2_msgs/msg/detail/handeye_calibration_parameters__functions.h
[3.279s] -- Up-to-date symlink: /home/zzy/ur_real/install/easy_handeye2_msgs/include/easy_handeye2_msgs/easy_handeye2_msgs/msg/detail/handeye_calibration_parameters__struct.h
[3.279s] -- Up-to-date symlink: /home/zzy/ur_real/install/easy_handeye2_msgs/include/easy_handeye2_msgs/easy_handeye2_msgs/msg/detail/handeye_calibration_parameters__type_support.h
[3.279s] -- Up-to-date symlink: /home/zzy/ur_real/install/easy_handeye2_msgs/include/easy_handeye2_msgs/easy_handeye2_msgs/msg/detail/sample__functions.h
[3.280s] -- Up-to-date symlink: /home/zzy/ur_real/install/easy_handeye2_msgs/include/easy_handeye2_msgs/easy_handeye2_msgs/msg/detail/sample__struct.h
[3.280s] -- Up-to-date symlink: /home/zzy/ur_real/install/easy_handeye2_msgs/include/easy_handeye2_msgs/easy_handeye2_msgs/msg/detail/sample__type_support.h
[3.280s] -- Up-to-date symlink: /home/zzy/ur_real/install/easy_handeye2_msgs/include/easy_handeye2_msgs/easy_handeye2_msgs/msg/detail/sample_list__functions.h
[3.280s] -- Up-to-date symlink: /home/zzy/ur_real/install/easy_handeye2_msgs/include/easy_handeye2_msgs/easy_handeye2_msgs/msg/detail/sample_list__struct.h
[3.281s] -- Up-to-date symlink: /home/zzy/ur_real/install/easy_handeye2_msgs/include/easy_handeye2_msgs/easy_handeye2_msgs/msg/detail/sample_list__type_support.h
[3.281s] -- Up-to-date symlink: /home/zzy/ur_real/install/easy_handeye2_msgs/include/easy_handeye2_msgs/easy_handeye2_msgs/msg/detail/target_pose_list__functions.h
[3.281s] -- Up-to-date symlink: /home/zzy/ur_real/install/easy_handeye2_msgs/include/easy_handeye2_msgs/easy_handeye2_msgs/msg/detail/target_pose_list__struct.h
[3.281s] -- Up-to-date symlink: /home/zzy/ur_real/install/easy_handeye2_msgs/include/easy_handeye2_msgs/easy_handeye2_msgs/msg/detail/target_pose_list__type_support.h
[3.281s] -- Up-to-date symlink: /home/zzy/ur_real/install/easy_handeye2_msgs/include/easy_handeye2_msgs/easy_handeye2_msgs/msg/handeye_calibration.h
[3.282s] -- Up-to-date symlink: /home/zzy/ur_real/install/easy_handeye2_msgs/include/easy_handeye2_msgs/easy_handeye2_msgs/msg/handeye_calibration_parameters.h
[3.282s] -- Up-to-date symlink: /home/zzy/ur_real/install/easy_handeye2_msgs/include/easy_handeye2_msgs/easy_handeye2_msgs/msg/rosidl_generator_c__visibility_control.h
[3.282s] -- Up-to-date symlink: /home/zzy/ur_real/install/easy_handeye2_msgs/include/easy_handeye2_msgs/easy_handeye2_msgs/msg/sample.h
[3.282s] -- Up-to-date symlink: /home/zzy/ur_real/install/easy_handeye2_msgs/include/easy_handeye2_msgs/easy_handeye2_msgs/msg/sample_list.h
[3.282s] -- Up-to-date symlink: /home/zzy/ur_real/install/easy_handeye2_msgs/include/easy_handeye2_msgs/easy_handeye2_msgs/msg/target_pose_list.h
[3.283s] -- Up-to-date symlink: /home/zzy/ur_real/install/easy_handeye2_msgs/include/easy_handeye2_msgs/easy_handeye2_msgs/srv/check_starting_pose.h
[3.283s] -- Up-to-date symlink: /home/zzy/ur_real/install/easy_handeye2_msgs/include/easy_handeye2_msgs/easy_handeye2_msgs/srv/compute_calibration.h
[3.283s] -- Up-to-date symlink: /home/zzy/ur_real/install/easy_handeye2_msgs/include/easy_handeye2_msgs/easy_handeye2_msgs/srv/detail/check_starting_pose__functions.h
[3.283s] -- Up-to-date symlink: /home/zzy/ur_real/install/easy_handeye2_msgs/include/easy_handeye2_msgs/easy_handeye2_msgs/srv/detail/check_starting_pose__struct.h
[3.284s] -- Up-to-date symlink: /home/zzy/ur_real/install/easy_handeye2_msgs/include/easy_handeye2_msgs/easy_handeye2_msgs/srv/detail/check_starting_pose__type_support.h
[3.284s] -- Up-to-date symlink: /home/zzy/ur_real/install/easy_handeye2_msgs/include/easy_handeye2_msgs/easy_handeye2_msgs/srv/detail/compute_calibration__functions.h
[3.284s] -- Up-to-date symlink: /home/zzy/ur_real/install/easy_handeye2_msgs/include/easy_handeye2_msgs/easy_handeye2_msgs/srv/detail/compute_calibration__struct.h
[3.284s] -- Up-to-date symlink: /home/zzy/ur_real/install/easy_handeye2_msgs/include/easy_handeye2_msgs/easy_handeye2_msgs/srv/detail/compute_calibration__type_support.h
[3.284s] -- Up-to-date symlink: /home/zzy/ur_real/install/easy_handeye2_msgs/include/easy_handeye2_msgs/easy_handeye2_msgs/srv/detail/enumerate_target_poses__functions.h
[3.284s] -- Up-to-date symlink: /home/zzy/ur_real/install/easy_handeye2_msgs/include/easy_handeye2_msgs/easy_handeye2_msgs/srv/detail/enumerate_target_poses__struct.h
[3.285s] -- Up-to-date symlink: /home/zzy/ur_real/install/easy_handeye2_msgs/include/easy_handeye2_msgs/easy_handeye2_msgs/srv/detail/enumerate_target_poses__type_support.h
[3.285s] -- Up-to-date symlink: /home/zzy/ur_real/install/easy_handeye2_msgs/include/easy_handeye2_msgs/easy_handeye2_msgs/srv/detail/execute_plan__functions.h
[3.285s] -- Up-to-date symlink: /home/zzy/ur_real/install/easy_handeye2_msgs/include/easy_handeye2_msgs/easy_handeye2_msgs/srv/detail/execute_plan__struct.h
[3.285s] -- Up-to-date symlink: /home/zzy/ur_real/install/easy_handeye2_msgs/include/easy_handeye2_msgs/easy_handeye2_msgs/srv/detail/execute_plan__type_support.h
[3.285s] -- Up-to-date symlink: /home/zzy/ur_real/install/easy_handeye2_msgs/include/easy_handeye2_msgs/easy_handeye2_msgs/srv/detail/list_algorithms__functions.h
[3.286s] -- Up-to-date symlink: /home/zzy/ur_real/install/easy_handeye2_msgs/include/easy_handeye2_msgs/easy_handeye2_msgs/srv/detail/list_algorithms__struct.h
[3.286s] -- Up-to-date symlink: /home/zzy/ur_real/install/easy_handeye2_msgs/include/easy_handeye2_msgs/easy_handeye2_msgs/srv/detail/list_algorithms__type_support.h
[3.286s] -- Up-to-date symlink: /home/zzy/ur_real/install/easy_handeye2_msgs/include/easy_handeye2_msgs/easy_handeye2_msgs/srv/detail/load_samples__functions.h
[3.286s] -- Up-to-date symlink: /home/zzy/ur_real/install/easy_handeye2_msgs/include/easy_handeye2_msgs/easy_handeye2_msgs/srv/detail/load_samples__struct.h
[3.286s] -- Up-to-date symlink: /home/zzy/ur_real/install/easy_handeye2_msgs/include/easy_handeye2_msgs/easy_handeye2_msgs/srv/detail/load_samples__type_support.h
[3.286s] -- Up-to-date symlink: /home/zzy/ur_real/install/easy_handeye2_msgs/include/easy_handeye2_msgs/easy_handeye2_msgs/srv/detail/plan_to_selected_target_pose__functions.h
[3.287s] -- Up-to-date symlink: /home/zzy/ur_real/install/easy_handeye2_msgs/include/easy_handeye2_msgs/easy_handeye2_msgs/srv/detail/plan_to_selected_target_pose__struct.h
[3.287s] -- Up-to-date symlink: /home/zzy/ur_real/install/easy_handeye2_msgs/include/easy_handeye2_msgs/easy_handeye2_msgs/srv/detail/plan_to_selected_target_pose__type_support.h
[3.287s] -- Up-to-date symlink: /home/zzy/ur_real/install/easy_handeye2_msgs/include/easy_handeye2_msgs/easy_handeye2_msgs/srv/detail/remove_sample__functions.h
[3.287s] -- Up-to-date symlink: /home/zzy/ur_real/install/easy_handeye2_msgs/include/easy_handeye2_msgs/easy_handeye2_msgs/srv/detail/remove_sample__struct.h
[3.287s] -- Up-to-date symlink: /home/zzy/ur_real/install/easy_handeye2_msgs/include/easy_handeye2_msgs/easy_handeye2_msgs/srv/detail/remove_sample__type_support.h
[3.287s] -- Up-to-date symlink: /home/zzy/ur_real/install/easy_handeye2_msgs/include/easy_handeye2_msgs/easy_handeye2_msgs/srv/detail/save_calibration__functions.h
[3.288s] -- Up-to-date symlink: /home/zzy/ur_real/install/easy_handeye2_msgs/include/easy_handeye2_msgs/easy_handeye2_msgs/srv/detail/save_calibration__struct.h
[3.288s] -- Up-to-date symlink: /home/zzy/ur_real/install/easy_handeye2_msgs/include/easy_handeye2_msgs/easy_handeye2_msgs/srv/detail/save_calibration__type_support.h
[3.288s] -- Up-to-date symlink: /home/zzy/ur_real/install/easy_handeye2_msgs/include/easy_handeye2_msgs/easy_handeye2_msgs/srv/detail/save_samples__functions.h
[3.288s] -- Up-to-date symlink: /home/zzy/ur_real/install/easy_handeye2_msgs/include/easy_handeye2_msgs/easy_handeye2_msgs/srv/detail/save_samples__struct.h
[3.288s] -- Up-to-date symlink: /home/zzy/ur_real/install/easy_handeye2_msgs/include/easy_handeye2_msgs/easy_handeye2_msgs/srv/detail/save_samples__type_support.h
[3.289s] -- Up-to-date symlink: /home/zzy/ur_real/install/easy_handeye2_msgs/include/easy_handeye2_msgs/easy_handeye2_msgs/srv/detail/select_target_pose__functions.h
[3.289s] -- Up-to-date symlink: /home/zzy/ur_real/install/easy_handeye2_msgs/include/easy_handeye2_msgs/easy_handeye2_msgs/srv/detail/select_target_pose__struct.h
[3.289s] -- Up-to-date symlink: /home/zzy/ur_real/install/easy_handeye2_msgs/include/easy_handeye2_msgs/easy_handeye2_msgs/srv/detail/select_target_pose__type_support.h
[3.289s] -- Up-to-date symlink: /home/zzy/ur_real/install/easy_handeye2_msgs/include/easy_handeye2_msgs/easy_handeye2_msgs/srv/detail/set_algorithm__functions.h
[3.289s] -- Up-to-date symlink: /home/zzy/ur_real/install/easy_handeye2_msgs/include/easy_handeye2_msgs/easy_handeye2_msgs/srv/detail/set_algorithm__struct.h
[3.290s] -- Up-to-date symlink: /home/zzy/ur_real/install/easy_handeye2_msgs/include/easy_handeye2_msgs/easy_handeye2_msgs/srv/detail/set_algorithm__type_support.h
[3.290s] -- Up-to-date symlink: /home/zzy/ur_real/install/easy_handeye2_msgs/include/easy_handeye2_msgs/easy_handeye2_msgs/srv/detail/take_sample__functions.h
[3.290s] -- Up-to-date symlink: /home/zzy/ur_real/install/easy_handeye2_msgs/include/easy_handeye2_msgs/easy_handeye2_msgs/srv/detail/take_sample__struct.h
[3.290s] -- Up-to-date symlink: /home/zzy/ur_real/install/easy_handeye2_msgs/include/easy_handeye2_msgs/easy_handeye2_msgs/srv/detail/take_sample__type_support.h
[3.290s] -- Up-to-date symlink: /home/zzy/ur_real/install/easy_handeye2_msgs/include/easy_handeye2_msgs/easy_handeye2_msgs/srv/enumerate_target_poses.h
[3.290s] -- Up-to-date symlink: /home/zzy/ur_real/install/easy_handeye2_msgs/include/easy_handeye2_msgs/easy_handeye2_msgs/srv/execute_plan.h
[3.290s] -- Up-to-date symlink: /home/zzy/ur_real/install/easy_handeye2_msgs/include/easy_handeye2_msgs/easy_handeye2_msgs/srv/list_algorithms.h
[3.291s] -- Up-to-date symlink: /home/zzy/ur_real/install/easy_handeye2_msgs/include/easy_handeye2_msgs/easy_handeye2_msgs/srv/load_samples.h
[3.291s] -- Up-to-date symlink: /home/zzy/ur_real/install/easy_handeye2_msgs/include/easy_handeye2_msgs/easy_handeye2_msgs/srv/plan_to_selected_target_pose.h
[3.291s] -- Up-to-date symlink: /home/zzy/ur_real/install/easy_handeye2_msgs/include/easy_handeye2_msgs/easy_handeye2_msgs/srv/remove_sample.h
[3.291s] -- Up-to-date symlink: /home/zzy/ur_real/install/easy_handeye2_msgs/include/easy_handeye2_msgs/easy_handeye2_msgs/srv/save_calibration.h
[3.291s] -- Up-to-date symlink: /home/zzy/ur_real/install/easy_handeye2_msgs/include/easy_handeye2_msgs/easy_handeye2_msgs/srv/save_samples.h
[3.291s] -- Up-to-date symlink: /home/zzy/ur_real/install/easy_handeye2_msgs/include/easy_handeye2_msgs/easy_handeye2_msgs/srv/select_target_pose.h
[3.292s] -- Up-to-date symlink: /home/zzy/ur_real/install/easy_handeye2_msgs/include/easy_handeye2_msgs/easy_handeye2_msgs/srv/set_algorithm.h
[3.292s] -- Up-to-date symlink: /home/zzy/ur_real/install/easy_handeye2_msgs/include/easy_handeye2_msgs/easy_handeye2_msgs/srv/take_sample.h
[3.292s] -- Up-to-date symlink: /home/zzy/ur_real/install/easy_handeye2_msgs/share/easy_handeye2_msgs/environment/library_path.sh
[3.292s] -- Up-to-date symlink: /home/zzy/ur_real/install/easy_handeye2_msgs/share/easy_handeye2_msgs/environment/library_path.dsv
[3.293s] -- Up-to-date symlink: /home/zzy/ur_real/install/easy_handeye2_msgs/include/easy_handeye2_msgs/easy_handeye2_msgs/msg/detail/handeye_calibration__rosidl_typesupport_fastrtps_c.h
[3.293s] -- Up-to-date symlink: /home/zzy/ur_real/install/easy_handeye2_msgs/include/easy_handeye2_msgs/easy_handeye2_msgs/msg/detail/handeye_calibration_parameters__rosidl_typesupport_fastrtps_c.h
[3.294s] -- Up-to-date symlink: /home/zzy/ur_real/install/easy_handeye2_msgs/include/easy_handeye2_msgs/easy_handeye2_msgs/msg/detail/sample__rosidl_typesupport_fastrtps_c.h
[3.294s] -- Up-to-date symlink: /home/zzy/ur_real/install/easy_handeye2_msgs/include/easy_handeye2_msgs/easy_handeye2_msgs/msg/detail/sample_list__rosidl_typesupport_fastrtps_c.h
[3.294s] -- Up-to-date symlink: /home/zzy/ur_real/install/easy_handeye2_msgs/include/easy_handeye2_msgs/easy_handeye2_msgs/msg/detail/target_pose_list__rosidl_typesupport_fastrtps_c.h
[3.294s] -- Up-to-date symlink: /home/zzy/ur_real/install/easy_handeye2_msgs/include/easy_handeye2_msgs/easy_handeye2_msgs/msg/rosidl_typesupport_fastrtps_c__visibility_control.h
[3.295s] -- Up-to-date symlink: /home/zzy/ur_real/install/easy_handeye2_msgs/include/easy_handeye2_msgs/easy_handeye2_msgs/srv/detail/check_starting_pose__rosidl_typesupport_fastrtps_c.h
[3.295s] -- Up-to-date symlink: /home/zzy/ur_real/install/easy_handeye2_msgs/include/easy_handeye2_msgs/easy_handeye2_msgs/srv/detail/compute_calibration__rosidl_typesupport_fastrtps_c.h
[3.295s] -- Up-to-date symlink: /home/zzy/ur_real/install/easy_handeye2_msgs/include/easy_handeye2_msgs/easy_handeye2_msgs/srv/detail/enumerate_target_poses__rosidl_typesupport_fastrtps_c.h
[3.295s] -- Up-to-date symlink: /home/zzy/ur_real/install/easy_handeye2_msgs/include/easy_handeye2_msgs/easy_handeye2_msgs/srv/detail/execute_plan__rosidl_typesupport_fastrtps_c.h
[3.295s] -- Up-to-date symlink: /home/zzy/ur_real/install/easy_handeye2_msgs/include/easy_handeye2_msgs/easy_handeye2_msgs/srv/detail/list_algorithms__rosidl_typesupport_fastrtps_c.h
[3.295s] -- Up-to-date symlink: /home/zzy/ur_real/install/easy_handeye2_msgs/include/easy_handeye2_msgs/easy_handeye2_msgs/srv/detail/load_samples__rosidl_typesupport_fastrtps_c.h
[3.296s] -- Up-to-date symlink: /home/zzy/ur_real/install/easy_handeye2_msgs/include/easy_handeye2_msgs/easy_handeye2_msgs/srv/detail/plan_to_selected_target_pose__rosidl_typesupport_fastrtps_c.h
[3.296s] -- Up-to-date symlink: /home/zzy/ur_real/install/easy_handeye2_msgs/include/easy_handeye2_msgs/easy_handeye2_msgs/srv/detail/remove_sample__rosidl_typesupport_fastrtps_c.h
[3.296s] -- Up-to-date symlink: /home/zzy/ur_real/install/easy_handeye2_msgs/include/easy_handeye2_msgs/easy_handeye2_msgs/srv/detail/save_calibration__rosidl_typesupport_fastrtps_c.h
[3.296s] -- Up-to-date symlink: /home/zzy/ur_real/install/easy_handeye2_msgs/include/easy_handeye2_msgs/easy_handeye2_msgs/srv/detail/save_samples__rosidl_typesupport_fastrtps_c.h
[3.296s] -- Up-to-date symlink: /home/zzy/ur_real/install/easy_handeye2_msgs/include/easy_handeye2_msgs/easy_handeye2_msgs/srv/detail/select_target_pose__rosidl_typesupport_fastrtps_c.h
[3.297s] -- Up-to-date symlink: /home/zzy/ur_real/install/easy_handeye2_msgs/include/easy_handeye2_msgs/easy_handeye2_msgs/srv/detail/set_algorithm__rosidl_typesupport_fastrtps_c.h
[3.297s] -- Up-to-date symlink: /home/zzy/ur_real/install/easy_handeye2_msgs/include/easy_handeye2_msgs/easy_handeye2_msgs/srv/detail/take_sample__rosidl_typesupport_fastrtps_c.h
[3.297s] -- Up-to-date symlink: /home/zzy/ur_real/install/easy_handeye2_msgs/include/easy_handeye2_msgs/easy_handeye2_msgs/msg/detail/handeye_calibration__rosidl_typesupport_introspection_c.h
[3.297s] -- Up-to-date symlink: /home/zzy/ur_real/install/easy_handeye2_msgs/include/easy_handeye2_msgs/easy_handeye2_msgs/msg/detail/handeye_calibration_parameters__rosidl_typesupport_introspection_c.h
[3.298s] -- Up-to-date symlink: /home/zzy/ur_real/install/easy_handeye2_msgs/include/easy_handeye2_msgs/easy_handeye2_msgs/msg/detail/sample__rosidl_typesupport_introspection_c.h
[3.298s] -- Up-to-date symlink: /home/zzy/ur_real/install/easy_handeye2_msgs/include/easy_handeye2_msgs/easy_handeye2_msgs/msg/detail/sample_list__rosidl_typesupport_introspection_c.h
[3.298s] -- Up-to-date symlink: /home/zzy/ur_real/install/easy_handeye2_msgs/include/easy_handeye2_msgs/easy_handeye2_msgs/msg/detail/target_pose_list__rosidl_typesupport_introspection_c.h
[3.298s] -- Up-to-date symlink: /home/zzy/ur_real/install/easy_handeye2_msgs/include/easy_handeye2_msgs/easy_handeye2_msgs/msg/rosidl_typesupport_introspection_c__visibility_control.h
[3.298s] -- Up-to-date symlink: /home/zzy/ur_real/install/easy_handeye2_msgs/include/easy_handeye2_msgs/easy_handeye2_msgs/srv/detail/check_starting_pose__rosidl_typesupport_introspection_c.h
[3.299s] -- Up-to-date symlink: /home/zzy/ur_real/install/easy_handeye2_msgs/include/easy_handeye2_msgs/easy_handeye2_msgs/srv/detail/compute_calibration__rosidl_typesupport_introspection_c.h
[3.299s] -- Up-to-date symlink: /home/zzy/ur_real/install/easy_handeye2_msgs/include/easy_handeye2_msgs/easy_handeye2_msgs/srv/detail/enumerate_target_poses__rosidl_typesupport_introspection_c.h
[3.299s] -- Up-to-date symlink: /home/zzy/ur_real/install/easy_handeye2_msgs/include/easy_handeye2_msgs/easy_handeye2_msgs/srv/detail/execute_plan__rosidl_typesupport_introspection_c.h
[3.299s] -- Up-to-date symlink: /home/zzy/ur_real/install/easy_handeye2_msgs/include/easy_handeye2_msgs/easy_handeye2_msgs/srv/detail/list_algorithms__rosidl_typesupport_introspection_c.h
[3.299s] -- Up-to-date symlink: /home/zzy/ur_real/install/easy_handeye2_msgs/include/easy_handeye2_msgs/easy_handeye2_msgs/srv/detail/load_samples__rosidl_typesupport_introspection_c.h
[3.299s] -- Up-to-date symlink: /home/zzy/ur_real/install/easy_handeye2_msgs/include/easy_handeye2_msgs/easy_handeye2_msgs/srv/detail/plan_to_selected_target_pose__rosidl_typesupport_introspection_c.h
[3.299s] -- Up-to-date symlink: /home/zzy/ur_real/install/easy_handeye2_msgs/include/easy_handeye2_msgs/easy_handeye2_msgs/srv/detail/remove_sample__rosidl_typesupport_introspection_c.h
[3.300s] -- Up-to-date symlink: /home/zzy/ur_real/install/easy_handeye2_msgs/include/easy_handeye2_msgs/easy_handeye2_msgs/srv/detail/save_calibration__rosidl_typesupport_introspection_c.h
[3.300s] -- Up-to-date symlink: /home/zzy/ur_real/install/easy_handeye2_msgs/include/easy_handeye2_msgs/easy_handeye2_msgs/srv/detail/save_samples__rosidl_typesupport_introspection_c.h
[3.300s] -- Up-to-date symlink: /home/zzy/ur_real/install/easy_handeye2_msgs/include/easy_handeye2_msgs/easy_handeye2_msgs/srv/detail/select_target_pose__rosidl_typesupport_introspection_c.h
[3.300s] -- Up-to-date symlink: /home/zzy/ur_real/install/easy_handeye2_msgs/include/easy_handeye2_msgs/easy_handeye2_msgs/srv/detail/set_algorithm__rosidl_typesupport_introspection_c.h
[3.300s] -- Up-to-date symlink: /home/zzy/ur_real/install/easy_handeye2_msgs/include/easy_handeye2_msgs/easy_handeye2_msgs/srv/detail/take_sample__rosidl_typesupport_introspection_c.h
[3.301s] -- Up-to-date symlink: /home/zzy/ur_real/install/easy_handeye2_msgs/include/easy_handeye2_msgs/easy_handeye2_msgs/msg/detail/handeye_calibration__builder.hpp
[3.301s] -- Up-to-date symlink: /home/zzy/ur_real/install/easy_handeye2_msgs/include/easy_handeye2_msgs/easy_handeye2_msgs/msg/detail/handeye_calibration__struct.hpp
[3.301s] -- Up-to-date symlink: /home/zzy/ur_real/install/easy_handeye2_msgs/include/easy_handeye2_msgs/easy_handeye2_msgs/msg/detail/handeye_calibration__traits.hpp
[3.302s] -- Up-to-date symlink: /home/zzy/ur_real/install/easy_handeye2_msgs/include/easy_handeye2_msgs/easy_handeye2_msgs/msg/detail/handeye_calibration_parameters__builder.hpp
[3.302s] -- Up-to-date symlink: /home/zzy/ur_real/install/easy_handeye2_msgs/include/easy_handeye2_msgs/easy_handeye2_msgs/msg/detail/handeye_calibration_parameters__struct.hpp
[3.302s] -- Up-to-date symlink: /home/zzy/ur_real/install/easy_handeye2_msgs/include/easy_handeye2_msgs/easy_handeye2_msgs/msg/detail/handeye_calibration_parameters__traits.hpp
[3.302s] -- Up-to-date symlink: /home/zzy/ur_real/install/easy_handeye2_msgs/include/easy_handeye2_msgs/easy_handeye2_msgs/msg/detail/sample__builder.hpp
[3.302s] -- Up-to-date symlink: /home/zzy/ur_real/install/easy_handeye2_msgs/include/easy_handeye2_msgs/easy_handeye2_msgs/msg/detail/sample__struct.hpp
[3.302s] -- Up-to-date symlink: /home/zzy/ur_real/install/easy_handeye2_msgs/include/easy_handeye2_msgs/easy_handeye2_msgs/msg/detail/sample__traits.hpp
[3.303s] -- Up-to-date symlink: /home/zzy/ur_real/install/easy_handeye2_msgs/include/easy_handeye2_msgs/easy_handeye2_msgs/msg/detail/sample_list__builder.hpp
[3.303s] -- Up-to-date symlink: /home/zzy/ur_real/install/easy_handeye2_msgs/include/easy_handeye2_msgs/easy_handeye2_msgs/msg/detail/sample_list__struct.hpp
[3.303s] -- Up-to-date symlink: /home/zzy/ur_real/install/easy_handeye2_msgs/include/easy_handeye2_msgs/easy_handeye2_msgs/msg/detail/sample_list__traits.hpp
[3.303s] -- Up-to-date symlink: /home/zzy/ur_real/install/easy_handeye2_msgs/include/easy_handeye2_msgs/easy_handeye2_msgs/msg/detail/target_pose_list__builder.hpp
[3.303s] -- Up-to-date symlink: /home/zzy/ur_real/install/easy_handeye2_msgs/include/easy_handeye2_msgs/easy_handeye2_msgs/msg/detail/target_pose_list__struct.hpp
[3.303s] -- Up-to-date symlink: /home/zzy/ur_real/install/easy_handeye2_msgs/include/easy_handeye2_msgs/easy_handeye2_msgs/msg/detail/target_pose_list__traits.hpp
[3.304s] -- Up-to-date symlink: /home/zzy/ur_real/install/easy_handeye2_msgs/include/easy_handeye2_msgs/easy_handeye2_msgs/msg/handeye_calibration.hpp
[3.304s] -- Up-to-date symlink: /home/zzy/ur_real/install/easy_handeye2_msgs/include/easy_handeye2_msgs/easy_handeye2_msgs/msg/handeye_calibration_parameters.hpp
[3.304s] -- Up-to-date symlink: /home/zzy/ur_real/install/easy_handeye2_msgs/include/easy_handeye2_msgs/easy_handeye2_msgs/msg/sample.hpp
[3.304s] -- Up-to-date symlink: /home/zzy/ur_real/install/easy_handeye2_msgs/include/easy_handeye2_msgs/easy_handeye2_msgs/msg/sample_list.hpp
[3.304s] -- Up-to-date symlink: /home/zzy/ur_real/install/easy_handeye2_msgs/include/easy_handeye2_msgs/easy_handeye2_msgs/msg/target_pose_list.hpp
[3.304s] -- Up-to-date symlink: /home/zzy/ur_real/install/easy_handeye2_msgs/include/easy_handeye2_msgs/easy_handeye2_msgs/srv/check_starting_pose.hpp
[3.304s] -- Up-to-date symlink: /home/zzy/ur_real/install/easy_handeye2_msgs/include/easy_handeye2_msgs/easy_handeye2_msgs/srv/compute_calibration.hpp
[3.304s] -- Up-to-date symlink: /home/zzy/ur_real/install/easy_handeye2_msgs/include/easy_handeye2_msgs/easy_handeye2_msgs/srv/detail/check_starting_pose__builder.hpp
[3.305s] -- Up-to-date symlink: /home/zzy/ur_real/install/easy_handeye2_msgs/include/easy_handeye2_msgs/easy_handeye2_msgs/srv/detail/check_starting_pose__struct.hpp
[3.305s] -- Up-to-date symlink: /home/zzy/ur_real/install/easy_handeye2_msgs/include/easy_handeye2_msgs/easy_handeye2_msgs/srv/detail/check_starting_pose__traits.hpp
[3.305s] -- Up-to-date symlink: /home/zzy/ur_real/install/easy_handeye2_msgs/include/easy_handeye2_msgs/easy_handeye2_msgs/srv/detail/compute_calibration__builder.hpp
[3.305s] -- Up-to-date symlink: /home/zzy/ur_real/install/easy_handeye2_msgs/include/easy_handeye2_msgs/easy_handeye2_msgs/srv/detail/compute_calibration__struct.hpp
[3.305s] -- Up-to-date symlink: /home/zzy/ur_real/install/easy_handeye2_msgs/include/easy_handeye2_msgs/easy_handeye2_msgs/srv/detail/compute_calibration__traits.hpp
[3.305s] -- Up-to-date symlink: /home/zzy/ur_real/install/easy_handeye2_msgs/include/easy_handeye2_msgs/easy_handeye2_msgs/srv/detail/enumerate_target_poses__builder.hpp
[3.305s] -- Up-to-date symlink: /home/zzy/ur_real/install/easy_handeye2_msgs/include/easy_handeye2_msgs/easy_handeye2_msgs/srv/detail/enumerate_target_poses__struct.hpp
[3.306s] -- Up-to-date symlink: /home/zzy/ur_real/install/easy_handeye2_msgs/include/easy_handeye2_msgs/easy_handeye2_msgs/srv/detail/enumerate_target_poses__traits.hpp
[3.306s] -- Up-to-date symlink: /home/zzy/ur_real/install/easy_handeye2_msgs/include/easy_handeye2_msgs/easy_handeye2_msgs/srv/detail/execute_plan__builder.hpp
[3.306s] -- Up-to-date symlink: /home/zzy/ur_real/install/easy_handeye2_msgs/include/easy_handeye2_msgs/easy_handeye2_msgs/srv/detail/execute_plan__struct.hpp
[3.306s] -- Up-to-date symlink: /home/zzy/ur_real/install/easy_handeye2_msgs/include/easy_handeye2_msgs/easy_handeye2_msgs/srv/detail/execute_plan__traits.hpp
[3.306s] -- Up-to-date symlink: /home/zzy/ur_real/install/easy_handeye2_msgs/include/easy_handeye2_msgs/easy_handeye2_msgs/srv/detail/list_algorithms__builder.hpp
[3.306s] -- Up-to-date symlink: /home/zzy/ur_real/install/easy_handeye2_msgs/include/easy_handeye2_msgs/easy_handeye2_msgs/srv/detail/list_algorithms__struct.hpp
[3.307s] -- Up-to-date symlink: /home/zzy/ur_real/install/easy_handeye2_msgs/include/easy_handeye2_msgs/easy_handeye2_msgs/srv/detail/list_algorithms__traits.hpp
[3.307s] -- Up-to-date symlink: /home/zzy/ur_real/install/easy_handeye2_msgs/include/easy_handeye2_msgs/easy_handeye2_msgs/srv/detail/load_samples__builder.hpp
[3.307s] -- Up-to-date symlink: /home/zzy/ur_real/install/easy_handeye2_msgs/include/easy_handeye2_msgs/easy_handeye2_msgs/srv/detail/load_samples__struct.hpp
[3.307s] -- Up-to-date symlink: /home/zzy/ur_real/install/easy_handeye2_msgs/include/easy_handeye2_msgs/easy_handeye2_msgs/srv/detail/load_samples__traits.hpp
[3.307s] -- Up-to-date symlink: /home/zzy/ur_real/install/easy_handeye2_msgs/include/easy_handeye2_msgs/easy_handeye2_msgs/srv/detail/plan_to_selected_target_pose__builder.hpp
[3.307s] -- Up-to-date symlink: /home/zzy/ur_real/install/easy_handeye2_msgs/include/easy_handeye2_msgs/easy_handeye2_msgs/srv/detail/plan_to_selected_target_pose__struct.hpp
[3.307s] -- Up-to-date symlink: /home/zzy/ur_real/install/easy_handeye2_msgs/include/easy_handeye2_msgs/easy_handeye2_msgs/srv/detail/plan_to_selected_target_pose__traits.hpp
[3.308s] -- Up-to-date symlink: /home/zzy/ur_real/install/easy_handeye2_msgs/include/easy_handeye2_msgs/easy_handeye2_msgs/srv/detail/remove_sample__builder.hpp
[3.308s] -- Up-to-date symlink: /home/zzy/ur_real/install/easy_handeye2_msgs/include/easy_handeye2_msgs/easy_handeye2_msgs/srv/detail/remove_sample__struct.hpp
[3.308s] -- Up-to-date symlink: /home/zzy/ur_real/install/easy_handeye2_msgs/include/easy_handeye2_msgs/easy_handeye2_msgs/srv/detail/remove_sample__traits.hpp
[3.308s] -- Up-to-date symlink: /home/zzy/ur_real/install/easy_handeye2_msgs/include/easy_handeye2_msgs/easy_handeye2_msgs/srv/detail/save_calibration__builder.hpp
[3.308s] -- Up-to-date symlink: /home/zzy/ur_real/install/easy_handeye2_msgs/include/easy_handeye2_msgs/easy_handeye2_msgs/srv/detail/save_calibration__struct.hpp
[3.308s] -- Up-to-date symlink: /home/zzy/ur_real/install/easy_handeye2_msgs/include/easy_handeye2_msgs/easy_handeye2_msgs/srv/detail/save_calibration__traits.hpp
[3.308s] -- Up-to-date symlink: /home/zzy/ur_real/install/easy_handeye2_msgs/include/easy_handeye2_msgs/easy_handeye2_msgs/srv/detail/save_samples__builder.hpp
[3.309s] -- Up-to-date symlink: /home/zzy/ur_real/install/easy_handeye2_msgs/include/easy_handeye2_msgs/easy_handeye2_msgs/srv/detail/save_samples__struct.hpp
[3.309s] -- Up-to-date symlink: /home/zzy/ur_real/install/easy_handeye2_msgs/include/easy_handeye2_msgs/easy_handeye2_msgs/srv/detail/save_samples__traits.hpp
[3.309s] -- Up-to-date symlink: /home/zzy/ur_real/install/easy_handeye2_msgs/include/easy_handeye2_msgs/easy_handeye2_msgs/srv/detail/select_target_pose__builder.hpp
[3.309s] -- Up-to-date symlink: /home/zzy/ur_real/install/easy_handeye2_msgs/include/easy_handeye2_msgs/easy_handeye2_msgs/srv/detail/select_target_pose__struct.hpp
[3.309s] -- Up-to-date symlink: /home/zzy/ur_real/install/easy_handeye2_msgs/include/easy_handeye2_msgs/easy_handeye2_msgs/srv/detail/select_target_pose__traits.hpp
[3.309s] -- Up-to-date symlink: /home/zzy/ur_real/install/easy_handeye2_msgs/include/easy_handeye2_msgs/easy_handeye2_msgs/srv/detail/set_algorithm__builder.hpp
[3.309s] -- Up-to-date symlink: /home/zzy/ur_real/install/easy_handeye2_msgs/include/easy_handeye2_msgs/easy_handeye2_msgs/srv/detail/set_algorithm__struct.hpp
[3.310s] -- Up-to-date symlink: /home/zzy/ur_real/install/easy_handeye2_msgs/include/easy_handeye2_msgs/easy_handeye2_msgs/srv/detail/set_algorithm__traits.hpp
[3.310s] -- Up-to-date symlink: /home/zzy/ur_real/install/easy_handeye2_msgs/include/easy_handeye2_msgs/easy_handeye2_msgs/srv/detail/take_sample__builder.hpp
[3.310s] -- Up-to-date symlink: /home/zzy/ur_real/install/easy_handeye2_msgs/include/easy_handeye2_msgs/easy_handeye2_msgs/srv/detail/take_sample__struct.hpp
[3.310s] -- Up-to-date symlink: /home/zzy/ur_real/install/easy_handeye2_msgs/include/easy_handeye2_msgs/easy_handeye2_msgs/srv/detail/take_sample__traits.hpp
[3.310s] -- Up-to-date symlink: /home/zzy/ur_real/install/easy_handeye2_msgs/include/easy_handeye2_msgs/easy_handeye2_msgs/srv/enumerate_target_poses.hpp
[3.310s] -- Up-to-date symlink: /home/zzy/ur_real/install/easy_handeye2_msgs/include/easy_handeye2_msgs/easy_handeye2_msgs/srv/execute_plan.hpp
[3.310s] -- Up-to-date symlink: /home/zzy/ur_real/install/easy_handeye2_msgs/include/easy_handeye2_msgs/easy_handeye2_msgs/srv/list_algorithms.hpp
[3.311s] -- Up-to-date symlink: /home/zzy/ur_real/install/easy_handeye2_msgs/include/easy_handeye2_msgs/easy_handeye2_msgs/srv/load_samples.hpp
[3.311s] -- Up-to-date symlink: /home/zzy/ur_real/install/easy_handeye2_msgs/include/easy_handeye2_msgs/easy_handeye2_msgs/srv/plan_to_selected_target_pose.hpp
[3.311s] -- Up-to-date symlink: /home/zzy/ur_real/install/easy_handeye2_msgs/include/easy_handeye2_msgs/easy_handeye2_msgs/srv/remove_sample.hpp
[3.311s] -- Up-to-date symlink: /home/zzy/ur_real/install/easy_handeye2_msgs/include/easy_handeye2_msgs/easy_handeye2_msgs/srv/save_calibration.hpp
[3.311s] -- Up-to-date symlink: /home/zzy/ur_real/install/easy_handeye2_msgs/include/easy_handeye2_msgs/easy_handeye2_msgs/srv/save_samples.hpp
[3.311s] -- Up-to-date symlink: /home/zzy/ur_real/install/easy_handeye2_msgs/include/easy_handeye2_msgs/easy_handeye2_msgs/srv/select_target_pose.hpp
[3.312s] -- Up-to-date symlink: /home/zzy/ur_real/install/easy_handeye2_msgs/include/easy_handeye2_msgs/easy_handeye2_msgs/srv/set_algorithm.hpp
[3.312s] -- Up-to-date symlink: /home/zzy/ur_real/install/easy_handeye2_msgs/include/easy_handeye2_msgs/easy_handeye2_msgs/srv/take_sample.hpp
[3.313s] -- Up-to-date symlink: /home/zzy/ur_real/install/easy_handeye2_msgs/include/easy_handeye2_msgs/easy_handeye2_msgs/msg/detail/handeye_calibration__rosidl_typesupport_fastrtps_cpp.hpp
[3.313s] -- Up-to-date symlink: /home/zzy/ur_real/install/easy_handeye2_msgs/include/easy_handeye2_msgs/easy_handeye2_msgs/msg/detail/handeye_calibration_parameters__rosidl_typesupport_fastrtps_cpp.hpp
[3.313s] -- Up-to-date symlink: /home/zzy/ur_real/install/easy_handeye2_msgs/include/easy_handeye2_msgs/easy_handeye2_msgs/msg/detail/sample__rosidl_typesupport_fastrtps_cpp.hpp
[3.313s] -- Up-to-date symlink: /home/zzy/ur_real/install/easy_handeye2_msgs/include/easy_handeye2_msgs/easy_handeye2_msgs/msg/detail/sample_list__rosidl_typesupport_fastrtps_cpp.hpp
[3.313s] -- Up-to-date symlink: /home/zzy/ur_real/install/easy_handeye2_msgs/include/easy_handeye2_msgs/easy_handeye2_msgs/msg/detail/target_pose_list__rosidl_typesupport_fastrtps_cpp.hpp
[3.313s] -- Up-to-date symlink: /home/zzy/ur_real/install/easy_handeye2_msgs/include/easy_handeye2_msgs/easy_handeye2_msgs/msg/rosidl_typesupport_fastrtps_cpp__visibility_control.h
[3.313s] -- Up-to-date symlink: /home/zzy/ur_real/install/easy_handeye2_msgs/include/easy_handeye2_msgs/easy_handeye2_msgs/srv/detail/check_starting_pose__rosidl_typesupport_fastrtps_cpp.hpp
[3.313s] -- Up-to-date symlink: /home/zzy/ur_real/install/easy_handeye2_msgs/include/easy_handeye2_msgs/easy_handeye2_msgs/srv/detail/compute_calibration__rosidl_typesupport_fastrtps_cpp.hpp
[3.314s] -- Up-to-date symlink: /home/zzy/ur_real/install/easy_handeye2_msgs/include/easy_handeye2_msgs/easy_handeye2_msgs/srv/detail/enumerate_target_poses__rosidl_typesupport_fastrtps_cpp.hpp
[3.314s] -- Up-to-date symlink: /home/zzy/ur_real/install/easy_handeye2_msgs/include/easy_handeye2_msgs/easy_handeye2_msgs/srv/detail/execute_plan__rosidl_typesupport_fastrtps_cpp.hpp
[3.314s] -- Up-to-date symlink: /home/zzy/ur_real/install/easy_handeye2_msgs/include/easy_handeye2_msgs/easy_handeye2_msgs/srv/detail/list_algorithms__rosidl_typesupport_fastrtps_cpp.hpp
[3.314s] -- Up-to-date symlink: /home/zzy/ur_real/install/easy_handeye2_msgs/include/easy_handeye2_msgs/easy_handeye2_msgs/srv/detail/load_samples__rosidl_typesupport_fastrtps_cpp.hpp
[3.314s] -- Up-to-date symlink: /home/zzy/ur_real/install/easy_handeye2_msgs/include/easy_handeye2_msgs/easy_handeye2_msgs/srv/detail/plan_to_selected_target_pose__rosidl_typesupport_fastrtps_cpp.hpp
[3.314s] -- Up-to-date symlink: /home/zzy/ur_real/install/easy_handeye2_msgs/include/easy_handeye2_msgs/easy_handeye2_msgs/srv/detail/remove_sample__rosidl_typesupport_fastrtps_cpp.hpp
[3.314s] -- Up-to-date symlink: /home/zzy/ur_real/install/easy_handeye2_msgs/include/easy_handeye2_msgs/easy_handeye2_msgs/srv/detail/save_calibration__rosidl_typesupport_fastrtps_cpp.hpp
[3.315s] -- Up-to-date symlink: /home/zzy/ur_real/install/easy_handeye2_msgs/include/easy_handeye2_msgs/easy_handeye2_msgs/srv/detail/save_samples__rosidl_typesupport_fastrtps_cpp.hpp
[3.315s] -- Up-to-date symlink: /home/zzy/ur_real/install/easy_handeye2_msgs/include/easy_handeye2_msgs/easy_handeye2_msgs/srv/detail/select_target_pose__rosidl_typesupport_fastrtps_cpp.hpp
[3.315s] -- Up-to-date symlink: /home/zzy/ur_real/install/easy_handeye2_msgs/include/easy_handeye2_msgs/easy_handeye2_msgs/srv/detail/set_algorithm__rosidl_typesupport_fastrtps_cpp.hpp
[3.315s] -- Up-to-date symlink: /home/zzy/ur_real/install/easy_handeye2_msgs/include/easy_handeye2_msgs/easy_handeye2_msgs/srv/detail/take_sample__rosidl_typesupport_fastrtps_cpp.hpp
[3.316s] -- Up-to-date symlink: /home/zzy/ur_real/install/easy_handeye2_msgs/include/easy_handeye2_msgs/easy_handeye2_msgs/msg/detail/handeye_calibration__rosidl_typesupport_introspection_cpp.hpp
[3.316s] -- Up-to-date symlink: /home/zzy/ur_real/install/easy_handeye2_msgs/include/easy_handeye2_msgs/easy_handeye2_msgs/msg/detail/handeye_calibration_parameters__rosidl_typesupport_introspection_cpp.hpp
[3.316s] -- Up-to-date symlink: /home/zzy/ur_real/install/easy_handeye2_msgs/include/easy_handeye2_msgs/easy_handeye2_msgs/msg/detail/sample__rosidl_typesupport_introspection_cpp.hpp
[3.316s] -- Up-to-date symlink: /home/zzy/ur_real/install/easy_handeye2_msgs/include/easy_handeye2_msgs/easy_handeye2_msgs/msg/detail/sample_list__rosidl_typesupport_introspection_cpp.hpp
[3.316s] -- Up-to-date symlink: /home/zzy/ur_real/install/easy_handeye2_msgs/include/easy_handeye2_msgs/easy_handeye2_msgs/msg/detail/target_pose_list__rosidl_typesupport_introspection_cpp.hpp
[3.316s] -- Up-to-date symlink: /home/zzy/ur_real/install/easy_handeye2_msgs/include/easy_handeye2_msgs/easy_handeye2_msgs/srv/detail/check_starting_pose__rosidl_typesupport_introspection_cpp.hpp
[3.316s] -- Up-to-date symlink: /home/zzy/ur_real/install/easy_handeye2_msgs/include/easy_handeye2_msgs/easy_handeye2_msgs/srv/detail/compute_calibration__rosidl_typesupport_introspection_cpp.hpp
[3.317s] -- Up-to-date symlink: /home/zzy/ur_real/install/easy_handeye2_msgs/include/easy_handeye2_msgs/easy_handeye2_msgs/srv/detail/enumerate_target_poses__rosidl_typesupport_introspection_cpp.hpp
[3.317s] -- Up-to-date symlink: /home/zzy/ur_real/install/easy_handeye2_msgs/include/easy_handeye2_msgs/easy_handeye2_msgs/srv/detail/execute_plan__rosidl_typesupport_introspection_cpp.hpp
[3.317s] -- Up-to-date symlink: /home/zzy/ur_real/install/easy_handeye2_msgs/include/easy_handeye2_msgs/easy_handeye2_msgs/srv/detail/list_algorithms__rosidl_typesupport_introspection_cpp.hpp
[3.317s] -- Up-to-date symlink: /home/zzy/ur_real/install/easy_handeye2_msgs/include/easy_handeye2_msgs/easy_handeye2_msgs/srv/detail/load_samples__rosidl_typesupport_introspection_cpp.hpp
[3.317s] -- Up-to-date symlink: /home/zzy/ur_real/install/easy_handeye2_msgs/include/easy_handeye2_msgs/easy_handeye2_msgs/srv/detail/plan_to_selected_target_pose__rosidl_typesupport_introspection_cpp.hpp
[3.317s] -- Up-to-date symlink: /home/zzy/ur_real/install/easy_handeye2_msgs/include/easy_handeye2_msgs/easy_handeye2_msgs/srv/detail/remove_sample__rosidl_typesupport_introspection_cpp.hpp
[3.317s] -- Up-to-date symlink: /home/zzy/ur_real/install/easy_handeye2_msgs/include/easy_handeye2_msgs/easy_handeye2_msgs/srv/detail/save_calibration__rosidl_typesupport_introspection_cpp.hpp
[3.317s] -- Up-to-date symlink: /home/zzy/ur_real/install/easy_handeye2_msgs/include/easy_handeye2_msgs/easy_handeye2_msgs/srv/detail/save_samples__rosidl_typesupport_introspection_cpp.hpp
[3.318s] -- Up-to-date symlink: /home/zzy/ur_real/install/easy_handeye2_msgs/include/easy_handeye2_msgs/easy_handeye2_msgs/srv/detail/select_target_pose__rosidl_typesupport_introspection_cpp.hpp
[3.318s] -- Up-to-date symlink: /home/zzy/ur_real/install/easy_handeye2_msgs/include/easy_handeye2_msgs/easy_handeye2_msgs/srv/detail/set_algorithm__rosidl_typesupport_introspection_cpp.hpp
[3.318s] -- Up-to-date symlink: /home/zzy/ur_real/install/easy_handeye2_msgs/include/easy_handeye2_msgs/easy_handeye2_msgs/srv/detail/take_sample__rosidl_typesupport_introspection_cpp.hpp
[3.318s] -- Up-to-date symlink: /home/zzy/ur_real/install/easy_handeye2_msgs/share/easy_handeye2_msgs/environment/pythonpath.sh
[3.318s] -- Up-to-date symlink: /home/zzy/ur_real/install/easy_handeye2_msgs/share/easy_handeye2_msgs/environment/pythonpath.dsv
[3.318s] -- Up-to-date symlink: /home/zzy/ur_real/install/easy_handeye2_msgs/local/lib/python3.10/dist-packages/easy_handeye2_msgs-0.5.0-py3.10.egg-info/PKG-INFO
[3.318s] -- Up-to-date symlink: /home/zzy/ur_real/install/easy_handeye2_msgs/local/lib/python3.10/dist-packages/easy_handeye2_msgs-0.5.0-py3.10.egg-info/SOURCES.txt
[3.318s] -- Up-to-date symlink: /home/zzy/ur_real/install/easy_handeye2_msgs/local/lib/python3.10/dist-packages/easy_handeye2_msgs-0.5.0-py3.10.egg-info/dependency_links.txt
[3.318s] -- Up-to-date symlink: /home/zzy/ur_real/install/easy_handeye2_msgs/local/lib/python3.10/dist-packages/easy_handeye2_msgs-0.5.0-py3.10.egg-info/top_level.txt
[3.319s] -- Up-to-date symlink: /home/zzy/ur_real/install/easy_handeye2_msgs/local/lib/python3.10/dist-packages/easy_handeye2_msgs/__init__.py
[3.319s] -- Up-to-date symlink: /home/zzy/ur_real/install/easy_handeye2_msgs/local/lib/python3.10/dist-packages/easy_handeye2_msgs/_easy_handeye2_msgs_s.ep.rosidl_typesupport_c.c
[3.319s] -- Up-to-date symlink: /home/zzy/ur_real/install/easy_handeye2_msgs/local/lib/python3.10/dist-packages/easy_handeye2_msgs/_easy_handeye2_msgs_s.ep.rosidl_typesupport_fastrtps_c.c
[3.319s] -- Up-to-date symlink: /home/zzy/ur_real/install/easy_handeye2_msgs/local/lib/python3.10/dist-packages/easy_handeye2_msgs/_easy_handeye2_msgs_s.ep.rosidl_typesupport_introspection_c.c
[3.319s] -- Up-to-date symlink: /home/zzy/ur_real/install/easy_handeye2_msgs/local/lib/python3.10/dist-packages/easy_handeye2_msgs/easy_handeye2_msgs_s__rosidl_typesupport_c.cpython-310-x86_64-linux-gnu.so
[3.320s] -- Up-to-date symlink: /home/zzy/ur_real/install/easy_handeye2_msgs/local/lib/python3.10/dist-packages/easy_handeye2_msgs/easy_handeye2_msgs_s__rosidl_typesupport_fastrtps_c.cpython-310-x86_64-linux-gnu.so
[3.320s] -- Up-to-date symlink: /home/zzy/ur_real/install/easy_handeye2_msgs/local/lib/python3.10/dist-packages/easy_handeye2_msgs/easy_handeye2_msgs_s__rosidl_typesupport_introspection_c.cpython-310-x86_64-linux-gnu.so
[3.320s] -- Up-to-date symlink: /home/zzy/ur_real/install/easy_handeye2_msgs/local/lib/python3.10/dist-packages/easy_handeye2_msgs/libeasy_handeye2_msgs__rosidl_generator_py.so
[3.320s] -- Up-to-date symlink: /home/zzy/ur_real/install/easy_handeye2_msgs/local/lib/python3.10/dist-packages/easy_handeye2_msgs/msg/__init__.py
[3.320s] -- Up-to-date symlink: /home/zzy/ur_real/install/easy_handeye2_msgs/local/lib/python3.10/dist-packages/easy_handeye2_msgs/msg/_handeye_calibration.py
[3.320s] -- Up-to-date symlink: /home/zzy/ur_real/install/easy_handeye2_msgs/local/lib/python3.10/dist-packages/easy_handeye2_msgs/msg/_handeye_calibration_parameters.py
[3.320s] -- Up-to-date symlink: /home/zzy/ur_real/install/easy_handeye2_msgs/local/lib/python3.10/dist-packages/easy_handeye2_msgs/msg/_handeye_calibration_parameters_s.c
[3.320s] -- Up-to-date symlink: /home/zzy/ur_real/install/easy_handeye2_msgs/local/lib/python3.10/dist-packages/easy_handeye2_msgs/msg/_handeye_calibration_s.c
[3.320s] -- Up-to-date symlink: /home/zzy/ur_real/install/easy_handeye2_msgs/local/lib/python3.10/dist-packages/easy_handeye2_msgs/msg/_sample.py
[3.320s] -- Up-to-date symlink: /home/zzy/ur_real/install/easy_handeye2_msgs/local/lib/python3.10/dist-packages/easy_handeye2_msgs/msg/_sample_list.py
[3.320s] -- Up-to-date symlink: /home/zzy/ur_real/install/easy_handeye2_msgs/local/lib/python3.10/dist-packages/easy_handeye2_msgs/msg/_sample_list_s.c
[3.320s] -- Up-to-date symlink: /home/zzy/ur_real/install/easy_handeye2_msgs/local/lib/python3.10/dist-packages/easy_handeye2_msgs/msg/_sample_s.c
[3.320s] -- Up-to-date symlink: /home/zzy/ur_real/install/easy_handeye2_msgs/local/lib/python3.10/dist-packages/easy_handeye2_msgs/msg/_target_pose_list.py
[3.321s] -- Up-to-date symlink: /home/zzy/ur_real/install/easy_handeye2_msgs/local/lib/python3.10/dist-packages/easy_handeye2_msgs/msg/_target_pose_list_s.c
[3.321s] -- Up-to-date symlink: /home/zzy/ur_real/install/easy_handeye2_msgs/local/lib/python3.10/dist-packages/easy_handeye2_msgs/srv/__init__.py
[3.321s] -- Up-to-date symlink: /home/zzy/ur_real/install/easy_handeye2_msgs/local/lib/python3.10/dist-packages/easy_handeye2_msgs/srv/_check_starting_pose.py
[3.321s] -- Up-to-date symlink: /home/zzy/ur_real/install/easy_handeye2_msgs/local/lib/python3.10/dist-packages/easy_handeye2_msgs/srv/_check_starting_pose_s.c
[3.321s] -- Up-to-date symlink: /home/zzy/ur_real/install/easy_handeye2_msgs/local/lib/python3.10/dist-packages/easy_handeye2_msgs/srv/_compute_calibration.py
[3.321s] -- Up-to-date symlink: /home/zzy/ur_real/install/easy_handeye2_msgs/local/lib/python3.10/dist-packages/easy_handeye2_msgs/srv/_compute_calibration_s.c
[3.321s] -- Up-to-date symlink: /home/zzy/ur_real/install/easy_handeye2_msgs/local/lib/python3.10/dist-packages/easy_handeye2_msgs/srv/_enumerate_target_poses.py
[3.321s] -- Up-to-date symlink: /home/zzy/ur_real/install/easy_handeye2_msgs/local/lib/python3.10/dist-packages/easy_handeye2_msgs/srv/_enumerate_target_poses_s.c
[3.321s] -- Up-to-date symlink: /home/zzy/ur_real/install/easy_handeye2_msgs/local/lib/python3.10/dist-packages/easy_handeye2_msgs/srv/_execute_plan.py
[3.321s] -- Up-to-date symlink: /home/zzy/ur_real/install/easy_handeye2_msgs/local/lib/python3.10/dist-packages/easy_handeye2_msgs/srv/_execute_plan_s.c
[3.321s] -- Up-to-date symlink: /home/zzy/ur_real/install/easy_handeye2_msgs/local/lib/python3.10/dist-packages/easy_handeye2_msgs/srv/_list_algorithms.py
[3.322s] -- Up-to-date symlink: /home/zzy/ur_real/install/easy_handeye2_msgs/local/lib/python3.10/dist-packages/easy_handeye2_msgs/srv/_list_algorithms_s.c
[3.322s] -- Up-to-date symlink: /home/zzy/ur_real/install/easy_handeye2_msgs/local/lib/python3.10/dist-packages/easy_handeye2_msgs/srv/_load_samples.py
[3.322s] -- Up-to-date symlink: /home/zzy/ur_real/install/easy_handeye2_msgs/local/lib/python3.10/dist-packages/easy_handeye2_msgs/srv/_load_samples_s.c
[3.322s] -- Up-to-date symlink: /home/zzy/ur_real/install/easy_handeye2_msgs/local/lib/python3.10/dist-packages/easy_handeye2_msgs/srv/_plan_to_selected_target_pose.py
[3.322s] -- Up-to-date symlink: /home/zzy/ur_real/install/easy_handeye2_msgs/local/lib/python3.10/dist-packages/easy_handeye2_msgs/srv/_plan_to_selected_target_pose_s.c
[3.322s] -- Up-to-date symlink: /home/zzy/ur_real/install/easy_handeye2_msgs/local/lib/python3.10/dist-packages/easy_handeye2_msgs/srv/_remove_sample.py
[3.322s] -- Up-to-date symlink: /home/zzy/ur_real/install/easy_handeye2_msgs/local/lib/python3.10/dist-packages/easy_handeye2_msgs/srv/_remove_sample_s.c
[3.322s] -- Up-to-date symlink: /home/zzy/ur_real/install/easy_handeye2_msgs/local/lib/python3.10/dist-packages/easy_handeye2_msgs/srv/_save_calibration.py
[3.322s] -- Up-to-date symlink: /home/zzy/ur_real/install/easy_handeye2_msgs/local/lib/python3.10/dist-packages/easy_handeye2_msgs/srv/_save_calibration_s.c
[3.322s] -- Up-to-date symlink: /home/zzy/ur_real/install/easy_handeye2_msgs/local/lib/python3.10/dist-packages/easy_handeye2_msgs/srv/_save_samples.py
[3.322s] -- Up-to-date symlink: /home/zzy/ur_real/install/easy_handeye2_msgs/local/lib/python3.10/dist-packages/easy_handeye2_msgs/srv/_save_samples_s.c
[3.323s] -- Up-to-date symlink: /home/zzy/ur_real/install/easy_handeye2_msgs/local/lib/python3.10/dist-packages/easy_handeye2_msgs/srv/_select_target_pose.py
[3.323s] -- Up-to-date symlink: /home/zzy/ur_real/install/easy_handeye2_msgs/local/lib/python3.10/dist-packages/easy_handeye2_msgs/srv/_select_target_pose_s.c
[3.323s] -- Up-to-date symlink: /home/zzy/ur_real/install/easy_handeye2_msgs/local/lib/python3.10/dist-packages/easy_handeye2_msgs/srv/_set_algorithm.py
[3.323s] -- Up-to-date symlink: /home/zzy/ur_real/install/easy_handeye2_msgs/local/lib/python3.10/dist-packages/easy_handeye2_msgs/srv/_set_algorithm_s.c
[3.323s] -- Up-to-date symlink: /home/zzy/ur_real/install/easy_handeye2_msgs/local/lib/python3.10/dist-packages/easy_handeye2_msgs/srv/_take_sample.py
[3.323s] -- Up-to-date symlink: /home/zzy/ur_real/install/easy_handeye2_msgs/local/lib/python3.10/dist-packages/easy_handeye2_msgs/srv/_take_sample_s.c
[3.323s] -- Up-to-date symlink: /home/zzy/ur_real/install/easy_handeye2_msgs/local/lib/python3.10/dist-packages/easy_handeye2_msgs/easy_handeye2_msgs_s__rosidl_typesupport_fastrtps_c.cpython-310-x86_64-linux-gnu.so
[3.323s] -- Up-to-date symlink: /home/zzy/ur_real/install/easy_handeye2_msgs/local/lib/python3.10/dist-packages/easy_handeye2_msgs/easy_handeye2_msgs_s__rosidl_typesupport_introspection_c.cpython-310-x86_64-linux-gnu.so
[3.324s] -- Up-to-date symlink: /home/zzy/ur_real/install/easy_handeye2_msgs/local/lib/python3.10/dist-packages/easy_handeye2_msgs/easy_handeye2_msgs_s__rosidl_typesupport_c.cpython-310-x86_64-linux-gnu.so
[3.324s] -- Up-to-date symlink: /home/zzy/ur_real/install/easy_handeye2_msgs/share/easy_handeye2_msgs/msg/HandeyeCalibration.idl
[3.324s] -- Up-to-date symlink: /home/zzy/ur_real/install/easy_handeye2_msgs/share/easy_handeye2_msgs/msg/HandeyeCalibrationParameters.idl
[3.324s] -- Up-to-date symlink: /home/zzy/ur_real/install/easy_handeye2_msgs/share/easy_handeye2_msgs/msg/Sample.idl
[3.324s] -- Up-to-date symlink: /home/zzy/ur_real/install/easy_handeye2_msgs/share/easy_handeye2_msgs/msg/SampleList.idl
[3.324s] -- Up-to-date symlink: /home/zzy/ur_real/install/easy_handeye2_msgs/share/easy_handeye2_msgs/msg/TargetPoseList.idl
[3.324s] -- Up-to-date symlink: /home/zzy/ur_real/install/easy_handeye2_msgs/share/easy_handeye2_msgs/srv/ListAlgorithms.idl
[3.324s] -- Up-to-date symlink: /home/zzy/ur_real/install/easy_handeye2_msgs/share/easy_handeye2_msgs/srv/SetAlgorithm.idl
[3.325s] -- Up-to-date symlink: /home/zzy/ur_real/install/easy_handeye2_msgs/share/easy_handeye2_msgs/srv/ComputeCalibration.idl
[3.325s] -- Up-to-date symlink: /home/zzy/ur_real/install/easy_handeye2_msgs/share/easy_handeye2_msgs/srv/SaveCalibration.idl
[3.325s] -- Up-to-date symlink: /home/zzy/ur_real/install/easy_handeye2_msgs/share/easy_handeye2_msgs/srv/RemoveSample.idl
[3.325s] -- Up-to-date symlink: /home/zzy/ur_real/install/easy_handeye2_msgs/share/easy_handeye2_msgs/srv/TakeSample.idl
[3.325s] -- Up-to-date symlink: /home/zzy/ur_real/install/easy_handeye2_msgs/share/easy_handeye2_msgs/srv/SaveSamples.idl
[3.325s] -- Up-to-date symlink: /home/zzy/ur_real/install/easy_handeye2_msgs/share/easy_handeye2_msgs/srv/LoadSamples.idl
[3.325s] -- Up-to-date symlink: /home/zzy/ur_real/install/easy_handeye2_msgs/share/easy_handeye2_msgs/srv/CheckStartingPose.idl
[3.325s] -- Up-to-date symlink: /home/zzy/ur_real/install/easy_handeye2_msgs/share/easy_handeye2_msgs/srv/EnumerateTargetPoses.idl
[3.325s] -- Up-to-date symlink: /home/zzy/ur_real/install/easy_handeye2_msgs/share/easy_handeye2_msgs/srv/SelectTargetPose.idl
[3.326s] -- Up-to-date symlink: /home/zzy/ur_real/install/easy_handeye2_msgs/share/easy_handeye2_msgs/srv/PlanToSelectedTargetPose.idl
[3.326s] -- Up-to-date symlink: /home/zzy/ur_real/install/easy_handeye2_msgs/share/easy_handeye2_msgs/srv/ExecutePlan.idl
[3.326s] -- Up-to-date symlink: /home/zzy/ur_real/install/easy_handeye2_msgs/share/easy_handeye2_msgs/msg/HandeyeCalibration.msg
[3.326s] -- Up-to-date symlink: /home/zzy/ur_real/install/easy_handeye2_msgs/share/easy_handeye2_msgs/msg/HandeyeCalibrationParameters.msg
[3.326s] -- Up-to-date symlink: /home/zzy/ur_real/install/easy_handeye2_msgs/share/easy_handeye2_msgs/msg/Sample.msg
[3.326s] -- Up-to-date symlink: /home/zzy/ur_real/install/easy_handeye2_msgs/share/easy_handeye2_msgs/msg/SampleList.msg
[3.326s] -- Up-to-date symlink: /home/zzy/ur_real/install/easy_handeye2_msgs/share/easy_handeye2_msgs/msg/TargetPoseList.msg
[3.326s] -- Up-to-date symlink: /home/zzy/ur_real/install/easy_handeye2_msgs/share/easy_handeye2_msgs/calibration/ListAlgorithms.srv
[3.326s] -- Up-to-date symlink: /home/zzy/ur_real/install/easy_handeye2_msgs/share/easy_handeye2_msgs/calibration/ListAlgorithms_Request.msg
[3.327s] -- Up-to-date symlink: /home/zzy/ur_real/install/easy_handeye2_msgs/share/easy_handeye2_msgs/calibration/ListAlgorithms_Response.msg
[3.327s] -- Up-to-date symlink: /home/zzy/ur_real/install/easy_handeye2_msgs/share/easy_handeye2_msgs/calibration/SetAlgorithm.srv
[3.327s] -- Up-to-date symlink: /home/zzy/ur_real/install/easy_handeye2_msgs/share/easy_handeye2_msgs/calibration/SetAlgorithm_Request.msg
[3.327s] -- Up-to-date symlink: /home/zzy/ur_real/install/easy_handeye2_msgs/share/easy_handeye2_msgs/calibration/SetAlgorithm_Response.msg
[3.327s] -- Up-to-date symlink: /home/zzy/ur_real/install/easy_handeye2_msgs/share/easy_handeye2_msgs/calibration/ComputeCalibration.srv
[3.327s] -- Up-to-date symlink: /home/zzy/ur_real/install/easy_handeye2_msgs/share/easy_handeye2_msgs/calibration/ComputeCalibration_Request.msg
[3.327s] -- Up-to-date symlink: /home/zzy/ur_real/install/easy_handeye2_msgs/share/easy_handeye2_msgs/calibration/ComputeCalibration_Response.msg
[3.328s] -- Up-to-date symlink: /home/zzy/ur_real/install/easy_handeye2_msgs/share/easy_handeye2_msgs/calibration/SaveCalibration.srv
[3.328s] -- Up-to-date symlink: /home/zzy/ur_real/install/easy_handeye2_msgs/share/easy_handeye2_msgs/calibration/SaveCalibration_Request.msg
[3.328s] -- Up-to-date symlink: /home/zzy/ur_real/install/easy_handeye2_msgs/share/easy_handeye2_msgs/calibration/SaveCalibration_Response.msg
[3.328s] -- Up-to-date symlink: /home/zzy/ur_real/install/easy_handeye2_msgs/share/easy_handeye2_msgs/calibration/RemoveSample.srv
[3.328s] -- Up-to-date symlink: /home/zzy/ur_real/install/easy_handeye2_msgs/share/easy_handeye2_msgs/calibration/RemoveSample_Request.msg
[3.328s] -- Up-to-date symlink: /home/zzy/ur_real/install/easy_handeye2_msgs/share/easy_handeye2_msgs/calibration/RemoveSample_Response.msg
[3.328s] -- Up-to-date symlink: /home/zzy/ur_real/install/easy_handeye2_msgs/share/easy_handeye2_msgs/calibration/TakeSample.srv
[3.328s] -- Up-to-date symlink: /home/zzy/ur_real/install/easy_handeye2_msgs/share/easy_handeye2_msgs/calibration/TakeSample_Request.msg
[3.328s] -- Up-to-date symlink: /home/zzy/ur_real/install/easy_handeye2_msgs/share/easy_handeye2_msgs/calibration/TakeSample_Response.msg
[3.329s] -- Up-to-date symlink: /home/zzy/ur_real/install/easy_handeye2_msgs/share/easy_handeye2_msgs/calibration/SaveSamples.srv
[3.329s] -- Up-to-date symlink: /home/zzy/ur_real/install/easy_handeye2_msgs/share/easy_handeye2_msgs/calibration/SaveSamples_Request.msg
[3.329s] -- Up-to-date symlink: /home/zzy/ur_real/install/easy_handeye2_msgs/share/easy_handeye2_msgs/calibration/SaveSamples_Response.msg
[3.329s] -- Up-to-date symlink: /home/zzy/ur_real/install/easy_handeye2_msgs/share/easy_handeye2_msgs/calibration/LoadSamples.srv
[3.329s] -- Up-to-date symlink: /home/zzy/ur_real/install/easy_handeye2_msgs/share/easy_handeye2_msgs/calibration/LoadSamples_Request.msg
[3.329s] -- Up-to-date symlink: /home/zzy/ur_real/install/easy_handeye2_msgs/share/easy_handeye2_msgs/calibration/LoadSamples_Response.msg
[3.329s] -- Up-to-date symlink: /home/zzy/ur_real/install/easy_handeye2_msgs/share/easy_handeye2_msgs/robot_movements/CheckStartingPose.srv
[3.329s] -- Up-to-date symlink: /home/zzy/ur_real/install/easy_handeye2_msgs/share/easy_handeye2_msgs/robot_movements/CheckStartingPose_Request.msg
[3.329s] -- Up-to-date symlink: /home/zzy/ur_real/install/easy_handeye2_msgs/share/easy_handeye2_msgs/robot_movements/CheckStartingPose_Response.msg
[3.330s] -- Up-to-date symlink: /home/zzy/ur_real/install/easy_handeye2_msgs/share/easy_handeye2_msgs/robot_movements/EnumerateTargetPoses.srv
[3.330s] -- Up-to-date symlink: /home/zzy/ur_real/install/easy_handeye2_msgs/share/easy_handeye2_msgs/robot_movements/EnumerateTargetPoses_Request.msg
[3.330s] -- Up-to-date symlink: /home/zzy/ur_real/install/easy_handeye2_msgs/share/easy_handeye2_msgs/robot_movements/EnumerateTargetPoses_Response.msg
[3.330s] -- Up-to-date symlink: /home/zzy/ur_real/install/easy_handeye2_msgs/share/easy_handeye2_msgs/robot_movements/SelectTargetPose.srv
[3.330s] -- Up-to-date symlink: /home/zzy/ur_real/install/easy_handeye2_msgs/share/easy_handeye2_msgs/robot_movements/SelectTargetPose_Request.msg
[3.330s] -- Up-to-date symlink: /home/zzy/ur_real/install/easy_handeye2_msgs/share/easy_handeye2_msgs/robot_movements/SelectTargetPose_Response.msg
[3.330s] -- Up-to-date symlink: /home/zzy/ur_real/install/easy_handeye2_msgs/share/easy_handeye2_msgs/robot_movements/PlanToSelectedTargetPose.srv
[3.330s] -- Up-to-date symlink: /home/zzy/ur_real/install/easy_handeye2_msgs/share/easy_handeye2_msgs/robot_movements/PlanToSelectedTargetPose_Request.msg
[3.330s] -- Up-to-date symlink: /home/zzy/ur_real/install/easy_handeye2_msgs/share/easy_handeye2_msgs/robot_movements/PlanToSelectedTargetPose_Response.msg
[3.331s] -- Up-to-date symlink: /home/zzy/ur_real/install/easy_handeye2_msgs/share/easy_handeye2_msgs/robot_movements/ExecutePlan.srv
[3.331s] -- Up-to-date symlink: /home/zzy/ur_real/install/easy_handeye2_msgs/share/easy_handeye2_msgs/robot_movements/ExecutePlan_Request.msg
[3.331s] -- Up-to-date symlink: /home/zzy/ur_real/install/easy_handeye2_msgs/share/easy_handeye2_msgs/robot_movements/ExecutePlan_Response.msg
[3.331s] -- Up-to-date symlink: /home/zzy/ur_real/install/easy_handeye2_msgs/share/ament_index/resource_index/package_run_dependencies/easy_handeye2_msgs
[3.331s] -- Up-to-date symlink: /home/zzy/ur_real/install/easy_handeye2_msgs/share/ament_index/resource_index/parent_prefix_path/easy_handeye2_msgs
[3.331s] -- Up-to-date symlink: /home/zzy/ur_real/install/easy_handeye2_msgs/share/easy_handeye2_msgs/environment/ament_prefix_path.sh
[3.331s] -- Up-to-date symlink: /home/zzy/ur_real/install/easy_handeye2_msgs/share/easy_handeye2_msgs/environment/ament_prefix_path.dsv
[3.331s] -- Up-to-date symlink: /home/zzy/ur_real/install/easy_handeye2_msgs/share/easy_handeye2_msgs/environment/path.sh
[3.331s] -- Up-to-date symlink: /home/zzy/ur_real/install/easy_handeye2_msgs/share/easy_handeye2_msgs/environment/path.dsv
[3.331s] -- Up-to-date symlink: /home/zzy/ur_real/install/easy_handeye2_msgs/share/easy_handeye2_msgs/local_setup.bash
[3.332s] -- Up-to-date symlink: /home/zzy/ur_real/install/easy_handeye2_msgs/share/easy_handeye2_msgs/local_setup.sh
[3.332s] -- Up-to-date symlink: /home/zzy/ur_real/install/easy_handeye2_msgs/share/easy_handeye2_msgs/local_setup.zsh
[3.332s] -- Up-to-date symlink: /home/zzy/ur_real/install/easy_handeye2_msgs/share/easy_handeye2_msgs/local_setup.dsv
[3.332s] -- Symlinking: /home/zzy/ur_real/install/easy_handeye2_msgs/share/easy_handeye2_msgs/package.dsv
[3.338s] -- Up-to-date symlink: /home/zzy/ur_real/install/easy_handeye2_msgs/share/ament_index/resource_index/packages/easy_handeye2_msgs
[3.338s] -- Up-to-date symlink: /home/zzy/ur_real/install/easy_handeye2_msgs/share/easy_handeye2_msgs/cmake/rosidl_cmake-extras.cmake
[3.338s] -- Up-to-date symlink: /home/zzy/ur_real/install/easy_handeye2_msgs/share/easy_handeye2_msgs/cmake/ament_cmake_export_dependencies-extras.cmake
[3.338s] -- Up-to-date symlink: /home/zzy/ur_real/install/easy_handeye2_msgs/share/easy_handeye2_msgs/cmake/ament_cmake_export_include_directories-extras.cmake
[3.338s] -- Up-to-date symlink: /home/zzy/ur_real/install/easy_handeye2_msgs/share/easy_handeye2_msgs/cmake/ament_cmake_export_libraries-extras.cmake
[3.338s] -- Up-to-date symlink: /home/zzy/ur_real/install/easy_handeye2_msgs/share/easy_handeye2_msgs/cmake/ament_cmake_export_targets-extras.cmake
[3.338s] -- Up-to-date symlink: /home/zzy/ur_real/install/easy_handeye2_msgs/share/easy_handeye2_msgs/cmake/rosidl_cmake_export_typesupport_targets-extras.cmake
[3.339s] -- Up-to-date symlink: /home/zzy/ur_real/install/easy_handeye2_msgs/share/easy_handeye2_msgs/cmake/rosidl_cmake_export_typesupport_libraries-extras.cmake
[3.339s] -- Up-to-date symlink: /home/zzy/ur_real/install/easy_handeye2_msgs/share/easy_handeye2_msgs/cmake/easy_handeye2_msgsConfig.cmake
[3.339s] -- Up-to-date symlink: /home/zzy/ur_real/install/easy_handeye2_msgs/share/easy_handeye2_msgs/cmake/easy_handeye2_msgsConfig-version.cmake
[3.339s] -- Up-to-date symlink: /home/zzy/ur_real/install/easy_handeye2_msgs/share/easy_handeye2_msgs/package.xml
[3.339s] -- Installing: /home/zzy/ur_real/install/easy_handeye2_msgs/lib/libeasy_handeye2_msgs__rosidl_generator_c.so
[3.340s] -- Set runtime path of "/home/zzy/ur_real/install/easy_handeye2_msgs/lib/libeasy_handeye2_msgs__rosidl_generator_c.so" to ""
[3.340s] -- Installing: /home/zzy/ur_real/install/easy_handeye2_msgs/lib/libeasy_handeye2_msgs__rosidl_typesupport_fastrtps_c.so
[3.340s] -- Set runtime path of "/home/zzy/ur_real/install/easy_handeye2_msgs/lib/libeasy_handeye2_msgs__rosidl_typesupport_fastrtps_c.so" to ""
[3.341s] -- Installing: /home/zzy/ur_real/install/easy_handeye2_msgs/lib/libeasy_handeye2_msgs__rosidl_typesupport_introspection_c.so
[3.341s] -- Set runtime path of "/home/zzy/ur_real/install/easy_handeye2_msgs/lib/libeasy_handeye2_msgs__rosidl_typesupport_introspection_c.so" to ""
[3.341s] -- Installing: /home/zzy/ur_real/install/easy_handeye2_msgs/lib/libeasy_handeye2_msgs__rosidl_typesupport_c.so
[3.342s] -- Set runtime path of "/home/zzy/ur_real/install/easy_handeye2_msgs/lib/libeasy_handeye2_msgs__rosidl_typesupport_c.so" to ""
[3.342s] -- Installing: /home/zzy/ur_real/install/easy_handeye2_msgs/lib/libeasy_handeye2_msgs__rosidl_typesupport_fastrtps_cpp.so
[3.342s] -- Set runtime path of "/home/zzy/ur_real/install/easy_handeye2_msgs/lib/libeasy_handeye2_msgs__rosidl_typesupport_fastrtps_cpp.so" to ""
[3.343s] -- Installing: /home/zzy/ur_real/install/easy_handeye2_msgs/lib/libeasy_handeye2_msgs__rosidl_typesupport_introspection_cpp.so
[3.343s] -- Set runtime path of "/home/zzy/ur_real/install/easy_handeye2_msgs/lib/libeasy_handeye2_msgs__rosidl_typesupport_introspection_cpp.so" to ""
[3.343s] -- Installing: /home/zzy/ur_real/install/easy_handeye2_msgs/lib/libeasy_handeye2_msgs__rosidl_typesupport_cpp.so
[3.344s] -- Set runtime path of "/home/zzy/ur_real/install/easy_handeye2_msgs/lib/libeasy_handeye2_msgs__rosidl_typesupport_cpp.so" to ""
[3.435s] Listing '/home/zzy/ur_real/install/easy_handeye2_msgs/local/lib/python3.10/dist-packages/easy_handeye2_msgs'...
[3.435s] Listing '/home/zzy/ur_real/install/easy_handeye2_msgs/local/lib/python3.10/dist-packages/easy_handeye2_msgs/msg'...
[3.435s] Listing '/home/zzy/ur_real/install/easy_handeye2_msgs/local/lib/python3.10/dist-packages/easy_handeye2_msgs/srv'...
[3.439s] -- Installing: /home/zzy/ur_real/install/easy_handeye2_msgs/lib/libeasy_handeye2_msgs__rosidl_generator_py.so
[3.439s] -- Set runtime path of "/home/zzy/ur_real/install/easy_handeye2_msgs/lib/libeasy_handeye2_msgs__rosidl_generator_py.so" to ""
[3.439s] -- Up-to-date: /home/zzy/ur_real/install/easy_handeye2_msgs/share/easy_handeye2_msgs/cmake/export_easy_handeye2_msgs__rosidl_generator_cExport.cmake
[3.439s] -- Up-to-date: /home/zzy/ur_real/install/easy_handeye2_msgs/share/easy_handeye2_msgs/cmake/export_easy_handeye2_msgs__rosidl_generator_cExport-noconfig.cmake
[3.439s] -- Up-to-date: /home/zzy/ur_real/install/easy_handeye2_msgs/share/easy_handeye2_msgs/cmake/export_easy_handeye2_msgs__rosidl_typesupport_fastrtps_cExport.cmake
[3.439s] -- Up-to-date: /home/zzy/ur_real/install/easy_handeye2_msgs/share/easy_handeye2_msgs/cmake/export_easy_handeye2_msgs__rosidl_typesupport_fastrtps_cExport-noconfig.cmake
[3.439s] -- Up-to-date: /home/zzy/ur_real/install/easy_handeye2_msgs/share/easy_handeye2_msgs/cmake/easy_handeye2_msgs__rosidl_typesupport_introspection_cExport.cmake
[3.439s] -- Up-to-date: /home/zzy/ur_real/install/easy_handeye2_msgs/share/easy_handeye2_msgs/cmake/easy_handeye2_msgs__rosidl_typesupport_introspection_cExport-noconfig.cmake
[3.440s] -- Up-to-date: /home/zzy/ur_real/install/easy_handeye2_msgs/share/easy_handeye2_msgs/cmake/easy_handeye2_msgs__rosidl_typesupport_cExport.cmake
[3.440s] -- Up-to-date: /home/zzy/ur_real/install/easy_handeye2_msgs/share/easy_handeye2_msgs/cmake/easy_handeye2_msgs__rosidl_typesupport_cExport-noconfig.cmake
[3.440s] -- Up-to-date: /home/zzy/ur_real/install/easy_handeye2_msgs/share/easy_handeye2_msgs/cmake/export_easy_handeye2_msgs__rosidl_generator_cppExport.cmake
[3.440s] -- Up-to-date: /home/zzy/ur_real/install/easy_handeye2_msgs/share/easy_handeye2_msgs/cmake/export_easy_handeye2_msgs__rosidl_typesupport_fastrtps_cppExport.cmake
[3.440s] -- Up-to-date: /home/zzy/ur_real/install/easy_handeye2_msgs/share/easy_handeye2_msgs/cmake/export_easy_handeye2_msgs__rosidl_typesupport_fastrtps_cppExport-noconfig.cmake
[3.440s] -- Up-to-date: /home/zzy/ur_real/install/easy_handeye2_msgs/share/easy_handeye2_msgs/cmake/easy_handeye2_msgs__rosidl_typesupport_introspection_cppExport.cmake
[3.440s] -- Up-to-date: /home/zzy/ur_real/install/easy_handeye2_msgs/share/easy_handeye2_msgs/cmake/easy_handeye2_msgs__rosidl_typesupport_introspection_cppExport-noconfig.cmake
[3.440s] -- Up-to-date: /home/zzy/ur_real/install/easy_handeye2_msgs/share/easy_handeye2_msgs/cmake/easy_handeye2_msgs__rosidl_typesupport_cppExport.cmake
[3.441s] -- Up-to-date: /home/zzy/ur_real/install/easy_handeye2_msgs/share/easy_handeye2_msgs/cmake/easy_handeye2_msgs__rosidl_typesupport_cppExport-noconfig.cmake
[3.441s] -- Up-to-date: /home/zzy/ur_real/install/easy_handeye2_msgs/share/easy_handeye2_msgs/cmake/export_easy_handeye2_msgs__rosidl_generator_pyExport.cmake
[3.441s] -- Up-to-date: /home/zzy/ur_real/install/easy_handeye2_msgs/share/easy_handeye2_msgs/cmake/export_easy_handeye2_msgs__rosidl_generator_pyExport-noconfig.cmake
[3.443s] Invoked command in '/home/zzy/ur_real/build/easy_handeye2_msgs' returned '0': CMAKE_PREFIX_PATH=${CMAKE_PREFIX_PATH}:/home/zzy/ur_real/install/ur10_vel:/home/zzy/ur_real/install/gravity_compensation:/home/zzy/ur_real/install/ferrobotics_acf:/home/zzy/ur_real/install/easy_handeye2:/home/zzy/ur_real/install/camera:/home/zzy/ur_real/install/ati_sensor:/opt/ros/humble /usr/bin/cmake --install /home/zzy/ur_real/build/easy_handeye2_msgs
